*** WARNING (version #cc593f3): /home/sek519/warm_starting/pdc/../vpc/src/utility/nbspace.cpp:368: Ray 2593: Calculated dot product with obj differs from solver's. Obj viol from solver: 7.54255416. Calculated: 7.54255428.
*** WARNING (version #cc593f3): /home/sek519/warm_starting/pdc/../vpc/src/utility/nbspace.cpp:368: Ray 3735: Calculated dot product with obj differs from solver's. Obj viol from solver: 0.00000000. Calculated: 0.00000013.
*** WARNING (version #cc593f3): /home/sek519/warm_starting/pdc/../vpc/src/utility/nbspace.cpp:368: Ray 3984: Calculated dot product with obj differs from solver's. Obj viol from solver: 0.00000000. Calculated: 0.00000013.
*** WARNING (version #cc593f3): /home/sek519/warm_starting/pdc/../vpc/src/utility/nbspace.cpp:368: Ray 3985: Calculated dot product with obj differs from solver's. Obj viol from solver: 0.00000000. Calculated: 0.00000013.
*** WARNING (version #cc593f3): /home/sek519/warm_starting/pdc/../vpc/src/utility/nbspace.cpp:368: Ray 4398: Calculated dot product with obj differs from solver's. Obj viol from solver: -0.00000000. Calculated: 0.00000013.
*** WARNING (version #cc593f3): /home/sek519/warm_starting/pdc/../vpc/src/utility/nbspace.cpp:368: Ray 4446: Calculated dot product with obj differs from solver's. Obj viol from solver: -0.00000000. Calculated: 0.00000013.
*** WARNING (version #cc593f3): /home/sek519/warm_starting/pdc/../vpc/src/utility/nbspace.cpp:368: Ray 1286: Calculated dot product with obj differs from solver's. Obj viol from solver: 0.00000000. Calculated: 0.00000023.
*** WARNING (version #cc593f3): /home/sek519/warm_starting/pdc/../vpc/src/utility/nbspace.cpp:368: Ray 2133: Calculated dot product with obj differs from solver's. Obj viol from solver: 0.00000000. Calculated: 0.00000017.
*** WARNING (version #cc593f3): /home/sek519/warm_starting/pdc/../vpc/src/utility/nbspace.cpp:368: Ray 2726: Calculated dot product with obj differs from solver's. Obj viol from solver: 0.00000000. Calculated: 0.00000019.
*** WARNING (version #cc593f3): /home/sek519/warm_starting/pdc/../vpc/src/utility/nbspace.cpp:368: Ray 3068: Calculated dot product with obj differs from solver's. Obj viol from solver: 0.00000000. Calculated: 0.00000019.
*** WARNING (version #cc593f3): /home/sek519/warm_starting/pdc/../vpc/src/utility/nbspace.cpp:368: Ray 3724: Calculated dot product with obj differs from solver's. Obj viol from solver: 0.00000000. Calculated: 0.00000017.
*** WARNING (version #cc593f3): /home/sek519/warm_starting/pdc/../vpc/src/utility/nbspace.cpp:368: Ray 3725: Calculated dot product with obj differs from solver's. Obj viol from solver: 0.00000000. Calculated: 0.00000016.
*** WARNING (version #cc593f3): /home/sek519/warm_starting/pdc/../vpc/src/utility/nbspace.cpp:368: Ray 3983: Calculated dot product with obj differs from solver's. Obj viol from solver: 0.00000000. Calculated: 0.00000020.
*** WARNING (version #cc593f3): /home/sek519/warm_starting/pdc/../vpc/src/utility/nbspace.cpp:368: Ray 3984: Calculated dot product with obj differs from solver's. Obj viol from solver: 0.00000000. Calculated: 0.00000019.
*** WARNING (version #cc593f3): /home/sek519/warm_starting/pdc/../vpc/src/utility/nbspace.cpp:368: Ray 3986: Calculated dot product with obj differs from solver's. Obj viol from solver: 0.00000000. Calculated: 0.00000019.
*** WARNING (version #cc593f3): /home/sek519/warm_starting/pdc/../vpc/src/utility/nbspace.cpp:368: Ray 4046: Calculated dot product with obj differs from solver's. Obj viol from solver: 0.00000000. Calculated: 0.00000015.
*** WARNING (version #cc593f3): /home/sek519/warm_starting/pdc/../vpc/src/utility/nbspace.cpp:368: Ray 4392: Calculated dot product with obj differs from solver's. Obj viol from solver: -0.00000000. Calculated: 0.00000018.
*** WARNING (version #cc593f3): /home/sek519/warm_starting/pdc/../vpc/src/utility/nbspace.cpp:368: Ray 4399: Calculated dot product with obj differs from solver's. Obj viol from solver: -0.00000000. Calculated: 0.00000025.
*** WARNING (version #cc593f3): /home/sek519/warm_starting/pdc/../vpc/src/utility/nbspace.cpp:368: Ray 4431: Calculated dot product with obj differs from solver's. Obj viol from solver: -0.00000000. Calculated: 0.00000025.
*** WARNING (version #cc593f3): /home/sek519/warm_starting/pdc/../vpc/src/utility/nbspace.cpp:368: Ray 4432: Calculated dot product with obj differs from solver's. Obj viol from solver: -0.00000000. Calculated: 0.00000025.
*** WARNING (version #cc593f3): /home/sek519/warm_starting/pdc/../vpc/src/utility/nbspace.cpp:368: Ray 4436: Calculated dot product with obj differs from solver's. Obj viol from solver: -0.00000000. Calculated: 0.00000020.
*** WARNING (version #cc593f3): /home/sek519/warm_starting/pdc/../vpc/src/utility/nbspace.cpp:368: Ray 4440: Calculated dot product with obj differs from solver's. Obj viol from solver: -0.00000000. Calculated: 0.00000018.
*** WARNING (version #cc593f3): /home/sek519/warm_starting/pdc/../vpc/src/utility/nbspace.cpp:368: Ray 4442: Calculated dot product with obj differs from solver's. Obj viol from solver: -0.00000000. Calculated: 0.00000023.
*** WARNING (version #cc593f3): /home/sek519/warm_starting/pdc/../vpc/src/utility/nbspace.cpp:368: Ray 4470: Calculated dot product with obj differs from solver's. Obj viol from solver: -0.00000000. Calculated: 0.00000019.
*** WARNING (version #cc593f3): /home/sek519/warm_starting/pdc/../vpc/src/utility/nbspace.cpp:368: Ray 2156: Calculated dot product with obj differs from solver's. Obj viol from solver: 0.00000000. Calculated: 0.00000013.
*** WARNING (version #cc593f3): /home/sek519/warm_starting/pdc/../vpc/src/utility/nbspace.cpp:368: Ray 2208: Calculated dot product with obj differs from solver's. Obj viol from solver: 0.00000000. Calculated: 0.00000013.
*** WARNING (version #cc593f3): /home/sek519/warm_starting/pdc/../vpc/src/utility/nbspace.cpp:368: Ray 138: Calculated dot product with obj differs from solver's. Obj viol from solver: 0.00000000. Calculated: 0.00000016.
*** WARNING (version #cc593f3): /home/sek519/warm_starting/pdc/../vpc/src/utility/nbspace.cpp:368: Ray 139: Calculated dot product with obj differs from solver's. Obj viol from solver: 0.00000000. Calculated: 0.00000016.
*** WARNING (version #cc593f3): /home/sek519/warm_starting/pdc/../vpc/src/utility/nbspace.cpp:368: Ray 141: Calculated dot product with obj differs from solver's. Obj viol from solver: 0.00000000. Calculated: 0.00000016.
*** WARNING (version #cc593f3): /home/sek519/warm_starting/pdc/../vpc/src/utility/nbspace.cpp:368: Ray 164: Calculated dot product with obj differs from solver's. Obj viol from solver: 0.00000000. Calculated: 0.00000015.
*** WARNING (version #cc593f3): /home/sek519/warm_starting/pdc/../vpc/src/utility/nbspace.cpp:368: Ray 166: Calculated dot product with obj differs from solver's. Obj viol from solver: 0.00000000. Calculated: 0.00000016.
*** WARNING (version #cc593f3): /home/sek519/warm_starting/pdc/../vpc/src/utility/nbspace.cpp:368: Ray 167: Calculated dot product with obj differs from solver's. Obj viol from solver: 0.00000000. Calculated: 0.00000016.
*** WARNING (version #cc593f3): /home/sek519/warm_starting/pdc/../vpc/src/utility/nbspace.cpp:368: Ray 169: Calculated dot product with obj differs from solver's. Obj viol from solver: 0.00000000. Calculated: 0.00000016.
*** WARNING (version #cc593f3): /home/sek519/warm_starting/pdc/../vpc/src/utility/nbspace.cpp:368: Ray 170: Calculated dot product with obj differs from solver's. Obj viol from solver: 0.00000000. Calculated: 0.00000016.
*** WARNING (version #cc593f3): /home/sek519/warm_starting/pdc/../vpc/src/utility/nbspace.cpp:368: Ray 172: Calculated dot product with obj differs from solver's. Obj viol from solver: 0.00000000. Calculated: 0.00000016.
*** WARNING (version #cc593f3): /home/sek519/warm_starting/pdc/../vpc/src/utility/nbspace.cpp:368: Ray 175: Calculated dot product with obj differs from solver's. Obj viol from solver: 0.00000000. Calculated: 0.00000016.
*** WARNING (version #cc593f3): /home/sek519/warm_starting/pdc/../vpc/src/utility/nbspace.cpp:368: Ray 176: Calculated dot product with obj differs from solver's. Obj viol from solver: 0.00000000. Calculated: 0.00000016.
*** WARNING (version #cc593f3): /home/sek519/warm_starting/pdc/../vpc/src/utility/nbspace.cpp:368: Ray 177: Calculated dot product with obj differs from solver's. Obj viol from solver: 0.00000000. Calculated: 0.00000016.
*** WARNING (version #cc593f3): /home/sek519/warm_starting/pdc/../vpc/src/utility/nbspace.cpp:368: Ray 180: Calculated dot product with obj differs from solver's. Obj viol from solver: 0.00000000. Calculated: 0.00000016.
*** WARNING (version #cc593f3): /home/sek519/warm_starting/pdc/../vpc/src/utility/nbspace.cpp:368: Ray 185: Calculated dot product with obj differs from solver's. Obj viol from solver: 0.00000000. Calculated: 0.00000015.
*** WARNING (version #cc593f3): /home/sek519/warm_starting/pdc/../vpc/src/utility/nbspace.cpp:368: Ray 186: Calculated dot product with obj differs from solver's. Obj viol from solver: 0.00000000. Calculated: 0.00000016.
*** WARNING (version #cc593f3): /home/sek519/warm_starting/pdc/../vpc/src/utility/nbspace.cpp:368: Ray 189: Calculated dot product with obj differs from solver's. Obj viol from solver: 0.00000000. Calculated: 0.00000016.
*** WARNING (version #cc593f3): /home/sek519/warm_starting/pdc/../vpc/src/utility/nbspace.cpp:368: Ray 222: Calculated dot product with obj differs from solver's. Obj viol from solver: 0.00000000. Calculated: 0.00000014.
*** WARNING (version #cc593f3): /home/sek519/warm_starting/pdc/../vpc/src/utility/nbspace.cpp:368: Ray 225: Calculated dot product with obj differs from solver's. Obj viol from solver: 0.00000000. Calculated: 0.00000012.
*** WARNING (version #cc593f3): /home/sek519/warm_starting/pdc/../vpc/src/utility/nbspace.cpp:368: Ray 241: Calculated dot product with obj differs from solver's. Obj viol from solver: 0.00000000. Calculated: 0.00000015.
*** WARNING (version #cc593f3): /home/sek519/warm_starting/pdc/../vpc/src/utility/nbspace.cpp:368: Ray 248: Calculated dot product with obj differs from solver's. Obj viol from solver: 0.00000000. Calculated: 0.00000014.
*** WARNING (version #cc593f3): /home/sek519/warm_starting/pdc/../vpc/src/utility/nbspace.cpp:354: Ray 256: dot product with obj < 0. Obj viol from solver: 0.00000000. Calculated: -0.00000010.
*** WARNING (version #cc593f3): /home/sek519/warm_starting/pdc/../vpc/src/utility/nbspace.cpp:368: Ray 256: Calculated dot product with obj differs from solver's. Obj viol from solver: 0.00000000. Calculated: -0.00000010.
*** WARNING (version #cc593f3): /home/sek519/warm_starting/pdc/../vpc/src/cut/CglVPC.cpp:1280: Term 25 ray 238 does not satisfy the objective cut. Activity: -0.00000010. RHS: 0.00000000. Small enough violation that we only send a warning.
*** WARNING (version #cc593f3): /home/sek519/warm_starting/pdc/../vpc/src/utility/nbspace.cpp:368: Ray 264: Calculated dot product with obj differs from solver's. Obj viol from solver: 0.00000000. Calculated: 0.00000012.
*** WARNING (version #cc593f3): /home/sek519/warm_starting/pdc/../vpc/src/utility/nbspace.cpp:354: Ray 293: dot product with obj < 0. Obj viol from solver: 0.00000000. Calculated: -0.00000010.
*** WARNING (version #cc593f3): /home/sek519/warm_starting/pdc/../vpc/src/utility/nbspace.cpp:368: Ray 293: Calculated dot product with obj differs from solver's. Obj viol from solver: 0.00000000. Calculated: -0.00000010.
*** WARNING (version #cc593f3): /home/sek519/warm_starting/pdc/../vpc/src/cut/CglVPC.cpp:1280: Term 25 ray 275 does not satisfy the objective cut. Activity: -0.00000010. RHS: 0.00000000. Small enough violation that we only send a warning.
*** WARNING (version #cc593f3): /home/sek519/warm_starting/pdc/../vpc/src/utility/nbspace.cpp:354: Ray 294: dot product with obj < 0. Obj viol from solver: 0.00000000. Calculated: -0.00000010.
*** WARNING (version #cc593f3): /home/sek519/warm_starting/pdc/../vpc/src/utility/nbspace.cpp:368: Ray 294: Calculated dot product with obj differs from solver's. Obj viol from solver: 0.00000000. Calculated: -0.00000010.
*** WARNING (version #cc593f3): /home/sek519/warm_starting/pdc/../vpc/src/cut/CglVPC.cpp:1280: Term 25 ray 276 does not satisfy the objective cut. Activity: -0.00000010. RHS: 0.00000000. Small enough violation that we only send a warning.
*** WARNING (version #cc593f3): /home/sek519/warm_starting/pdc/../vpc/src/utility/nbspace.cpp:354: Ray 295: dot product with obj < 0. Obj viol from solver: 0.00000000. Calculated: -0.00000010.
*** WARNING (version #cc593f3): /home/sek519/warm_starting/pdc/../vpc/src/utility/nbspace.cpp:368: Ray 295: Calculated dot product with obj differs from solver's. Obj viol from solver: 0.00000000. Calculated: -0.00000010.
*** WARNING (version #cc593f3): /home/sek519/warm_starting/pdc/../vpc/src/cut/CglVPC.cpp:1280: Term 25 ray 277 does not satisfy the objective cut. Activity: -0.00000010. RHS: 0.00000000. Small enough violation that we only send a warning.
*** WARNING (version #cc593f3): /home/sek519/warm_starting/pdc/../vpc/src/utility/nbspace.cpp:354: Ray 296: dot product with obj < 0. Obj viol from solver: 0.00000000. Calculated: -0.00000011.
*** WARNING (version #cc593f3): /home/sek519/warm_starting/pdc/../vpc/src/utility/nbspace.cpp:368: Ray 296: Calculated dot product with obj differs from solver's. Obj viol from solver: 0.00000000. Calculated: -0.00000011.
*** WARNING (version #cc593f3): /home/sek519/warm_starting/pdc/../vpc/src/cut/CglVPC.cpp:1280: Term 25 ray 278 does not satisfy the objective cut. Activity: -0.00000011. RHS: 0.00000000. Small enough violation that we only send a warning.
*** WARNING (version #cc593f3): /home/sek519/warm_starting/pdc/../vpc/src/utility/nbspace.cpp:368: Ray 301: Calculated dot product with obj differs from solver's. Obj viol from solver: 0.00000000. Calculated: 0.00000012.
*** WARNING (version #cc593f3): /home/sek519/warm_starting/pdc/../vpc/src/utility/nbspace.cpp:354: Ray 302: dot product with obj < 0. Obj viol from solver: 0.00000000. Calculated: -0.00000013.
*** WARNING (version #cc593f3): /home/sek519/warm_starting/pdc/../vpc/src/utility/nbspace.cpp:368: Ray 302: Calculated dot product with obj differs from solver's. Obj viol from solver: 0.00000000. Calculated: -0.00000013.
*** WARNING (version #cc593f3): /home/sek519/warm_starting/pdc/../vpc/src/cut/CglVPC.cpp:1280: Term 25 ray 284 does not satisfy the objective cut. Activity: -0.00000013. RHS: 0.00000000. Small enough violation that we only send a warning.
*** WARNING (version #cc593f3): /home/sek519/warm_starting/pdc/../vpc/src/utility/nbspace.cpp:354: Ray 305: dot product with obj < 0. Obj viol from solver: 0.00000000. Calculated: -0.00000013.
*** WARNING (version #cc593f3): /home/sek519/warm_starting/pdc/../vpc/src/utility/nbspace.cpp:368: Ray 305: Calculated dot product with obj differs from solver's. Obj viol from solver: 0.00000000. Calculated: -0.00000013.
*** WARNING (version #cc593f3): /home/sek519/warm_starting/pdc/../vpc/src/cut/CglVPC.cpp:1280: Term 25 ray 287 does not satisfy the objective cut. Activity: -0.00000013. RHS: 0.00000000. Small enough violation that we only send a warning.
*** WARNING (version #cc593f3): /home/sek519/warm_starting/pdc/../vpc/src/utility/nbspace.cpp:354: Ray 315: dot product with obj < 0. Obj viol from solver: 0.00000000. Calculated: -0.00000013.
*** WARNING (version #cc593f3): /home/sek519/warm_starting/pdc/../vpc/src/utility/nbspace.cpp:368: Ray 315: Calculated dot product with obj differs from solver's. Obj viol from solver: 0.00000000. Calculated: -0.00000013.
*** WARNING (version #cc593f3): /home/sek519/warm_starting/pdc/../vpc/src/cut/CglVPC.cpp:1280: Term 25 ray 297 does not satisfy the objective cut. Activity: -0.00000013. RHS: 0.00000000. Small enough violation that we only send a warning.
*** WARNING (version #cc593f3): /home/sek519/warm_starting/pdc/../vpc/src/utility/nbspace.cpp:354: Ray 351: dot product with obj < 0. Obj viol from solver: 0.00000000. Calculated: -0.00000012.
*** WARNING (version #cc593f3): /home/sek519/warm_starting/pdc/../vpc/src/utility/nbspace.cpp:368: Ray 351: Calculated dot product with obj differs from solver's. Obj viol from solver: 0.00000000. Calculated: -0.00000012.
*** WARNING (version #cc593f3): /home/sek519/warm_starting/pdc/../vpc/src/cut/CglVPC.cpp:1280: Term 25 ray 331 does not satisfy the objective cut. Activity: -0.00000012. RHS: 0.00000000. Small enough violation that we only send a warning.
*** WARNING (version #cc593f3): /home/sek519/warm_starting/pdc/../vpc/src/utility/nbspace.cpp:354: Ray 356: dot product with obj < 0. Obj viol from solver: 0.00000000. Calculated: -0.00000013.
*** WARNING (version #cc593f3): /home/sek519/warm_starting/pdc/../vpc/src/utility/nbspace.cpp:368: Ray 356: Calculated dot product with obj differs from solver's. Obj viol from solver: 0.00000000. Calculated: -0.00000013.
*** WARNING (version #cc593f3): /home/sek519/warm_starting/pdc/../vpc/src/cut/CglVPC.cpp:1280: Term 25 ray 336 does not satisfy the objective cut. Activity: -0.00000013. RHS: 0.00000000. Small enough violation that we only send a warning.
*** WARNING (version #cc593f3): /home/sek519/warm_starting/pdc/../vpc/src/utility/nbspace.cpp:354: Ray 357: dot product with obj < 0. Obj viol from solver: 0.00000000. Calculated: -0.00000014.
*** WARNING (version #cc593f3): /home/sek519/warm_starting/pdc/../vpc/src/utility/nbspace.cpp:368: Ray 357: Calculated dot product with obj differs from solver's. Obj viol from solver: 0.00000000. Calculated: -0.00000014.
*** WARNING (version #cc593f3): /home/sek519/warm_starting/pdc/../vpc/src/cut/CglVPC.cpp:1280: Term 25 ray 337 does not satisfy the objective cut. Activity: -0.00000014. RHS: 0.00000000. Small enough violation that we only send a warning.
*** WARNING (version #cc593f3): /home/sek519/warm_starting/pdc/../vpc/src/utility/nbspace.cpp:354: Ray 359: dot product with obj < 0. Obj viol from solver: 0.00000000. Calculated: -0.00000011.
*** WARNING (version #cc593f3): /home/sek519/warm_starting/pdc/../vpc/src/utility/nbspace.cpp:368: Ray 359: Calculated dot product with obj differs from solver's. Obj viol from solver: 0.00000000. Calculated: -0.00000011.
*** WARNING (version #cc593f3): /home/sek519/warm_starting/pdc/../vpc/src/cut/CglVPC.cpp:1280: Term 25 ray 339 does not satisfy the objective cut. Activity: -0.00000011. RHS: 0.00000000. Small enough violation that we only send a warning.
*** WARNING (version #cc593f3): /home/sek519/warm_starting/pdc/../vpc/src/utility/nbspace.cpp:368: Ray 525: Calculated dot product with obj differs from solver's. Obj viol from solver: 0.00000000. Calculated: 0.00000014.
*** WARNING (version #cc593f3): /home/sek519/warm_starting/pdc/../vpc/src/utility/nbspace.cpp:368: Ray 526: Calculated dot product with obj differs from solver's. Obj viol from solver: 0.00000000. Calculated: 0.00000014.
*** WARNING (version #cc593f3): /home/sek519/warm_starting/pdc/../vpc/src/utility/nbspace.cpp:368: Ray 527: Calculated dot product with obj differs from solver's. Obj viol from solver: 0.00000000. Calculated: 0.00000015.
*** WARNING (version #cc593f3): /home/sek519/warm_starting/pdc/../vpc/src/utility/nbspace.cpp:368: Ray 528: Calculated dot product with obj differs from solver's. Obj viol from solver: 0.00000000. Calculated: 0.00000015.
*** WARNING (version #cc593f3): /home/sek519/warm_starting/pdc/../vpc/src/utility/nbspace.cpp:368: Ray 529: Calculated dot product with obj differs from solver's. Obj viol from solver: 0.00000000. Calculated: 0.00000016.
*** WARNING (version #cc593f3): /home/sek519/warm_starting/pdc/../vpc/src/utility/nbspace.cpp:368: Ray 530: Calculated dot product with obj differs from solver's. Obj viol from solver: 0.00000000. Calculated: 0.00000016.
*** WARNING (version #cc593f3): /home/sek519/warm_starting/pdc/../vpc/src/utility/nbspace.cpp:368: Ray 543: Calculated dot product with obj differs from solver's. Obj viol from solver: 0.00000000. Calculated: 0.00000015.
*** WARNING (version #cc593f3): /home/sek519/warm_starting/pdc/../vpc/src/utility/nbspace.cpp:368: Ray 544: Calculated dot product with obj differs from solver's. Obj viol from solver: 0.00000000. Calculated: 0.00000011.
*** WARNING (version #cc593f3): /home/sek519/warm_starting/pdc/../vpc/src/utility/nbspace.cpp:368: Ray 548: Calculated dot product with obj differs from solver's. Obj viol from solver: 0.00000000. Calculated: 0.00000013.
*** WARNING (version #cc593f3): /home/sek519/warm_starting/pdc/../vpc/src/utility/nbspace.cpp:368: Ray 549: Calculated dot product with obj differs from solver's. Obj viol from solver: 0.00000000. Calculated: 0.00000012.
*** WARNING (version #cc593f3): /home/sek519/warm_starting/pdc/../vpc/src/utility/nbspace.cpp:368: Ray 550: Calculated dot product with obj differs from solver's. Obj viol from solver: 0.00000000. Calculated: 0.00000012.
*** WARNING (version #cc593f3): /home/sek519/warm_starting/pdc/../vpc/src/utility/nbspace.cpp:368: Ray 558: Calculated dot product with obj differs from solver's. Obj viol from solver: 0.00000000. Calculated: 0.00000013.
*** WARNING (version #cc593f3): /home/sek519/warm_starting/pdc/../vpc/src/utility/nbspace.cpp:368: Ray 559: Calculated dot product with obj differs from solver's. Obj viol from solver: 0.00000000. Calculated: 0.00000013.
*** WARNING (version #cc593f3): /home/sek519/warm_starting/pdc/../vpc/src/utility/nbspace.cpp:368: Ray 560: Calculated dot product with obj differs from solver's. Obj viol from solver: 0.00000000. Calculated: 0.00000013.
*** WARNING (version #cc593f3): /home/sek519/warm_starting/pdc/../vpc/src/utility/nbspace.cpp:368: Ray 561: Calculated dot product with obj differs from solver's. Obj viol from solver: 0.00000000. Calculated: 0.00000014.
*** WARNING (version #cc593f3): /home/sek519/warm_starting/pdc/../vpc/src/utility/nbspace.cpp:368: Ray 562: Calculated dot product with obj differs from solver's. Obj viol from solver: 0.00000000. Calculated: 0.00000014.
*** WARNING (version #cc593f3): /home/sek519/warm_starting/pdc/../vpc/src/utility/nbspace.cpp:368: Ray 563: Calculated dot product with obj differs from solver's. Obj viol from solver: 0.00000000. Calculated: 0.00000014.
*** WARNING (version #cc593f3): /home/sek519/warm_starting/pdc/../vpc/src/utility/nbspace.cpp:368: Ray 564: Calculated dot product with obj differs from solver's. Obj viol from solver: 0.00000000. Calculated: 0.00000015.
*** WARNING (version #cc593f3): /home/sek519/warm_starting/pdc/../vpc/src/utility/nbspace.cpp:368: Ray 565: Calculated dot product with obj differs from solver's. Obj viol from solver: 0.00000000. Calculated: 0.00000015.
*** WARNING (version #cc593f3): /home/sek519/warm_starting/pdc/../vpc/src/utility/nbspace.cpp:368: Ray 566: Calculated dot product with obj differs from solver's. Obj viol from solver: 0.00000000. Calculated: 0.00000016.
*** WARNING (version #cc593f3): /home/sek519/warm_starting/pdc/../vpc/src/utility/nbspace.cpp:368: Ray 567: Calculated dot product with obj differs from solver's. Obj viol from solver: 0.00000000. Calculated: 0.00000016.
*** WARNING (version #cc593f3): /home/sek519/warm_starting/pdc/../vpc/src/utility/nbspace.cpp:354: Ray 569: dot product with obj < 0. Obj viol from solver: 0.00000000. Calculated: -0.00000011.
*** WARNING (version #cc593f3): /home/sek519/warm_starting/pdc/../vpc/src/utility/nbspace.cpp:368: Ray 569: Calculated dot product with obj differs from solver's. Obj viol from solver: 0.00000000. Calculated: -0.00000011.
*** WARNING (version #cc593f3): /home/sek519/warm_starting/pdc/../vpc/src/cut/CglVPC.cpp:1280: Term 25 ray 539 does not satisfy the objective cut. Activity: -0.00000011. RHS: 0.00000000. Small enough violation that we only send a warning.
*** WARNING (version #cc593f3): /home/sek519/warm_starting/pdc/../vpc/src/utility/nbspace.cpp:368: Ray 587: Calculated dot product with obj differs from solver's. Obj viol from solver: 0.00000000. Calculated: 0.00000021.
*** WARNING (version #cc593f3): /home/sek519/warm_starting/pdc/../vpc/src/utility/nbspace.cpp:368: Ray 592: Calculated dot product with obj differs from solver's. Obj viol from solver: 0.00000000. Calculated: 0.00000011.
*** WARNING (version #cc593f3): /home/sek519/warm_starting/pdc/../vpc/src/utility/nbspace.cpp:368: Ray 595: Calculated dot product with obj differs from solver's. Obj viol from solver: 0.00000000. Calculated: 0.00000011.
*** WARNING (version #cc593f3): /home/sek519/warm_starting/pdc/../vpc/src/utility/nbspace.cpp:368: Ray 599: Calculated dot product with obj differs from solver's. Obj viol from solver: 0.00000000. Calculated: 0.00000013.
*** WARNING (version #cc593f3): /home/sek519/warm_starting/pdc/../vpc/src/utility/nbspace.cpp:368: Ray 600: Calculated dot product with obj differs from solver's. Obj viol from solver: 0.00000000. Calculated: 0.00000014.
*** WARNING (version #cc593f3): /home/sek519/warm_starting/pdc/../vpc/src/utility/nbspace.cpp:368: Ray 607: Calculated dot product with obj differs from solver's. Obj viol from solver: 0.00000000. Calculated: 0.00000012.
*** WARNING (version #cc593f3): /home/sek519/warm_starting/pdc/../vpc/src/utility/nbspace.cpp:368: Ray 608: Calculated dot product with obj differs from solver's. Obj viol from solver: 0.00000000. Calculated: 0.00000013.
*** WARNING (version #cc593f3): /home/sek519/warm_starting/pdc/../vpc/src/utility/nbspace.cpp:368: Ray 609: Calculated dot product with obj differs from solver's. Obj viol from solver: 0.00000000. Calculated: 0.00000013.
*** WARNING (version #cc593f3): /home/sek519/warm_starting/pdc/../vpc/src/utility/nbspace.cpp:368: Ray 610: Calculated dot product with obj differs from solver's. Obj viol from solver: 0.00000000. Calculated: 0.00000013.
*** WARNING (version #cc593f3): /home/sek519/warm_starting/pdc/../vpc/src/utility/nbspace.cpp:368: Ray 611: Calculated dot product with obj differs from solver's. Obj viol from solver: 0.00000000. Calculated: 0.00000014.
*** WARNING (version #cc593f3): /home/sek519/warm_starting/pdc/../vpc/src/utility/nbspace.cpp:368: Ray 612: Calculated dot product with obj differs from solver's. Obj viol from solver: 0.00000000. Calculated: 0.00000014.
*** WARNING (version #cc593f3): /home/sek519/warm_starting/pdc/../vpc/src/utility/nbspace.cpp:368: Ray 613: Calculated dot product with obj differs from solver's. Obj viol from solver: 0.00000000. Calculated: 0.00000014.
*** WARNING (version #cc593f3): /home/sek519/warm_starting/pdc/../vpc/src/utility/nbspace.cpp:368: Ray 614: Calculated dot product with obj differs from solver's. Obj viol from solver: 0.00000000. Calculated: 0.00000015.
*** WARNING (version #cc593f3): /home/sek519/warm_starting/pdc/../vpc/src/utility/nbspace.cpp:368: Ray 615: Calculated dot product with obj differs from solver's. Obj viol from solver: 0.00000000. Calculated: 0.00000015.
*** WARNING (version #cc593f3): /home/sek519/warm_starting/pdc/../vpc/src/utility/nbspace.cpp:368: Ray 616: Calculated dot product with obj differs from solver's. Obj viol from solver: 0.00000000. Calculated: 0.00000016.
*** WARNING (version #cc593f3): /home/sek519/warm_starting/pdc/../vpc/src/utility/nbspace.cpp:368: Ray 617: Calculated dot product with obj differs from solver's. Obj viol from solver: 0.00000000. Calculated: 0.00000016.
*** WARNING (version #cc593f3): /home/sek519/warm_starting/pdc/../vpc/src/utility/nbspace.cpp:368: Ray 635: Calculated dot product with obj differs from solver's. Obj viol from solver: 0.00000000. Calculated: 0.00000011.
*** WARNING (version #cc593f3): /home/sek519/warm_starting/pdc/../vpc/src/utility/nbspace.cpp:354: Ray 639: dot product with obj < 0. Obj viol from solver: 0.00000000. Calculated: -0.00000016.
*** WARNING (version #cc593f3): /home/sek519/warm_starting/pdc/../vpc/src/utility/nbspace.cpp:368: Ray 639: Calculated dot product with obj differs from solver's. Obj viol from solver: 0.00000000. Calculated: -0.00000016.
*** WARNING (version #cc593f3): /home/sek519/warm_starting/pdc/../vpc/src/cut/CglVPC.cpp:1280: Term 25 ray 606 does not satisfy the objective cut. Activity: -0.00000016. RHS: 0.00000000. Small enough violation that we only send a warning.
*** WARNING (version #cc593f3): /home/sek519/warm_starting/pdc/../vpc/src/utility/nbspace.cpp:354: Ray 642: dot product with obj < 0. Obj viol from solver: 0.00000000. Calculated: -0.00000013.
*** WARNING (version #cc593f3): /home/sek519/warm_starting/pdc/../vpc/src/utility/nbspace.cpp:368: Ray 642: Calculated dot product with obj differs from solver's. Obj viol from solver: 0.00000000. Calculated: -0.00000013.
*** WARNING (version #cc593f3): /home/sek519/warm_starting/pdc/../vpc/src/cut/CglVPC.cpp:1280: Term 25 ray 607 does not satisfy the objective cut. Activity: -0.00000013. RHS: 0.00000000. Small enough violation that we only send a warning.
*** WARNING (version #cc593f3): /home/sek519/warm_starting/pdc/../vpc/src/utility/nbspace.cpp:368: Ray 647: Calculated dot product with obj differs from solver's. Obj viol from solver: 0.00000000. Calculated: 0.00000014.
*** WARNING (version #cc593f3): /home/sek519/warm_starting/pdc/../vpc/src/utility/nbspace.cpp:368: Ray 648: Calculated dot product with obj differs from solver's. Obj viol from solver: 0.00000000. Calculated: 0.00000016.
*** WARNING (version #cc593f3): /home/sek519/warm_starting/pdc/../vpc/src/utility/nbspace.cpp:368: Ray 649: Calculated dot product with obj differs from solver's. Obj viol from solver: 0.00000000. Calculated: 0.00000016.
*** WARNING (version #cc593f3): /home/sek519/warm_starting/pdc/../vpc/src/utility/nbspace.cpp:368: Ray 655: Calculated dot product with obj differs from solver's. Obj viol from solver: 0.00000000. Calculated: 0.00000014.
*** WARNING (version #cc593f3): /home/sek519/warm_starting/pdc/../vpc/src/utility/nbspace.cpp:368: Ray 1034: Calculated dot product with obj differs from solver's. Obj viol from solver: 0.00000000. Calculated: 0.00000016.
*** WARNING (version #cc593f3): /home/sek519/warm_starting/pdc/../vpc/src/utility/nbspace.cpp:368: Ray 1262: Calculated dot product with obj differs from solver's. Obj viol from solver: 0.00000000. Calculated: 0.00000012.
*** WARNING (version #cc593f3): /home/sek519/warm_starting/pdc/../vpc/src/utility/nbspace.cpp:368: Ray 1265: Calculated dot product with obj differs from solver's. Obj viol from solver: 0.00000000. Calculated: 0.00000012.
*** WARNING (version #cc593f3): /home/sek519/warm_starting/pdc/../vpc/src/utility/nbspace.cpp:354: Ray 1273: dot product with obj < 0. Obj viol from solver: 0.00000000. Calculated: -0.00000012.
*** WARNING (version #cc593f3): /home/sek519/warm_starting/pdc/../vpc/src/utility/nbspace.cpp:368: Ray 1273: Calculated dot product with obj differs from solver's. Obj viol from solver: 0.00000000. Calculated: -0.00000012.
*** WARNING (version #cc593f3): /home/sek519/warm_starting/pdc/../vpc/src/cut/CglVPC.cpp:1280: Term 25 ray 1202 does not satisfy the objective cut. Activity: -0.00000012. RHS: 0.00000000. Small enough violation that we only send a warning.
*** WARNING (version #cc593f3): /home/sek519/warm_starting/pdc/../vpc/src/utility/nbspace.cpp:354: Ray 1274: dot product with obj < 0. Obj viol from solver: 0.00000000. Calculated: -0.00000015.
*** WARNING (version #cc593f3): /home/sek519/warm_starting/pdc/../vpc/src/utility/nbspace.cpp:368: Ray 1274: Calculated dot product with obj differs from solver's. Obj viol from solver: 0.00000000. Calculated: -0.00000015.
*** WARNING (version #cc593f3): /home/sek519/warm_starting/pdc/../vpc/src/cut/CglVPC.cpp:1280: Term 25 ray 1203 does not satisfy the objective cut. Activity: -0.00000015. RHS: 0.00000000. Small enough violation that we only send a warning.
*** WARNING (version #cc593f3): /home/sek519/warm_starting/pdc/../vpc/src/utility/nbspace.cpp:368: Ray 1456: Calculated dot product with obj differs from solver's. Obj viol from solver: 0.00000000. Calculated: 0.00000013.
*** WARNING (version #cc593f3): /home/sek519/warm_starting/pdc/../vpc/src/utility/nbspace.cpp:368: Ray 1457: Calculated dot product with obj differs from solver's. Obj viol from solver: 0.00000000. Calculated: 0.00000010.
*** WARNING (version #cc593f3): /home/sek519/warm_starting/pdc/../vpc/src/utility/nbspace.cpp:354: Ray 1459: dot product with obj < 0. Obj viol from solver: 0.00000000. Calculated: -0.00000012.
*** WARNING (version #cc593f3): /home/sek519/warm_starting/pdc/../vpc/src/utility/nbspace.cpp:368: Ray 1459: Calculated dot product with obj differs from solver's. Obj viol from solver: 0.00000000. Calculated: -0.00000012.
*** WARNING (version #cc593f3): /home/sek519/warm_starting/pdc/../vpc/src/cut/CglVPC.cpp:1280: Term 25 ray 1369 does not satisfy the objective cut. Activity: -0.00000012. RHS: 0.00000000. Small enough violation that we only send a warning.
*** WARNING (version #cc593f3): /home/sek519/warm_starting/pdc/../vpc/src/utility/nbspace.cpp:354: Ray 1464: dot product with obj < 0. Obj viol from solver: 0.00000000. Calculated: -0.00000010.
*** WARNING (version #cc593f3): /home/sek519/warm_starting/pdc/../vpc/src/utility/nbspace.cpp:368: Ray 1464: Calculated dot product with obj differs from solver's. Obj viol from solver: 0.00000000. Calculated: -0.00000010.
*** WARNING (version #cc593f3): /home/sek519/warm_starting/pdc/../vpc/src/cut/CglVPC.cpp:1280: Term 25 ray 1374 does not satisfy the objective cut. Activity: -0.00000010. RHS: 0.00000000. Small enough violation that we only send a warning.
*** WARNING (version #cc593f3): /home/sek519/warm_starting/pdc/../vpc/src/utility/nbspace.cpp:354: Ray 1467: dot product with obj < 0. Obj viol from solver: 0.00000000. Calculated: -0.00000017.
*** WARNING (version #cc593f3): /home/sek519/warm_starting/pdc/../vpc/src/utility/nbspace.cpp:368: Ray 1467: Calculated dot product with obj differs from solver's. Obj viol from solver: 0.00000000. Calculated: -0.00000017.
*** WARNING (version #cc593f3): /home/sek519/warm_starting/pdc/../vpc/src/cut/CglVPC.cpp:1280: Term 25 ray 1377 does not satisfy the objective cut. Activity: -0.00000017. RHS: 0.00000000. Small enough violation that we only send a warning.
*** WARNING (version #cc593f3): /home/sek519/warm_starting/pdc/../vpc/src/utility/nbspace.cpp:354: Ray 1468: dot product with obj < 0. Obj viol from solver: 0.00000000. Calculated: -0.00000015.
*** WARNING (version #cc593f3): /home/sek519/warm_starting/pdc/../vpc/src/utility/nbspace.cpp:368: Ray 1468: Calculated dot product with obj differs from solver's. Obj viol from solver: 0.00000000. Calculated: -0.00000015.
*** WARNING (version #cc593f3): /home/sek519/warm_starting/pdc/../vpc/src/cut/CglVPC.cpp:1280: Term 25 ray 1378 does not satisfy the objective cut. Activity: -0.00000015. RHS: 0.00000000. Small enough violation that we only send a warning.
*** WARNING (version #cc593f3): /home/sek519/warm_starting/pdc/../vpc/src/utility/nbspace.cpp:354: Ray 1469: dot product with obj < 0. Obj viol from solver: 0.00000000. Calculated: -0.00000012.
*** WARNING (version #cc593f3): /home/sek519/warm_starting/pdc/../vpc/src/utility/nbspace.cpp:368: Ray 1469: Calculated dot product with obj differs from solver's. Obj viol from solver: 0.00000000. Calculated: -0.00000012.
*** WARNING (version #cc593f3): /home/sek519/warm_starting/pdc/../vpc/src/cut/CglVPC.cpp:1280: Term 25 ray 1379 does not satisfy the objective cut. Activity: -0.00000012. RHS: 0.00000000. Small enough violation that we only send a warning.
*** WARNING (version #cc593f3): /home/sek519/warm_starting/pdc/../vpc/src/utility/nbspace.cpp:368: Ray 1533: Calculated dot product with obj differs from solver's. Obj viol from solver: 0.00000000. Calculated: 0.00000016.
*** WARNING (version #cc593f3): /home/sek519/warm_starting/pdc/../vpc/src/utility/nbspace.cpp:368: Ray 1534: Calculated dot product with obj differs from solver's. Obj viol from solver: 0.00000000. Calculated: 0.00000013.
*** WARNING (version #cc593f3): /home/sek519/warm_starting/pdc/../vpc/src/utility/nbspace.cpp:354: Ray 1541: dot product with obj < 0. Obj viol from solver: 0.00000000. Calculated: -0.00000011.
*** WARNING (version #cc593f3): /home/sek519/warm_starting/pdc/../vpc/src/utility/nbspace.cpp:368: Ray 1541: Calculated dot product with obj differs from solver's. Obj viol from solver: 0.00000000. Calculated: -0.00000011.
*** WARNING (version #cc593f3): /home/sek519/warm_starting/pdc/../vpc/src/cut/CglVPC.cpp:1280: Term 25 ray 1450 does not satisfy the objective cut. Activity: -0.00000011. RHS: 0.00000000. Small enough violation that we only send a warning.
*** WARNING (version #cc593f3): /home/sek519/warm_starting/pdc/../vpc/src/utility/nbspace.cpp:354: Ray 1542: dot product with obj < 0. Obj viol from solver: 0.00000000. Calculated: -0.00000014.
*** WARNING (version #cc593f3): /home/sek519/warm_starting/pdc/../vpc/src/utility/nbspace.cpp:368: Ray 1542: Calculated dot product with obj differs from solver's. Obj viol from solver: 0.00000000. Calculated: -0.00000014.
*** WARNING (version #cc593f3): /home/sek519/warm_starting/pdc/../vpc/src/cut/CglVPC.cpp:1280: Term 25 ray 1451 does not satisfy the objective cut. Activity: -0.00000014. RHS: 0.00000000. Small enough violation that we only send a warning.
*** WARNING (version #cc593f3): /home/sek519/warm_starting/pdc/../vpc/src/utility/nbspace.cpp:354: Ray 1554: dot product with obj < 0. Obj viol from solver: 0.00000000. Calculated: -0.00000013.
*** WARNING (version #cc593f3): /home/sek519/warm_starting/pdc/../vpc/src/utility/nbspace.cpp:368: Ray 1554: Calculated dot product with obj differs from solver's. Obj viol from solver: 0.00000000. Calculated: -0.00000013.
*** WARNING (version #cc593f3): /home/sek519/warm_starting/pdc/../vpc/src/cut/CglVPC.cpp:1280: Term 25 ray 1463 does not satisfy the objective cut. Activity: -0.00000013. RHS: 0.00000000. Small enough violation that we only send a warning.
*** WARNING (version #cc593f3): /home/sek519/warm_starting/pdc/../vpc/src/utility/nbspace.cpp:354: Ray 1568: dot product with obj < 0. Obj viol from solver: 0.00000000. Calculated: -0.00000013.
*** WARNING (version #cc593f3): /home/sek519/warm_starting/pdc/../vpc/src/utility/nbspace.cpp:368: Ray 1568: Calculated dot product with obj differs from solver's. Obj viol from solver: 0.00000000. Calculated: -0.00000013.
*** WARNING (version #cc593f3): /home/sek519/warm_starting/pdc/../vpc/src/cut/CglVPC.cpp:1280: Term 25 ray 1477 does not satisfy the objective cut. Activity: -0.00000013. RHS: 0.00000000. Small enough violation that we only send a warning.
*** WARNING (version #cc593f3): /home/sek519/warm_starting/pdc/../vpc/src/utility/nbspace.cpp:368: Ray 1598: Calculated dot product with obj differs from solver's. Obj viol from solver: 0.00000000. Calculated: 0.00000010.
*** WARNING (version #cc593f3): /home/sek519/warm_starting/pdc/../vpc/src/utility/nbspace.cpp:368: Ray 1613: Calculated dot product with obj differs from solver's. Obj viol from solver: 0.00000000. Calculated: 0.00000015.
*** WARNING (version #cc593f3): /home/sek519/warm_starting/pdc/../vpc/src/utility/nbspace.cpp:354: Ray 1627: dot product with obj < 0. Obj viol from solver: 0.00000000. Calculated: -0.00000014.
*** WARNING (version #cc593f3): /home/sek519/warm_starting/pdc/../vpc/src/utility/nbspace.cpp:368: Ray 1627: Calculated dot product with obj differs from solver's. Obj viol from solver: 0.00000000. Calculated: -0.00000014.
*** WARNING (version #cc593f3): /home/sek519/warm_starting/pdc/../vpc/src/cut/CglVPC.cpp:1280: Term 25 ray 1535 does not satisfy the objective cut. Activity: -0.00000014. RHS: 0.00000000. Small enough violation that we only send a warning.
*** WARNING (version #cc593f3): /home/sek519/warm_starting/pdc/../vpc/src/utility/nbspace.cpp:354: Ray 1628: dot product with obj < 0. Obj viol from solver: 0.00000000. Calculated: -0.00000017.
*** WARNING (version #cc593f3): /home/sek519/warm_starting/pdc/../vpc/src/utility/nbspace.cpp:368: Ray 1628: Calculated dot product with obj differs from solver's. Obj viol from solver: 0.00000000. Calculated: -0.00000017.
*** WARNING (version #cc593f3): /home/sek519/warm_starting/pdc/../vpc/src/cut/CglVPC.cpp:1280: Term 25 ray 1536 does not satisfy the objective cut. Activity: -0.00000017. RHS: 0.00000000. Small enough violation that we only send a warning.
*** WARNING (version #cc593f3): /home/sek519/warm_starting/pdc/../vpc/src/utility/nbspace.cpp:354: Ray 1630: dot product with obj < 0. Obj viol from solver: 0.00000000. Calculated: -0.00000014.
*** WARNING (version #cc593f3): /home/sek519/warm_starting/pdc/../vpc/src/utility/nbspace.cpp:368: Ray 1630: Calculated dot product with obj differs from solver's. Obj viol from solver: 0.00000000. Calculated: -0.00000014.
*** WARNING (version #cc593f3): /home/sek519/warm_starting/pdc/../vpc/src/cut/CglVPC.cpp:1280: Term 25 ray 1537 does not satisfy the objective cut. Activity: -0.00000014. RHS: 0.00000000. Small enough violation that we only send a warning.
*** WARNING (version #cc593f3): /home/sek519/warm_starting/pdc/../vpc/src/utility/nbspace.cpp:354: Ray 1634: dot product with obj < 0. Obj viol from solver: 0.00000000. Calculated: -0.00000012.
*** WARNING (version #cc593f3): /home/sek519/warm_starting/pdc/../vpc/src/utility/nbspace.cpp:368: Ray 1634: Calculated dot product with obj differs from solver's. Obj viol from solver: 0.00000000. Calculated: -0.00000012.
*** WARNING (version #cc593f3): /home/sek519/warm_starting/pdc/../vpc/src/cut/CglVPC.cpp:1280: Term 25 ray 1541 does not satisfy the objective cut. Activity: -0.00000012. RHS: 0.00000000. Small enough violation that we only send a warning.
*** WARNING (version #cc593f3): /home/sek519/warm_starting/pdc/../vpc/src/utility/nbspace.cpp:354: Ray 1661: dot product with obj < 0. Obj viol from solver: 0.00000000. Calculated: -0.00000012.
*** WARNING (version #cc593f3): /home/sek519/warm_starting/pdc/../vpc/src/utility/nbspace.cpp:368: Ray 1661: Calculated dot product with obj differs from solver's. Obj viol from solver: 0.00000000. Calculated: -0.00000012.
*** WARNING (version #cc593f3): /home/sek519/warm_starting/pdc/../vpc/src/cut/CglVPC.cpp:1280: Term 25 ray 1566 does not satisfy the objective cut. Activity: -0.00000012. RHS: 0.00000000. Small enough violation that we only send a warning.
*** WARNING (version #cc593f3): /home/sek519/warm_starting/pdc/../vpc/src/utility/nbspace.cpp:354: Ray 1684: dot product with obj < 0. Obj viol from solver: 0.00000000. Calculated: -0.00000015.
*** WARNING (version #cc593f3): /home/sek519/warm_starting/pdc/../vpc/src/utility/nbspace.cpp:368: Ray 1684: Calculated dot product with obj differs from solver's. Obj viol from solver: 0.00000000. Calculated: -0.00000015.
*** WARNING (version #cc593f3): /home/sek519/warm_starting/pdc/../vpc/src/cut/CglVPC.cpp:1280: Term 25 ray 1588 does not satisfy the objective cut. Activity: -0.00000015. RHS: 0.00000000. Small enough violation that we only send a warning.
*** WARNING (version #cc593f3): /home/sek519/warm_starting/pdc/../vpc/src/utility/nbspace.cpp:368: Ray 1881: Calculated dot product with obj differs from solver's. Obj viol from solver: 0.00000000. Calculated: 0.00000013.
*** WARNING (version #cc593f3): /home/sek519/warm_starting/pdc/../vpc/src/utility/nbspace.cpp:368: Ray 2164: Calculated dot product with obj differs from solver's. Obj viol from solver: 0.00000000. Calculated: 0.00000016.
*** WARNING (version #cc593f3): /home/sek519/warm_starting/pdc/../vpc/src/utility/nbspace.cpp:368: Ray 2165: Calculated dot product with obj differs from solver's. Obj viol from solver: 0.00000000. Calculated: 0.00000016.
*** WARNING (version #cc593f3): /home/sek519/warm_starting/pdc/../vpc/src/utility/nbspace.cpp:368: Ray 2166: Calculated dot product with obj differs from solver's. Obj viol from solver: 0.00000000. Calculated: 0.00000015.
*** WARNING (version #cc593f3): /home/sek519/warm_starting/pdc/../vpc/src/utility/nbspace.cpp:368: Ray 2167: Calculated dot product with obj differs from solver's. Obj viol from solver: 0.00000000. Calculated: 0.00000015.
*** WARNING (version #cc593f3): /home/sek519/warm_starting/pdc/../vpc/src/utility/nbspace.cpp:368: Ray 2168: Calculated dot product with obj differs from solver's. Obj viol from solver: 0.00000000. Calculated: 0.00000014.
*** WARNING (version #cc593f3): /home/sek519/warm_starting/pdc/../vpc/src/utility/nbspace.cpp:368: Ray 2169: Calculated dot product with obj differs from solver's. Obj viol from solver: 0.00000000. Calculated: 0.00000012.
*** WARNING (version #cc593f3): /home/sek519/warm_starting/pdc/../vpc/src/utility/nbspace.cpp:368: Ray 2171: Calculated dot product with obj differs from solver's. Obj viol from solver: 0.00000000. Calculated: 0.00000013.
*** WARNING (version #cc593f3): /home/sek519/warm_starting/pdc/../vpc/src/utility/nbspace.cpp:368: Ray 2172: Calculated dot product with obj differs from solver's. Obj viol from solver: 0.00000000. Calculated: 0.00000012.
*** WARNING (version #cc593f3): /home/sek519/warm_starting/pdc/../vpc/src/utility/nbspace.cpp:368: Ray 2175: Calculated dot product with obj differs from solver's. Obj viol from solver: 0.00000000. Calculated: 0.00000011.
*** WARNING (version #cc593f3): /home/sek519/warm_starting/pdc/../vpc/src/utility/nbspace.cpp:368: Ray 2176: Calculated dot product with obj differs from solver's. Obj viol from solver: 0.00000000. Calculated: 0.00000010.
*** WARNING (version #cc593f3): /home/sek519/warm_starting/pdc/../vpc/src/utility/nbspace.cpp:368: Ray 2182: Calculated dot product with obj differs from solver's. Obj viol from solver: 0.00000000. Calculated: 0.00000011.
*** WARNING (version #cc593f3): /home/sek519/warm_starting/pdc/../vpc/src/utility/nbspace.cpp:368: Ray 2183: Calculated dot product with obj differs from solver's. Obj viol from solver: 0.00000000. Calculated: 0.00000011.
*** WARNING (version #cc593f3): /home/sek519/warm_starting/pdc/../vpc/src/utility/nbspace.cpp:368: Ray 2184: Calculated dot product with obj differs from solver's. Obj viol from solver: 0.00000000. Calculated: 0.00000010.
*** WARNING (version #cc593f3): /home/sek519/warm_starting/pdc/../vpc/src/utility/nbspace.cpp:368: Ray 2224: Calculated dot product with obj differs from solver's. Obj viol from solver: 0.00000000. Calculated: 0.00000012.
*** WARNING (version #cc593f3): /home/sek519/warm_starting/pdc/../vpc/src/utility/nbspace.cpp:354: Ray 2228: dot product with obj < 0. Obj viol from solver: 0.00000000. Calculated: -0.00000014.
*** WARNING (version #cc593f3): /home/sek519/warm_starting/pdc/../vpc/src/utility/nbspace.cpp:368: Ray 2228: Calculated dot product with obj differs from solver's. Obj viol from solver: 0.00000000. Calculated: -0.00000014.
*** WARNING (version #cc593f3): /home/sek519/warm_starting/pdc/../vpc/src/cut/CglVPC.cpp:1280: Term 25 ray 2097 does not satisfy the objective cut. Activity: -0.00000014. RHS: 0.00000000. Small enough violation that we only send a warning.
*** WARNING (version #cc593f3): /home/sek519/warm_starting/pdc/../vpc/src/utility/nbspace.cpp:368: Ray 2230: Calculated dot product with obj differs from solver's. Obj viol from solver: 0.00000000. Calculated: 0.00000010.
*** WARNING (version #cc593f3): /home/sek519/warm_starting/pdc/../vpc/src/utility/nbspace.cpp:354: Ray 2560: dot product with obj < 0. Obj viol from solver: 0.00000000. Calculated: -0.00000015.
*** WARNING (version #cc593f3): /home/sek519/warm_starting/pdc/../vpc/src/utility/nbspace.cpp:368: Ray 2560: Calculated dot product with obj differs from solver's. Obj viol from solver: 0.00000000. Calculated: -0.00000015.
*** WARNING (version #cc593f3): /home/sek519/warm_starting/pdc/../vpc/src/cut/CglVPC.cpp:1280: Term 25 ray 2407 does not satisfy the objective cut. Activity: -0.00000015. RHS: 0.00000000. Small enough violation that we only send a warning.
*** WARNING (version #cc593f3): /home/sek519/warm_starting/pdc/../vpc/src/utility/nbspace.cpp:368: Ray 2570: Calculated dot product with obj differs from solver's. Obj viol from solver: 0.00000000. Calculated: 0.00000013.
*** WARNING (version #cc593f3): /home/sek519/warm_starting/pdc/../vpc/src/utility/nbspace.cpp:368: Ray 2572: Calculated dot product with obj differs from solver's. Obj viol from solver: 0.00000000. Calculated: 0.00000011.
*** WARNING (version #cc593f3): /home/sek519/warm_starting/pdc/../vpc/src/utility/nbspace.cpp:368: Ray 2573: Calculated dot product with obj differs from solver's. Obj viol from solver: 0.00000000. Calculated: 0.00000012.
*** WARNING (version #cc593f3): /home/sek519/warm_starting/pdc/../vpc/src/utility/nbspace.cpp:368: Ray 2580: Calculated dot product with obj differs from solver's. Obj viol from solver: 0.00000000. Calculated: 0.00000012.
*** WARNING (version #cc593f3): /home/sek519/warm_starting/pdc/../vpc/src/utility/nbspace.cpp:368: Ray 2600: Calculated dot product with obj differs from solver's. Obj viol from solver: 0.00000000. Calculated: 0.00000016.
*** WARNING (version #cc593f3): /home/sek519/warm_starting/pdc/../vpc/src/utility/nbspace.cpp:368: Ray 2608: Calculated dot product with obj differs from solver's. Obj viol from solver: 0.00000000. Calculated: 0.00000012.
*** WARNING (version #cc593f3): /home/sek519/warm_starting/pdc/../vpc/src/utility/nbspace.cpp:368: Ray 2609: Calculated dot product with obj differs from solver's. Obj viol from solver: 0.00000000. Calculated: 0.00000013.
*** WARNING (version #cc593f3): /home/sek519/warm_starting/pdc/../vpc/src/utility/nbspace.cpp:368: Ray 2610: Calculated dot product with obj differs from solver's. Obj viol from solver: 0.00000000. Calculated: 0.00000013.
*** WARNING (version #cc593f3): /home/sek519/warm_starting/pdc/../vpc/src/utility/nbspace.cpp:368: Ray 2611: Calculated dot product with obj differs from solver's. Obj viol from solver: 0.00000000. Calculated: 0.00000010.
*** WARNING (version #cc593f3): /home/sek519/warm_starting/pdc/../vpc/src/utility/nbspace.cpp:368: Ray 2639: Calculated dot product with obj differs from solver's. Obj viol from solver: 0.00000000. Calculated: 0.00000012.
*** WARNING (version #cc593f3): /home/sek519/warm_starting/pdc/../vpc/src/utility/nbspace.cpp:354: Ray 2642: dot product with obj < 0. Obj viol from solver: 0.00000000. Calculated: -0.00000014.
*** WARNING (version #cc593f3): /home/sek519/warm_starting/pdc/../vpc/src/utility/nbspace.cpp:368: Ray 2642: Calculated dot product with obj differs from solver's. Obj viol from solver: 0.00000000. Calculated: -0.00000014.
*** WARNING (version #cc593f3): /home/sek519/warm_starting/pdc/../vpc/src/cut/CglVPC.cpp:1280: Term 25 ray 2487 does not satisfy the objective cut. Activity: -0.00000014. RHS: 0.00000000. Small enough violation that we only send a warning.
*** WARNING (version #cc593f3): /home/sek519/warm_starting/pdc/../vpc/src/utility/nbspace.cpp:354: Ray 2643: dot product with obj < 0. Obj viol from solver: 0.00000000. Calculated: -0.00000015.
*** WARNING (version #cc593f3): /home/sek519/warm_starting/pdc/../vpc/src/utility/nbspace.cpp:368: Ray 2643: Calculated dot product with obj differs from solver's. Obj viol from solver: 0.00000000. Calculated: -0.00000015.
*** WARNING (version #cc593f3): /home/sek519/warm_starting/pdc/../vpc/src/cut/CglVPC.cpp:1280: Term 25 ray 2488 does not satisfy the objective cut. Activity: -0.00000015. RHS: 0.00000000. Small enough violation that we only send a warning.
*** WARNING (version #cc593f3): /home/sek519/warm_starting/pdc/../vpc/src/utility/nbspace.cpp:354: Ray 2645: dot product with obj < 0. Obj viol from solver: 0.00000000. Calculated: -0.00000011.
*** WARNING (version #cc593f3): /home/sek519/warm_starting/pdc/../vpc/src/utility/nbspace.cpp:368: Ray 2645: Calculated dot product with obj differs from solver's. Obj viol from solver: 0.00000000. Calculated: -0.00000011.
*** WARNING (version #cc593f3): /home/sek519/warm_starting/pdc/../vpc/src/cut/CglVPC.cpp:1280: Term 25 ray 2490 does not satisfy the objective cut. Activity: -0.00000011. RHS: 0.00000000. Small enough violation that we only send a warning.
*** WARNING (version #cc593f3): /home/sek519/warm_starting/pdc/../vpc/src/utility/nbspace.cpp:354: Ray 2646: dot product with obj < 0. Obj viol from solver: 0.00000000. Calculated: -0.00000014.
*** WARNING (version #cc593f3): /home/sek519/warm_starting/pdc/../vpc/src/utility/nbspace.cpp:368: Ray 2646: Calculated dot product with obj differs from solver's. Obj viol from solver: 0.00000000. Calculated: -0.00000014.
*** WARNING (version #cc593f3): /home/sek519/warm_starting/pdc/../vpc/src/cut/CglVPC.cpp:1280: Term 25 ray 2491 does not satisfy the objective cut. Activity: -0.00000014. RHS: 0.00000000. Small enough violation that we only send a warning.
*** WARNING (version #cc593f3): /home/sek519/warm_starting/pdc/../vpc/src/utility/nbspace.cpp:354: Ray 2647: dot product with obj < 0. Obj viol from solver: 0.00000000. Calculated: -0.00000013.
*** WARNING (version #cc593f3): /home/sek519/warm_starting/pdc/../vpc/src/utility/nbspace.cpp:368: Ray 2647: Calculated dot product with obj differs from solver's. Obj viol from solver: 0.00000000. Calculated: -0.00000013.
*** WARNING (version #cc593f3): /home/sek519/warm_starting/pdc/../vpc/src/cut/CglVPC.cpp:1280: Term 25 ray 2492 does not satisfy the objective cut. Activity: -0.00000013. RHS: 0.00000000. Small enough violation that we only send a warning.
*** WARNING (version #cc593f3): /home/sek519/warm_starting/pdc/../vpc/src/utility/nbspace.cpp:354: Ray 2650: dot product with obj < 0. Obj viol from solver: 0.00000000. Calculated: -0.00000012.
*** WARNING (version #cc593f3): /home/sek519/warm_starting/pdc/../vpc/src/utility/nbspace.cpp:368: Ray 2650: Calculated dot product with obj differs from solver's. Obj viol from solver: 0.00000000. Calculated: -0.00000012.
*** WARNING (version #cc593f3): /home/sek519/warm_starting/pdc/../vpc/src/cut/CglVPC.cpp:1280: Term 25 ray 2495 does not satisfy the objective cut. Activity: -0.00000012. RHS: 0.00000000. Small enough violation that we only send a warning.
*** WARNING (version #cc593f3): /home/sek519/warm_starting/pdc/../vpc/src/utility/nbspace.cpp:368: Ray 2652: Calculated dot product with obj differs from solver's. Obj viol from solver: 0.00000000. Calculated: 0.00000015.
*** WARNING (version #cc593f3): /home/sek519/warm_starting/pdc/../vpc/src/utility/nbspace.cpp:368: Ray 2658: Calculated dot product with obj differs from solver's. Obj viol from solver: 0.00000000. Calculated: 0.00000014.
*** WARNING (version #cc593f3): /home/sek519/warm_starting/pdc/../vpc/src/utility/nbspace.cpp:354: Ray 3673: dot product with obj < 0. Obj viol from solver: 0.00000000. Calculated: -0.00000011.
*** WARNING (version #cc593f3): /home/sek519/warm_starting/pdc/../vpc/src/utility/nbspace.cpp:368: Ray 3673: Calculated dot product with obj differs from solver's. Obj viol from solver: 0.00000000. Calculated: -0.00000011.
*** WARNING (version #cc593f3): /home/sek519/warm_starting/pdc/../vpc/src/cut/CglVPC.cpp:1280: Term 25 ray 3466 does not satisfy the objective cut. Activity: -0.00000011. RHS: 0.00000000. Small enough violation that we only send a warning.
*** WARNING (version #cc593f3): /home/sek519/warm_starting/pdc/../vpc/src/utility/nbspace.cpp:368: Ray 3680: Calculated dot product with obj differs from solver's. Obj viol from solver: 0.00000000. Calculated: 0.00000014.
*** WARNING (version #cc593f3): /home/sek519/warm_starting/pdc/../vpc/src/utility/nbspace.cpp:354: Ray 3683: dot product with obj < 0. Obj viol from solver: 0.00000000. Calculated: -0.00000013.
*** WARNING (version #cc593f3): /home/sek519/warm_starting/pdc/../vpc/src/utility/nbspace.cpp:368: Ray 3683: Calculated dot product with obj differs from solver's. Obj viol from solver: 0.00000000. Calculated: -0.00000013.
*** WARNING (version #cc593f3): /home/sek519/warm_starting/pdc/../vpc/src/cut/CglVPC.cpp:1280: Term 25 ray 3476 does not satisfy the objective cut. Activity: -0.00000013. RHS: 0.00000000. Small enough violation that we only send a warning.
*** WARNING (version #cc593f3): /home/sek519/warm_starting/pdc/../vpc/src/utility/nbspace.cpp:354: Ray 4346: dot product with obj < 0. Obj viol from solver: -0.00000000. Calculated: -0.00000016.
*** WARNING (version #cc593f3): /home/sek519/warm_starting/pdc/../vpc/src/utility/nbspace.cpp:368: Ray 4346: Calculated dot product with obj differs from solver's. Obj viol from solver: -0.00000000. Calculated: -0.00000016.
*** WARNING (version #cc593f3): /home/sek519/warm_starting/pdc/../vpc/src/cut/CglVPC.cpp:1280: Term 25 ray 4065 does not satisfy the objective cut. Activity: -0.00000016. RHS: 0.00000000. Small enough violation that we only send a warning.
*** WARNING (version #cc593f3): /home/sek519/warm_starting/pdc/../vpc/src/utility/nbspace.cpp:354: Ray 4350: dot product with obj < 0. Obj viol from solver: -0.00000000. Calculated: -0.00000012.
*** WARNING (version #cc593f3): /home/sek519/warm_starting/pdc/../vpc/src/utility/nbspace.cpp:368: Ray 4350: Calculated dot product with obj differs from solver's. Obj viol from solver: -0.00000000. Calculated: -0.00000012.
*** WARNING (version #cc593f3): /home/sek519/warm_starting/pdc/../vpc/src/cut/CglVPC.cpp:1280: Term 25 ray 4066 does not satisfy the objective cut. Activity: -0.00000012. RHS: 0.00000000. Small enough violation that we only send a warning.
*** WARNING (version #cc593f3): /home/sek519/warm_starting/pdc/../vpc/src/utility/nbspace.cpp:354: Ray 4356: dot product with obj < 0. Obj viol from solver: -0.00000000. Calculated: -0.00000013.
*** WARNING (version #cc593f3): /home/sek519/warm_starting/pdc/../vpc/src/utility/nbspace.cpp:368: Ray 4356: Calculated dot product with obj differs from solver's. Obj viol from solver: -0.00000000. Calculated: -0.00000013.
*** WARNING (version #cc593f3): /home/sek519/warm_starting/pdc/../vpc/src/cut/CglVPC.cpp:1280: Term 25 ray 4071 does not satisfy the objective cut. Activity: -0.00000013. RHS: 0.00000000. Small enough violation that we only send a warning.
*** WARNING (version #cc593f3): /home/sek519/warm_starting/pdc/../vpc/src/utility/nbspace.cpp:368: Ray 4357: Calculated dot product with obj differs from solver's. Obj viol from solver: -0.00000000. Calculated: 0.00000011.
*** WARNING (version #cc593f3): /home/sek519/warm_starting/pdc/../vpc/src/utility/nbspace.cpp:368: Ray 4384: Calculated dot product with obj differs from solver's. Obj viol from solver: -0.00000000. Calculated: 0.00000011.
*** WARNING (version #cc593f3): /home/sek519/warm_starting/pdc/../vpc/src/utility/nbspace.cpp:354: Ray 3538: dot product with obj < 0. Obj viol from solver: 0.00000000. Calculated: -0.00000015.
*** WARNING (version #cc593f3): /home/sek519/warm_starting/pdc/../vpc/src/utility/nbspace.cpp:368: Ray 3538: Calculated dot product with obj differs from solver's. Obj viol from solver: 0.00000000. Calculated: -0.00000015.
*** WARNING (version #cc593f3): /home/sek519/warm_starting/pdc/../vpc/src/cut/CglVPC.cpp:1280: Term 34 ray 3251 does not satisfy the objective cut. Activity: -0.00000015. RHS: 0.00000000. Small enough violation that we only send a warning.
*** WARNING (version #cc593f3): /home/sek519/warm_starting/pdc/../vpc/src/utility/nbspace.cpp:368: Ray 880: Calculated dot product with obj differs from solver's. Obj viol from solver: 0.00000000. Calculated: 0.00000012.
*** WARNING (version #cc593f3): /home/sek519/warm_starting/pdc/../vpc/src/utility/nbspace.cpp:354: Ray 886: dot product with obj < 0. Obj viol from solver: 0.00000000. Calculated: -0.00000017.
*** WARNING (version #cc593f3): /home/sek519/warm_starting/pdc/../vpc/src/utility/nbspace.cpp:368: Ray 886: Calculated dot product with obj differs from solver's. Obj viol from solver: 0.00000000. Calculated: -0.00000017.
*** WARNING (version #cc593f3): /home/sek519/warm_starting/pdc/../vpc/src/cut/CglVPC.cpp:1280: Term 35 ray 837 does not satisfy the objective cut. Activity: -0.00000017. RHS: 0.00000000. Small enough violation that we only send a warning.
*** WARNING (version #cc593f3): /home/sek519/warm_starting/pdc/../vpc/src/utility/nbspace.cpp:368: Ray 926: Calculated dot product with obj differs from solver's. Obj viol from solver: 0.00000000. Calculated: 0.00000017.
*** WARNING (version #cc593f3): /home/sek519/warm_starting/pdc/../vpc/src/utility/nbspace.cpp:368: Ray 927: Calculated dot product with obj differs from solver's. Obj viol from solver: 0.00000000. Calculated: 0.00000010.
*** WARNING (version #cc593f3): /home/sek519/warm_starting/pdc/../vpc/src/utility/nbspace.cpp:368: Ray 4343: Calculated dot product with obj differs from solver's. Obj viol from solver: -0.00000000. Calculated: 0.00000016.
*** WARNING (version #cc593f3): /home/sek519/warm_starting/pdc/../vpc/src/utility/nbspace.cpp:368: Ray 4345: Calculated dot product with obj differs from solver's. Obj viol from solver: -0.00000000. Calculated: 0.00000032.
*** WARNING (version #cc593f3): /home/sek519/warm_starting/pdc/../vpc/src/utility/nbspace.cpp:368: Ray 4346: Calculated dot product with obj differs from solver's. Obj viol from solver: -0.00000000. Calculated: 0.00000032.
*** WARNING (version #cc593f3): /home/sek519/warm_starting/pdc/../vpc/src/utility/nbspace.cpp:368: Ray 4351: Calculated dot product with obj differs from solver's. Obj viol from solver: -0.00000000. Calculated: 0.00000032.
*** WARNING (version #cc593f3): /home/sek519/warm_starting/pdc/../vpc/src/utility/nbspace.cpp:368: Ray 3685: Calculated dot product with obj differs from solver's. Obj viol from solver: 0.00000000. Calculated: 0.00000012.
*** WARNING (version #cc593f3): /home/sek519/warm_starting/pdc/../vpc/src/utility/nbspace.cpp:368: Ray 3741: Calculated dot product with obj differs from solver's. Obj viol from solver: 0.00000000. Calculated: 0.00000012.
*** WARNING (version #cc593f3): /home/sek519/warm_starting/pdc/../vpc/src/utility/nbspace.cpp:368: Ray 3953: Calculated dot product with obj differs from solver's. Obj viol from solver: 0.00000000. Calculated: 0.00000011.
*** WARNING (version #cc593f3): /home/sek519/warm_starting/pdc/../vpc/src/utility/nbspace.cpp:368: Ray 3990: Calculated dot product with obj differs from solver's. Obj viol from solver: 0.00000000. Calculated: 0.00000014.
*** WARNING (version #cc593f3): /home/sek519/warm_starting/pdc/../vpc/src/utility/nbspace.cpp:368: Ray 4046: Calculated dot product with obj differs from solver's. Obj viol from solver: 0.00000000. Calculated: 0.00000022.
*** WARNING (version #cc593f3): /home/sek519/warm_starting/pdc/../vpc/src/utility/nbspace.cpp:368: Ray 4398: Calculated dot product with obj differs from solver's. Obj viol from solver: -0.00000000. Calculated: 0.00000029.
*** WARNING (version #cc593f3): /home/sek519/warm_starting/pdc/../vpc/src/utility/nbspace.cpp:368: Ray 4446: Calculated dot product with obj differs from solver's. Obj viol from solver: -0.00000000. Calculated: 0.00000029.
*** WARNING (version #cc593f3): /home/sek519/warm_starting/pdc/../vpc/src/utility/nbspace.cpp:354: Ray 628: dot product with obj < 0. Obj viol from solver: 0.00000000. Calculated: -0.00000019.
*** WARNING (version #cc593f3): /home/sek519/warm_starting/pdc/../vpc/src/utility/nbspace.cpp:368: Ray 628: Calculated dot product with obj differs from solver's. Obj viol from solver: 0.00000000. Calculated: -0.00000019.
*** WARNING (version #cc593f3): /home/sek519/warm_starting/pdc/../vpc/src/cut/CglVPC.cpp:1280: Term 46 ray 591 does not satisfy the objective cut. Activity: -0.00000019. RHS: 0.00000000. Small enough violation that we only send a warning.
*** WARNING (version #cc593f3): /home/sek519/warm_starting/pdc/../vpc/src/utility/nbspace.cpp:368: Ray 3635: Calculated dot product with obj differs from solver's. Obj viol from solver: 0.00000000. Calculated: 0.00000041.
*** WARNING (version #cc593f3): /home/sek519/warm_starting/pdc/../vpc/src/utility/nbspace.cpp:368: Ray 4136: Calculated dot product with obj differs from solver's. Obj viol from solver: 0.00000000. Calculated: 0.00000038.
*** WARNING (version #cc593f3): /home/sek519/warm_starting/pdc/../vpc/src/utility/nbspace.cpp:354: Ray 4573: dot product with obj < 0. Obj viol from solver: -0.00000000. Calculated: -0.00000012.
*** WARNING (version #cc593f3): /home/sek519/warm_starting/pdc/../vpc/src/utility/nbspace.cpp:368: Ray 4573: Calculated dot product with obj differs from solver's. Obj viol from solver: -0.00000000. Calculated: -0.00000012.
*** WARNING (version #cc593f3): /home/sek519/warm_starting/pdc/../vpc/src/cut/CglVPC.cpp:1280: Term 47 ray 4187 does not satisfy the objective cut. Activity: -0.00000012. RHS: 0.00000000. Small enough violation that we only send a warning.
*** WARNING (version #cc593f3): /home/sek519/warm_starting/pdc/../vpc/src/utility/nbspace.cpp:354: Ray 4576: dot product with obj < 0. Obj viol from solver: -0.00000000. Calculated: -0.00000011.
*** WARNING (version #cc593f3): /home/sek519/warm_starting/pdc/../vpc/src/utility/nbspace.cpp:368: Ray 4576: Calculated dot product with obj differs from solver's. Obj viol from solver: -0.00000000. Calculated: -0.00000011.
*** WARNING (version #cc593f3): /home/sek519/warm_starting/pdc/../vpc/src/cut/CglVPC.cpp:1280: Term 47 ray 4190 does not satisfy the objective cut. Activity: -0.00000011. RHS: 0.00000000. Small enough violation that we only send a warning.
*** WARNING (version #cc593f3): /home/sek519/warm_starting/pdc/../vpc/src/utility/nbspace.cpp:354: Ray 3408: dot product with obj < 0. Obj viol from solver: 0.00000000. Calculated: -0.00000011.
*** WARNING (version #cc593f3): /home/sek519/warm_starting/pdc/../vpc/src/utility/nbspace.cpp:368: Ray 3408: Calculated dot product with obj differs from solver's. Obj viol from solver: 0.00000000. Calculated: -0.00000011.
*** WARNING (version #cc593f3): /home/sek519/warm_starting/pdc/../vpc/src/cut/CglVPC.cpp:1280: Term 52 ray 3160 does not satisfy the objective cut. Activity: -0.00000011. RHS: 0.00000000. Small enough violation that we only send a warning.
*** WARNING (version #cc593f3): /home/sek519/warm_starting/pdc/../vpc/src/utility/nbspace.cpp:354: Ray 1470: dot product with obj < 0. Obj viol from solver: 0.00000000. Calculated: -0.00000012.
*** WARNING (version #cc593f3): /home/sek519/warm_starting/pdc/../vpc/src/utility/nbspace.cpp:368: Ray 1470: Calculated dot product with obj differs from solver's. Obj viol from solver: 0.00000000. Calculated: -0.00000012.
*** WARNING (version #cc593f3): /home/sek519/warm_starting/pdc/../vpc/src/cut/CglVPC.cpp:1280: Term 56 ray 1384 does not satisfy the objective cut. Activity: -0.00000012. RHS: 0.00000000. Small enough violation that we only send a warning.
*** WARNING (version #cc593f3): /home/sek519/warm_starting/pdc/../vpc/src/utility/nbspace.cpp:354: Ray 1553: dot product with obj < 0. Obj viol from solver: 0.00000000. Calculated: -0.00000021.
*** WARNING (version #cc593f3): /home/sek519/warm_starting/pdc/../vpc/src/utility/nbspace.cpp:368: Ray 1553: Calculated dot product with obj differs from solver's. Obj viol from solver: 0.00000000. Calculated: -0.00000021.
*** WARNING (version #cc593f3): /home/sek519/warm_starting/pdc/../vpc/src/cut/CglVPC.cpp:1280: Term 56 ray 1467 does not satisfy the objective cut. Activity: -0.00000021. RHS: 0.00000000. Small enough violation that we only send a warning.
*** WARNING (version #cc593f3): /home/sek519/warm_starting/pdc/../vpc/src/utility/nbspace.cpp:368: Ray 4448: Calculated dot product with obj differs from solver's. Obj viol from solver: -0.00000000. Calculated: 0.00000010.
/var/spool/torque/mom_priv/jobs/1933095.polyp1.ie.lehigh.edu.SC: line 8: 1018002 Aborted                 ../Release/pdc "${INPUT_FOLDER}" "${OUTPUT_FILE}" "${MAX_TIME}" "${GENERATOR}" "${TERMS}" "${MIP_SOLVER}" "${PROVIDE_PRIMAL_BOUND}" "${SEED_INDEX}" "${TIGHTEN_DISJUNCTION}" "${TIGHTEN_MATRIX_PERTURBATION}" "${TIGHTEN_INFEASIBLE_TERM}" "${TIGHTEN_INFEASIBLE_BASIS}" "${DISJUNCTIVE_WARM_START}"
