*** WARNING (version #cc593f3): /home/sek519/warm_starting/pdc/../vpc/src/cut/CglVPC.cpp:683: Nonbasic reduced cost should be >= 0 in the complemented nonbasic space. However, for nb var 238 (real var 470), it is -1.406005e-06. Small enough error that we only send warning.
*** WARNING (version #cc593f3): /home/sek519/warm_starting/pdc/../vpc/src/utility/nbspace.cpp:354: Ray 470: dot product with obj < 0. Obj viol from solver: -0.00000141. Calculated: -0.00000141.
*** WARNING (version #cc593f3): /home/sek519/warm_starting/pdc/../vpc/src/cut/CglVPC.cpp:1280: Term 16 ray 238 does not satisfy the objective cut. Activity: -0.00000141. RHS: 0.00000000. Small enough violation that we only send a warning.
*** WARNING (version #cc593f3): /home/sek519/warm_starting/pdc/../vpc/src/cut/CglVPC.cpp:683: Nonbasic reduced cost should be >= 0 in the complemented nonbasic space. However, for nb var 829 (real var 1798), it is -3.117719e-07. Small enough error that we only send warning.
*** WARNING (version #cc593f3): /home/sek519/warm_starting/pdc/../vpc/src/utility/nbspace.cpp:354: Ray 1798: dot product with obj < 0. Obj viol from solver: -0.00000031. Calculated: -0.00000031.
*** WARNING (version #cc593f3): /home/sek519/warm_starting/pdc/../vpc/src/cut/CglVPC.cpp:1280: Term 21 ray 829 does not satisfy the objective cut. Activity: -0.00000031. RHS: 0.00000000. Small enough violation that we only send a warning.
*** WARNING (version #cc593f3): /home/sek519/warm_starting/pdc/../vpc/src/cut/CglVPC.cpp:683: Nonbasic reduced cost should be >= 0 in the complemented nonbasic space. However, for nb var 51 (real var 102), it is -5.101222e-06. Small enough error that we only send warning.
*** WARNING (version #cc593f3): /home/sek519/warm_starting/pdc/../vpc/src/cut/CglVPC.cpp:683: Nonbasic reduced cost should be >= 0 in the complemented nonbasic space. However, for nb var 859 (real var 1843), it is -3.242718e-06. Small enough error that we only send warning.
*** WARNING (version #cc593f3): /home/sek519/warm_starting/pdc/../vpc/src/utility/nbspace.cpp:354: Ray 102: dot product with obj < 0. Obj viol from solver: -0.00000510. Calculated: -0.00000510.
*** WARNING (version #cc593f3): /home/sek519/warm_starting/pdc/../vpc/src/cut/CglVPC.cpp:1280: Term 22 ray 51 does not satisfy the objective cut. Activity: -0.00000510. RHS: 0.00000000. Small enough violation that we only send a warning.
*** WARNING (version #cc593f3): /home/sek519/warm_starting/pdc/../vpc/src/utility/nbspace.cpp:354: Ray 1843: dot product with obj < 0. Obj viol from solver: -0.00000324. Calculated: -0.00000324.
*** WARNING (version #cc593f3): /home/sek519/warm_starting/pdc/../vpc/src/cut/CglVPC.cpp:1280: Term 22 ray 859 does not satisfy the objective cut. Activity: -0.00000324. RHS: 0.00000000. Small enough violation that we only send a warning.
*** WARNING (version #cc593f3): /home/sek519/warm_starting/pdc/../vpc/src/cut/CglVPC.cpp:683: Nonbasic reduced cost should be >= 0 in the complemented nonbasic space. However, for nb var 243 (real var 428), it is -4.546338e-06. Small enough error that we only send warning.
*** WARNING (version #cc593f3): /home/sek519/warm_starting/pdc/../vpc/src/utility/nbspace.cpp:354: Ray 428: dot product with obj < 0. Obj viol from solver: -0.00000455. Calculated: -0.00000455.
*** WARNING (version #cc593f3): /home/sek519/warm_starting/pdc/../vpc/src/cut/CglVPC.cpp:1280: Term 34 ray 243 does not satisfy the objective cut. Activity: -0.00000455. RHS: 0.00000000. Small enough violation that we only send a warning.
*** WARNING (version #cc593f3): /home/sek519/warm_starting/pdc/../vpc/src/cut/CglVPC.cpp:683: Nonbasic reduced cost should be >= 0 in the complemented nonbasic space. However, for nb var 748 (real var 1486), it is -8.417121e-07. Small enough error that we only send warning.
*** WARNING (version #cc593f3): /home/sek519/warm_starting/pdc/../vpc/src/cut/CglVPC.cpp:683: Nonbasic reduced cost should be >= 0 in the complemented nonbasic space. However, for nb var 749 (real var 1495), it is -8.417121e-07. Small enough error that we only send warning.
*** WARNING (version #cc593f3): /home/sek519/warm_starting/pdc/../vpc/src/utility/nbspace.cpp:354: Ray 1486: dot product with obj < 0. Obj viol from solver: -0.00000084. Calculated: -0.00000084.
*** WARNING (version #cc593f3): /home/sek519/warm_starting/pdc/../vpc/src/cut/CglVPC.cpp:1280: Term 57 ray 748 does not satisfy the objective cut. Activity: -0.00000084. RHS: 0.00000000. Small enough violation that we only send a warning.
*** WARNING (version #cc593f3): /home/sek519/warm_starting/pdc/../vpc/src/utility/nbspace.cpp:354: Ray 1495: dot product with obj < 0. Obj viol from solver: -0.00000084. Calculated: -0.00000084.
*** WARNING (version #cc593f3): /home/sek519/warm_starting/pdc/../vpc/src/cut/CglVPC.cpp:1280: Term 57 ray 749 does not satisfy the objective cut. Activity: -0.00000084. RHS: 0.00000000. Small enough violation that we only send a warning.
*** WARNING (version #cc593f3): /home/sek519/warm_starting/pdc/../vpc/src/cut/PRLP.cpp:392: PRLP took too long to solve (62.421376 sec, with limit of 60.000000 sec); giving up on this point-ray collection.
No vpcs were made from a new disjunction in first iteration. Stopping series.
