*** WARNING (version #cc593f3): /home/sek519/warm_starting/pdc/../vpc/src/utility/nbspace.cpp:149: Point: Calculated dot product with obj differs from solver's. Obj viol from solver: 314165792.62195331. Calculated: 314165792.62195319.
*** WARNING (version #cc593f3): /home/sek519/warm_starting/pdc/../vpc/src/utility/nbspace.cpp:149: Point: Calculated dot product with obj differs from solver's. Obj viol from solver: 264014454.12774998. Calculated: 264014454.12774986.
*** WARNING (version #cc593f3): /home/sek519/warm_starting/pdc/../vpc/src/utility/nbspace.cpp:149: Point: Calculated dot product with obj differs from solver's. Obj viol from solver: 152969301.72514904. Calculated: 152969301.72514915.
*** WARNING (version #cc593f3): /home/sek519/warm_starting/pdc/../vpc/src/utility/nbspace.cpp:149: Point: Calculated dot product with obj differs from solver's. Obj viol from solver: 135768679.29675710. Calculated: 135768679.29675698.
*** WARNING (version #cc593f3): /home/sek519/warm_starting/pdc/../vpc/src/utility/nbspace.cpp:149: Point: Calculated dot product with obj differs from solver's. Obj viol from solver: 253208614.90261656. Calculated: 253208614.90261644.
*** WARNING (version #cc593f3): /home/sek519/warm_starting/pdc/../vpc/src/utility/nbspace.cpp:149: Point: Calculated dot product with obj differs from solver's. Obj viol from solver: 256309010.54029787. Calculated: 256309010.54029775.
*** WARNING (version #cc593f3): /home/sek519/warm_starting/pdc/../vpc/src/utility/nbspace.cpp:149: Point: Calculated dot product with obj differs from solver's. Obj viol from solver: 255209763.31984526. Calculated: 255209763.31984514.
*** WARNING (version #cc593f3): /home/sek519/warm_starting/pdc/../vpc/src/utility/nbspace.cpp:149: Point: Calculated dot product with obj differs from solver's. Obj viol from solver: 274343049.97029644. Calculated: 274343049.97029626.
*** WARNING (version #cc593f3): /home/sek519/warm_starting/pdc/../vpc/src/utility/nbspace.cpp:149: Point: Calculated dot product with obj differs from solver's. Obj viol from solver: 304443870.74928486. Calculated: 304443870.74928474.
*** WARNING (version #cc593f3): /home/sek519/warm_starting/pdc/../vpc/src/utility/nbspace.cpp:149: Point: Calculated dot product with obj differs from solver's. Obj viol from solver: 238432918.88090110. Calculated: 238432918.88090098.
*** WARNING (version #cc593f3): /home/sek519/warm_starting/pdc/../vpc/src/utility/nbspace.cpp:149: Point: Calculated dot product with obj differs from solver's. Obj viol from solver: 332286811.65575677. Calculated: 332286811.65575659.
*** WARNING (version #cc593f3): /home/sek519/warm_starting/pdc/../vpc/src/utility/nbspace.cpp:149: Point: Calculated dot product with obj differs from solver's. Obj viol from solver: 135921415.82665336. Calculated: 135921415.82665321.
*** WARNING (version #cc593f3): /home/sek519/warm_starting/pdc/../vpc/src/utility/nbspace.cpp:149: Point: Calculated dot product with obj differs from solver's. Obj viol from solver: 397908877.20537174. Calculated: 397908877.20537156.
*** WARNING (version #cc593f3): /home/sek519/warm_starting/pdc/../vpc/src/utility/nbspace.cpp:149: Point: Calculated dot product with obj differs from solver's. Obj viol from solver: 256356236.55074608. Calculated: 256356236.55074620.
*** WARNING (version #cc593f3): /home/sek519/warm_starting/pdc/../vpc/src/utility/nbspace.cpp:149: Point: Calculated dot product with obj differs from solver's. Obj viol from solver: 203705899.40509892. Calculated: 203705899.40509909.
*** WARNING (version #cc593f3): /home/sek519/warm_starting/pdc/../vpc/src/utility/nbspace.cpp:149: Point: Calculated dot product with obj differs from solver's. Obj viol from solver: 246775145.77631968. Calculated: 246775145.77631956.
*** WARNING (version #cc593f3): /home/sek519/warm_starting/pdc/../vpc/src/utility/nbspace.cpp:149: Point: Calculated dot product with obj differs from solver's. Obj viol from solver: 280450142.25402230. Calculated: 280450142.25402260.
*** WARNING (version #cc593f3): /home/sek519/warm_starting/pdc/../vpc/src/utility/nbspace.cpp:149: Point: Calculated dot product with obj differs from solver's. Obj viol from solver: 221631594.73949265. Calculated: 221631594.73949292.
*** WARNING (version #cc593f3): /home/sek519/warm_starting/pdc/../vpc/src/utility/nbspace.cpp:149: Point: Calculated dot product with obj differs from solver's. Obj viol from solver: 199714354.50793082. Calculated: 199714354.50793093.
*** WARNING (version #cc593f3): /home/sek519/warm_starting/pdc/../vpc/src/utility/nbspace.cpp:149: Point: Calculated dot product with obj differs from solver's. Obj viol from solver: 163494490.72366804. Calculated: 163494490.72366825.
messed up a farkas cofficient
setting all farkas coefficients to 0
messed up a farkas cofficient
setting all farkas coefficients to 0
messed up a farkas cofficient
setting all farkas coefficients to 0
messed up a farkas cofficient
setting all farkas coefficients to 0
messed up a farkas cofficient
setting all farkas coefficients to 0
messed up a farkas cofficient
setting all farkas coefficients to 0
messed up a farkas cofficient
setting all farkas coefficients to 0
messed up a farkas cofficient
setting all farkas coefficients to 0
messed up a farkas cofficient
setting all farkas coefficients to 0
messed up a farkas cofficient
setting all farkas coefficients to 0
messed up a farkas cofficient
setting all farkas coefficients to 0
messed up a farkas cofficient
setting all farkas coefficients to 0
messed up a farkas cofficient
setting all farkas coefficients to 0
messed up a farkas cofficient
setting all farkas coefficients to 0
messed up a farkas cofficient
setting all farkas coefficients to 0
messed up a farkas cofficient
setting all farkas coefficients to 0
632: cut: 3.7687e+09	calc: 3.7687e+09	diff: -4.76837e-07
*** WARNING (version #cc593f3): src/PdcUtility.cpp:298: Number of differences between true and calculated cuts: 1. Total difference: 4.76837e-07. Small enough difference that we will try to continue, but beware of numerical issues.
x:
x[0] = 1121.04
x[1] = 6.82121e-13
x[2] = -0
x[3] = 1121.04
x[4] = 258.702
x[5] = 2.27374e-13
x[6] = 0
x[7] = 1379.75
x[8] = 2.27374e-13
x[9] = -0
x[10] = 258.702
x[11] = 2.27374e-13
x[12] = -2.27374e-13
x[13] = 517.405
x[14] = 2.27374e-13
x[15] = -0
x[16] = 258.702
x[17] = 86.2341
x[18] = 0
x[19] = 1121.04
x[20] = 172.468
x[21] = -2.27374e-13
x[22] = 1121.04
x[23] = 258.702
x[24] = 1121.04
x[25] = 0
x[26] = 0
x[27] = 0
x[28] = -862.341
x[29] = 0
x[30] = 0
x[31] = -0
x[32] = 0
x[33] = 0
x[34] = 0
x[35] = 0
x[36] = 0
x[37] = 0
x[38] = 0
x[39] = 0
x[40] = 0
x[41] = 0
x[42] = 0
x[43] = 0
x[44] = 0
x[45] = 0
x[46] = 0
x[47] = 0
x[48] = 0
x[49] = 0
x[50] = 0
x[51] = 0
x[52] = 0
x[53] = 0
x[54] = 0
x[55] = -0
x[56] = 0
x[57] = 0
x[58] = 0
x[59] = 0
x[60] = 0
x[61] = 0
x[62] = 0
x[63] = 0
x[64] = 0
x[65] = 0
x[66] = 0
x[67] = 0
x[68] = 0
x[69] = 0
x[70] = 0
x[71] = 0
x[72] = 0
x[73] = 0
x[74] = 0
x[75] = 0
x[76] = 0
x[77] = 0
x[78] = 0
x[79] = 0
x[80] = 0
x[81] = 0
x[82] = 0
x[83] = 0
x[84] = 0
x[85] = 0
x[86] = 0
x[87] = 0
x[88] = 0
x[89] = 0
x[90] = 0
x[91] = 0
x[92] = 0
x[93] = 0
x[94] = -0
x[95] = 0
x[96] = 0
x[97] = -862.341
x[98] = -1379.75
x[99] = 0
x[100] = 0
x[101] = -1983.38
x[102] = -2155.85
x[103] = -1638.45
x[104] = -2845.73
x[105] = 0
x[106] = 0
x[107] = 0
x[108] = 0
x[109] = 0
x[110] = 0
x[111] = -2242.09
x[112] = 0
x[113] = 0
x[114] = 0
x[115] = -258.702
x[116] = 0
x[117] = 0
x[118] = -3104.43
x[119] = 0
x[120] = -862.341
x[121] = 0
x[122] = 0
x[123] = 0
x[124] = 0
x[125] = 0
x[126] = 0
x[127] = -0
x[128] = 0
x[129] = 0
x[130] = 0
x[131] = 0
x[132] = 0
x[133] = 0
x[134] = 0
x[135] = 0
x[136] = 0
x[137] = 0
x[138] = 0
x[139] = 0
x[140] = 0
x[141] = 0
x[142] = 0
x[143] = 0
x[144] = 0
x[145] = 0
x[146] = 0
x[147] = 0
x[148] = 0
x[149] = 0
x[150] = 0
x[151] = -0
x[152] = 0
x[153] = 0
x[154] = 0
x[155] = 0
x[156] = 0
x[157] = 0
x[158] = 0
x[159] = 0
x[160] = 0
x[161] = 0
x[162] = 0
x[163] = 0
x[164] = 0
x[165] = 0
x[166] = 0
x[167] = 0
x[168] = 0
x[169] = 0
x[170] = 0
x[171] = 0
x[172] = 0
x[173] = 0
x[174] = 0
x[175] = -0
x[176] = 0
x[177] = 0
x[178] = 0
x[179] = 0
x[180] = 0
x[181] = 0
x[182] = 0
x[183] = 0
x[184] = 0
x[185] = 0
x[186] = 0
x[187] = 0
x[188] = 0
x[189] = 0
x[190] = 0
x[191] = 0
x[192] = 0
x[193] = 0
x[194] = 0
x[195] = 0
x[196] = 0
x[197] = 0
x[198] = 0
x[199] = 0
x[200] = 0
x[201] = 0
x[202] = 0
x[203] = 0
x[204] = 0
x[205] = 0
x[206] = 0
x[207] = 0
x[208] = 0
x[209] = 0
x[210] = 0
x[211] = 0
x[212] = 0
x[213] = 0
x[214] = 0
x[215] = 0
x[216] = 0
x[217] = 0
x[218] = 0
x[219] = 0
x[220] = 0
x[221] = 0
x[222] = 0
x[223] = 0
x[224] = -0
x[225] = 0
x[226] = 0
x[227] = -1207.28
x[228] = 0
x[229] = 0
x[230] = 0
x[231] = 0
x[232] = 0
x[233] = 0
x[234] = 0
x[235] = 0
x[236] = 0
x[237] = 0
x[238] = 0
x[239] = 0
x[240] = 0
x[241] = 0
x[242] = 0
x[243] = 0
x[244] = 0
x[245] = 0
x[246] = 0
x[247] = 0
x[248] = 0
x[249] = 0
x[250] = 0
x[251] = 0
x[252] = 0
x[253] = 0
x[254] = 0
x[255] = 0
x[256] = 0
x[257] = 0
x[258] = 0
x[259] = 0
x[260] = 0
x[261] = 0
x[262] = -0
x[263] = 0
x[264] = 0
x[265] = 0
x[266] = 0
x[267] = 0
x[268] = 0
x[269] = 0
x[270] = 0
x[271] = 0
x[272] = -0
x[273] = 0
x[274] = 0
x[275] = 0
x[276] = 0
x[277] = 0
x[278] = 0
x[279] = 0
x[280] = 0
x[281] = 0
x[282] = 0
x[283] = 0
x[284] = 0
x[285] = 0
x[286] = 0
x[287] = 0
x[288] = 0
x[289] = 0
x[290] = 0
x[291] = 0
x[292] = 0
x[293] = 0
x[294] = 0
x[295] = 0
x[296] = -0
x[297] = 0
x[298] = 0
x[299] = 0
x[300] = 0
x[301] = 0
x[302] = 0
x[303] = 0
x[304] = 0
x[305] = 0
x[306] = 0
x[307] = 0
x[308] = 0
x[309] = 0
x[310] = 0
x[311] = 0
x[312] = 0
x[313] = 0
x[314] = 0
x[315] = 0
x[316] = 0
x[317] = 0
x[318] = 0
x[319] = 0
x[320] = -0
x[321] = 0
x[322] = 0
x[323] = 0
x[324] = 0
x[325] = 0
x[326] = 0
x[327] = 0
x[328] = 0
x[329] = 0
x[330] = 0
x[331] = 0
x[332] = 0
x[333] = 0
x[334] = 0
x[335] = 0
x[336] = 0
x[337] = 0
x[338] = 0
x[339] = 0
x[340] = 0
x[341] = 0
x[342] = 0
x[343] = 0
x[344] = -0
x[345] = 0
x[346] = 0
x[347] = 0
x[348] = 0
x[349] = 0
x[350] = 0
x[351] = 0
x[352] = 0
x[353] = 0
x[354] = 0
x[355] = 0
x[356] = 0
x[357] = 0
x[358] = 0
x[359] = 0
x[360] = 0
x[361] = 0
x[362] = 0
x[363] = 0
x[364] = 0
x[365] = 0
x[366] = 0
x[367] = 0
x[368] = -0
x[369] = 0
x[370] = 0
x[371] = 0
x[372] = 0
x[373] = 0
x[374] = 0
x[375] = 0
x[376] = 0
x[377] = 0
x[378] = 0
x[379] = 0
x[380] = 0
x[381] = 0
x[382] = 0
x[383] = 0
x[384] = 0
x[385] = 0
x[386] = 0
x[387] = 0
x[388] = 0
x[389] = 0
x[390] = -517.405
x[391] = 0
x[392] = 0
x[393] = 0
x[394] = 0
x[395] = 0
x[396] = 0
x[397] = 0
x[398] = 0
x[399] = 0
x[400] = 0
x[401] = 0
x[402] = 0
x[403] = 0
x[404] = 0
x[405] = 0
x[406] = -0
x[407] = 0
x[408] = 0
x[409] = 0
x[410] = 0
x[411] = 0
x[412] = 0
x[413] = 0
x[414] = 0
x[415] = 0
x[416] = -0
x[417] = 0
x[418] = 0
x[419] = 0
x[420] = 0
x[421] = 0
x[422] = 0
x[423] = 0
x[424] = 0
x[425] = 0
x[426] = 0
x[427] = 0
x[428] = 0
x[429] = 0
x[430] = 0
x[431] = 0
x[432] = 0
x[433] = 0
x[434] = 0
x[435] = 0
x[436] = 0
x[437] = 0
x[438] = 0
x[439] = 0
x[440] = -0
x[441] = 0
x[442] = 0
x[443] = 0
x[444] = 0
x[445] = 0
x[446] = 0
x[447] = 0
x[448] = 0
x[449] = 0
x[450] = 0
x[451] = 0
x[452] = 0
x[453] = 0
x[454] = 0
x[455] = 0
x[456] = 0
x[457] = 0
x[458] = 0
x[459] = 0
x[460] = 0
x[461] = 0
x[462] = 0
x[463] = 0
x[464] = -0
x[465] = 0
x[466] = 0
x[467] = 0
x[468] = 0
x[469] = 0
x[470] = 0
x[471] = 0
x[472] = 0
x[473] = 0
x[474] = 0
x[475] = 0
x[476] = 0
x[477] = 0
x[478] = 0
x[479] = 0
x[480] = 0
x[481] = 0
x[482] = 0
x[483] = 0
x[484] = 0
x[485] = 0
x[486] = 0
x[487] = 0
x[488] = -0
x[489] = 0
x[490] = 0
x[491] = 0
x[492] = 0
x[493] = 0
x[494] = 0
x[495] = 0
x[496] = 0
x[497] = 0
x[498] = 0
x[499] = 0
x[500] = 0
x[501] = 0
x[502] = 0
x[503] = 0
x[504] = 0
x[505] = 0
x[506] = 0
x[507] = 0
x[508] = 0
x[509] = 0
x[510] = 0
x[511] = 0
x[512] = -0
x[513] = 0
x[514] = 0
x[515] = 0
x[516] = 0
x[517] = 0
x[518] = 0
x[519] = 0
x[520] = 0
x[521] = 0
x[522] = 0
x[523] = 0
x[524] = 0
x[525] = 0
x[526] = 0
x[527] = 0
x[528] = 0
x[529] = 0
x[530] = 0
x[531] = 0
x[532] = 0
x[533] = 0
x[534] = 0
x[535] = 0
x[536] = 0
x[537] = 0
x[538] = 0
x[539] = 0
x[540] = 0
x[541] = 0
x[542] = 0
x[543] = 0
x[544] = 0
x[545] = 0
x[546] = 0
x[547] = 0
x[548] = 0
x[549] = 0
x[550] = -0
x[551] = 0
x[552] = 0
x[553] = 0
x[554] = 0
x[555] = 0
x[556] = 0
x[557] = -948.575
x[558] = 0
x[559] = 0
x[560] = 0
x[561] = -1121.04
x[562] = 0
x[563] = 0
x[564] = 0
x[565] = -948.575
x[566] = 0
x[567] = 0
x[568] = 0
x[569] = 0
x[570] = -86.2341
x[571] = 0
x[572] = 0
x[573] = 0
x[574] = 0
x[575] = 0
x[576] = 0
x[577] = 0
x[578] = 0
x[579] = 0
x[580] = 0
x[581] = 0
x[582] = 0
x[583] = -0
x[584] = 0
x[585] = 0
x[586] = 0
x[587] = 0
x[588] = 0
x[589] = 0
x[590] = 0
x[591] = 0
x[592] = 0
x[593] = 0
x[594] = 0
x[595] = 0
x[596] = 0
x[597] = 0
x[598] = 0
x[599] = 0
x[600] = 0
x[601] = 0
x[602] = 0
x[603] = 0
x[604] = 0
x[605] = 0
x[606] = 0
x[607] = -0
x[608] = 0
x[609] = 0
x[610] = 0
x[611] = 0
x[612] = 0
x[613] = 0
x[614] = 0
x[615] = 0
x[616] = 0
x[617] = 0
x[618] = 0
x[619] = 0
x[620] = 0
x[621] = 0
x[622] = 0
x[623] = 0
x[624] = -2242.09
x[625] = -1724.68
x[626] = -1207.28
x[627] = -3104.43
x[628] = -1293.51
x[629] = -1121.04
x[630] = -1121.04
x[631] = -689.873
x[632] = -862.341
x[633] = 0
x[634] = -1897.15
x[635] = -1293.51
x[636] = 0
x[637] = -1897.15
x[638] = -2242.09
x[639] = -862.341
x[640] = -1379.75
x[641] = -3966.77
x[642] = -1121.04
x[643] = -2845.73
x[644] = -2414.56
x[645] = -689.873
x[646] = -1121.04
x[647] = -2500.79
x[648] = -2500.79
x[649] = -0
x[650] = 2.51247e+09
x[651] = 1.0992e+09
x[652] = 1121.04
x[653] = 2328.32
x[654] = 1983.38
x[655] = 862.341
x[656] = 1121.04
x[657] = 1293.51
x[658] = 1724.68
x[659] = 1121.04
x[660] = 2500.79
x[661] = 1293.51
x[662] = 2242.09
x[663] = 862.341
x[664] = 1121.04
x[665] = 1983.38
x[666] = 1983.38
x[667] = 3535.6
x[668] = 2242.09
x[669] = 1465.98
x[670] = 2242.09
x[671] = 1810.92
x[672] = 1121.04
x[673] = 1983.38
x[674] = 603.639
x[675] = 4.54747e-13
x[676] = 2242.09
x[677] = 862.341
x[678] = 862.341
x[679] = 1121.04
x[680] = 1293.51
x[681] = 1724.68
x[682] = 1121.04
x[683] = 1638.45
x[684] = 1293.51
x[685] = 2242.09
x[686] = 862.341
x[687] = 517.405
x[688] = 1121.04
x[689] = 1983.38
x[690] = 3018.19
x[691] = 2242.09
x[692] = 603.639
x[693] = 2242.09
x[694] = 1810.92
x[695] = 1121.04
x[696] = 1638.45
x[697] = 2.27374e-13
x[698] = 1121.04
x[699] = 1724.68
x[700] = 1983.38
x[701] = 1034.81
x[702] = -2.27374e-13
x[703] = 0
x[704] = -2.27374e-13
x[705] = -2.27374e-13
x[706] = 0
x[707] = 1034.81
x[708] = -2.27374e-13
x[709] = 1724.68
x[710] = 1034.81
x[711] = 2242.09
x[712] = 0
x[713] = 344.936
x[714] = 3276.9
x[715] = 0
x[716] = 1724.68
x[717] = 1724.68
x[718] = 86.2341
x[719] = 1638.45
x[720] = 1121.04
x[721] = 0
x[722] = 1121.04
x[723] = 2242.09
x[724] = 862.341
x[725] = 1121.04
x[726] = 1293.51
x[727] = 1724.68
x[728] = 1121.04
x[729] = 2500.79
x[730] = 1293.51
x[731] = 1983.38
x[732] = 862.341
x[733] = 1121.04
x[734] = 1121.04
x[735] = 1724.68
x[736] = 2155.85
x[737] = 2242.09
x[738] = 2.27374e-13
x[739] = 1983.38
x[740] = 1810.92
x[741] = 1121.04
x[742] = 1724.68
x[743] = 0
x[744] = 1379.75
x[745] = 1983.38
x[746] = 1465.98
x[747] = 2242.09
x[748] = 1379.75
x[749] = 1379.75
x[750] = 1379.75
x[751] = 1379.75
x[752] = 1897.15
x[753] = 1379.75
x[754] = 1379.75
x[755] = -1.02318e-12
x[756] = 2500.79
x[757] = 1379.75
x[758] = 1379.75
x[759] = 2673.26
x[760] = 1379.75
x[761] = 1983.38
x[762] = 1379.75
x[763] = 1379.75
x[764] = 258.702
x[765] = 1121.04
x[766] = 1379.75
x[767] = 1121.04
x[768] = 1897.15
x[769] = 1207.28
x[770] = 1983.38
x[771] = 1465.98
x[772] = 172.468
x[773] = 603.639
x[774] = 2.27374e-13
x[775] = 1638.45
x[776] = 1207.28
x[777] = 2242.09
x[778] = 1379.75
x[779] = 2242.09
x[780] = 862.341
x[781] = 1121.04
x[782] = 3880.54
x[783] = 1121.04
x[784] = 1724.68
x[785] = 2242.09
x[786] = 689.873
x[787] = 2.27374e-13
x[788] = 2242.09
x[789] = 1121.04
x[790] = 1121.04
x[791] = 1724.68
x[792] = 1207.28
x[793] = 1983.38
x[794] = 1465.98
x[795] = -2.27374e-13
x[796] = 431.171
x[797] = 0
x[798] = 1465.98
x[799] = 1034.81
x[800] = 2069.62
x[801] = 1207.28
x[802] = 2242.09
x[803] = 862.341
x[804] = 948.575
x[805] = 3708.07
x[806] = 948.575
x[807] = 1724.68
x[808] = 2069.62
x[809] = 603.639
x[810] = 0
x[811] = 2069.62
x[812] = 1121.04
x[813] = 1638.45
x[814] = 2759.49
x[815] = 2587.02
x[816] = 3104.43
x[817] = 1638.45
x[818] = 1379.75
x[819] = 1552.21
x[820] = 1983.38
x[821] = 1379.75
x[822] = 2500.79
x[823] = 1552.21
x[824] = 2242.09
x[825] = 1379.75
x[826] = 2759.49
x[827] = 1983.38
x[828] = 2242.09
x[829] = 4053
x[830] = 2242.09
x[831] = 2242.09
x[832] = 2242.09
x[833] = 2069.62
x[834] = 1379.75
x[835] = 2242.09
x[836] = 2242.09
x[837] = 1121.04
x[838] = 1724.68
x[839] = 1207.28
x[840] = 1983.38
x[841] = 1465.98
x[842] = 0
x[843] = 172.468
x[844] = 2.27374e-13
x[845] = 1552.21
x[846] = 1034.81
x[847] = 1810.92
x[848] = 1379.75
x[849] = 2242.09
x[850] = 517.405
x[851] = 517.405
x[852] = 3794.3
x[853] = 517.405
x[854] = 1724.68
x[855] = 1810.92
x[856] = 172.468
x[857] = 4.54747e-13
x[858] = 1638.45
x[859] = 1121.04
x[860] = 1121.04
x[861] = 1897.15
x[862] = 1207.28
x[863] = 1983.38
x[864] = 1465.98
x[865] = -2.27374e-13
x[866] = 172.468
x[867] = 0
x[868] = 603.639
x[869] = 1638.45
x[870] = 1207.28
x[871] = 2242.09
x[872] = 1379.75
x[873] = 2242.09
x[874] = 862.341
x[875] = 1121.04
x[876] = 3880.54
x[877] = 1121.04
x[878] = 1724.68
x[879] = 2242.09
x[880] = 689.873
x[881] = 2242.09
x[882] = 1121.04
x[883] = 1379.75
x[884] = 1379.75
x[885] = 1552.21
x[886] = 2242.09
x[887] = 1121.04
x[888] = 1379.75
x[889] = 1379.75
x[890] = 1379.75
x[891] = 1379.75
x[892] = 1552.21
x[893] = 1465.98
x[894] = 1121.04
x[895] = 1897.15
x[896] = 1379.75
x[897] = 1121.04
x[898] = 2242.09
x[899] = 1379.75
x[900] = 1983.38
x[901] = 1465.98
x[902] = 1379.75
x[903] = 344.936
x[904] = 2242.09
x[905] = 862.341
x[906] = 1121.04
x[907] = 1724.68
x[908] = 1207.28
x[909] = 1983.38
x[910] = 1034.81
x[911] = 0
x[912] = 2.27374e-13
x[913] = 431.171
x[914] = 2.27374e-13
x[915] = 1207.28
x[916] = 1724.68
x[917] = 1034.81
x[918] = 2242.09
x[919] = 862.341
x[920] = 689.873
x[921] = 3449.36
x[922] = 948.575
x[923] = 1724.68
x[924] = 1724.68
x[925] = 603.639
x[926] = 2.27374e-13
x[927] = 1638.45
x[928] = 1121.04
x[929] = -2.27374e-13
x[930] = 1121.04
x[931] = 1207.28
x[932] = 1983.38
x[933] = 258.702
x[934] = -4.54747e-13
x[935] = 86.2341
x[936] = 517.405
x[937] = -2.27374e-13
x[938] = 517.405
x[939] = 86.2341
x[940] = 0
x[941] = 1121.04
x[942] = 862.341
x[943] = -4.54747e-13
x[944] = 2673.26
x[945] = 1034.81
x[946] = 603.639
x[947] = -1.7053e-13
x[948] = 689.873
x[949] = 0
x[950] = 776.107
x[951] = 603.639
x[952] = 1638.45
x[953] = 2242.09
x[954] = 1724.68
x[955] = 2500.79
x[956] = 258.702
x[957] = 1379.75
x[958] = 1379.75
x[959] = 1379.75
x[960] = 1379.75
x[961] = 1897.15
x[962] = 1379.75
x[963] = 1638.45
x[964] = 2759.49
x[965] = 1379.75
x[966] = 1379.75
x[967] = 2673.26
x[968] = 1638.45
x[969] = 1983.38
x[970] = 1638.45
x[971] = 1379.75
x[972] = 517.405
x[973] = 1121.04
x[974] = 1638.45
x[975] = 258.702
x[976] = 1121.04
x[977] = 2328.32
x[978] = 1983.38
x[979] = 862.341
x[980] = 1379.75
x[981] = 1552.21
x[982] = 1983.38
x[983] = 1379.75
x[984] = 1638.45
x[985] = 1552.21
x[986] = 2242.09
x[987] = 862.341
x[988] = 1379.75
x[989] = 1465.98
x[990] = 2500.79
x[991] = 2242.09
x[992] = 1724.68
x[993] = 1724.68
x[994] = 1983.38
x[995] = 1121.04
x[996] = 1121.04
x[997] = 862.341
x[998] = 1121.04
x[999] = 1897.15
x[1000] = 1207.28
x[1001] = 1983.38
x[1002] = 1121.04
x[1003] = -2.27374e-13
x[1004] = 172.468
x[1005] = 0
x[1006] = 603.639
x[1007] = 0
x[1008] = 1638.45
x[1009] = 1207.28
x[1010] = 2242.09
x[1011] = 1121.04
x[1012] = 2242.09
x[1013] = 1121.04
x[1014] = 3276.9
x[1015] = 1121.04
x[1016] = 1724.68
x[1017] = 2242.09
x[1018] = 689.873
x[1019] = 2242.09
x[1020] = 1121.04
x[1021] = 1379.75
x[1022] = 1983.38
x[1023] = 1465.98
x[1024] = 2242.09
x[1025] = 1034.81
x[1026] = 258.702
x[1027] = 258.702
x[1028] = 689.873
x[1029] = 258.702
x[1030] = 1465.98
x[1031] = 517.405
x[1032] = 1379.75
x[1033] = 1034.81
x[1034] = 2500.79
x[1035] = 1121.04
x[1036] = 3708.07
x[1037] = 1207.28
x[1038] = 1983.38
x[1039] = 1379.75
x[1040] = 776.107
x[1041] = 258.702
x[1042] = 2155.85
x[1043] = 1379.75
x[1044] = 344.936
x[1045] = 1207.28
x[1046] = 1379.75
x[1047] = 2069.62
x[1048] = 2.27374e-13
x[1049] = 1207.28
x[1050] = 1207.28
x[1051] = 1207.28
x[1052] = 1207.28
x[1053] = 1724.68
x[1054] = 1379.75
x[1055] = 1293.51
x[1056] = -7.95808e-13
x[1057] = 86.2341
x[1058] = 1207.28
x[1059] = 1207.28
x[1060] = 1207.28
x[1061] = 1810.92
x[1062] = 1293.51
x[1063] = 1207.28
x[1064] = 172.468
x[1065] = 2.84217e-14
x[1066] = 86.2341
x[1067] = 1121.04
x[1068] = 1724.68
x[1069] = 1207.28
x[1070] = 1983.38
x[1071] = 1379.75
x[1072] = -2.27374e-13
x[1073] = 172.468
x[1074] = -2.27374e-13
x[1075] = 0
x[1076] = 1034.81
x[1077] = 948.575
x[1078] = 1810.92
x[1079] = 1379.75
x[1080] = 2242.09
x[1081] = 517.405
x[1082] = 431.171
x[1083] = 3276.9
x[1084] = 1724.68
x[1085] = 1810.92
x[1086] = 172.468
x[1087] = 2.27374e-13
x[1088] = 1638.45
x[1089] = 1121.04
x[1090] = -2.27374e-13
x[1091] = 1121.04
x[1092] = 2328.32
x[1093] = 1379.75
x[1094] = 862.341
x[1095] = 1121.04
x[1096] = 1293.51
x[1097] = 1724.68
x[1098] = 1121.04
x[1099] = 2500.79
x[1100] = 1293.51
x[1101] = 2242.09
x[1102] = 862.341
x[1103] = 1121.04
x[1104] = 1983.38
x[1105] = 1983.38
x[1106] = 3535.6
x[1107] = 2242.09
x[1108] = 2242.09
x[1109] = 1810.92
x[1110] = 1121.04
x[1111] = 1983.38
x[1112] = -4.54747e-13
x[1113] = 776.107
x[1114] = 1897.15
x[1115] = 1379.75
x[1116] = 2242.09
x[1117] = 776.107
x[1118] = 1293.51
x[1119] = 1293.51
x[1120] = 1293.51
x[1121] = 1293.51
x[1122] = 517.405
x[1123] = 1293.51
x[1124] = 1293.51
x[1125] = 517.405
x[1126] = 1121.04
x[1127] = 1293.51
x[1128] = 1293.51
x[1129] = 2759.49
x[1130] = 1293.51
x[1131] = 1897.15
x[1132] = 1293.51
x[1133] = 172.468
x[1134] = 776.107
x[1135] = 1379.75
x[1136] = 1121.04
x[1137] = 1724.68
x[1138] = 1034.81
x[1139] = 1983.38
x[1140] = 1465.98
x[1141] = -4.54747e-13
x[1142] = -2.27374e-13
x[1143] = 0
x[1144] = -4.54747e-13
x[1145] = -2.27374e-13
x[1146] = 1379.75
x[1147] = 948.575
x[1148] = 1638.45
x[1149] = 1207.28
x[1150] = 2242.09
x[1151] = 344.936
x[1152] = 431.171
x[1153] = 3621.83
x[1154] = 431.171
x[1155] = 1724.68
x[1156] = 1638.45
x[1157] = 1552.21
x[1158] = 1121.04
x[1159] = 2242.09
x[1160] = 2242.09
x[1161] = 2155.85
x[1162] = 2242.09
x[1163] = 1983.38
x[1164] = 1121.04
x[1165] = 1121.04
x[1166] = 1121.04
x[1167] = 1121.04
x[1168] = 2155.85
x[1169] = 1207.28
x[1170] = 2845.73
x[1171] = 1983.38
x[1172] = 2242.09
x[1173] = 1121.04
x[1174] = 1638.45
x[1175] = 4397.94
x[1176] = 1207.28
x[1177] = 2845.73
x[1178] = 2845.73
x[1179] = 1207.28
x[1180] = 2242.09
x[1181] = 1379.75
x[1182] = 1379.75
x[1183] = 1379.75
x[1184] = 1465.98
x[1185] = 2242.09
x[1186] = 4.54747e-13
x[1187] = 1379.75
x[1188] = 1379.75
x[1189] = 1379.75
x[1190] = 1379.75
x[1191] = 1897.15
x[1192] = 1379.75
x[1193] = 1379.75
x[1194] = -9.09495e-13
x[1195] = 1638.45
x[1196] = 1379.75
x[1197] = 1379.75
x[1198] = 2673.26
x[1199] = 1379.75
x[1200] = 1810.92
x[1201] = 1379.75
x[1202] = 1379.75
x[1203] = 258.702
x[1204] = 1379.75
x[1205] = 862.341
x[1206] = 1121.04
x[1207] = 2328.32
x[1208] = 1983.38
x[1209] = 862.341
x[1210] = 1121.04
x[1211] = 1293.51
x[1212] = 1724.68
x[1213] = 1121.04
x[1214] = 2500.79
x[1215] = 1552.21
x[1216] = 2242.09
x[1217] = 862.341
x[1218] = 1121.04
x[1219] = 1983.38
x[1220] = 2242.09
x[1221] = 3535.6
x[1222] = 2242.09
x[1223] = 1724.68
x[1224] = 2242.09
x[1225] = 1810.92
x[1226] = 1121.04
x[1227] = 1983.38
x[1228] = 1121.04
x[1229] = 6.82121e-13
x[1230] = 1121.04
x[1231] = 258.702
x[1232] = 2.27374e-13
x[1233] = 0
x[1234] = 1.13687e-13
x[1235] = 0
x[1236] = 258.702
x[1237] = 0
x[1238] = -2.27374e-13
x[1239] = 517.405
x[1240] = 2.27374e-13
x[1241] = -1.13687e-13
x[1242] = 258.702
x[1243] = 86.2341
x[1244] = 1121.04
x[1245] = 172.468
x[1246] = -2.27374e-13
x[1247] = 1121.04
x[1248] = 258.702
x[1249] = 1121.04
b:
b[0] = 0
b[1] = 1207.28
b[2] = 1983.38
b[3] = -862.341
b[4] = 0
b[5] = 172.468
b[6] = 258.702
b[7] = 603.639
b[8] = 0
b[9] = 1638.45
b[10] = 172.468
b[11] = 1121.04
b[12] = 258.702
b[13] = 0
b[14] = 862.341
b[15] = 1121.04
b[16] = 2500.79
b[17] = 1121.04
b[18] = 1465.98
b[19] = 1293.51
b[20] = 689.873
b[21] = 1121.04
b[22] = 1121.04
b[23] = 603.639
b[24] = 1121.04
b[25] = 2242.09
b[26] = 1983.38
b[27] = 1121.04
b[28] = 1121.04
b[29] = 1293.51
b[30] = 1379.75
b[31] = 1724.68
b[32] = 1121.04
b[33] = 1897.15
b[34] = 1293.51
b[35] = 2242.09
b[36] = 1379.75
b[37] = 517.405
b[38] = 1121.04
b[39] = 2242.09
b[40] = 3104.43
b[41] = 2242.09
b[42] = 1724.68
b[43] = 2414.56
b[44] = 1810.92
b[45] = 2242.09
b[46] = 1897.15
b[47] = 1121.04
b[48] = 2242.09
b[49] = 1724.68
b[50] = 3104.43
b[51] = 1293.51
b[52] = 0
b[53] = 0
b[54] = 1379.75
b[55] = 0
b[56] = 0
b[57] = 1293.51
b[58] = 0
b[59] = 1724.68
b[60] = 1552.21
b[61] = 2242.09
b[62] = 0
b[63] = 603.639
b[64] = 3363.13
b[65] = 0
b[66] = 2845.73
b[67] = 1897.15
b[68] = 86.2341
b[69] = 1121.04
b[70] = 1897.15
b[71] = 2242.09
b[72] = -862.341
b[73] = -1379.75
b[74] = 1121.04
b[75] = 0
b[76] = -1983.38
b[77] = -1983.38
b[78] = -1379.75
b[79] = -2242.09
b[80] = 0
b[81] = 1638.45
b[82] = 172.468
b[83] = 862.341
b[84] = 258.702
b[85] = 0
b[86] = -2242.09
b[87] = 862.341
b[88] = 1121.04
b[89] = 1121.04
b[90] = -258.702
b[91] = 1034.81
b[92] = 689.873
b[93] = -1983.38
b[94] = 862.341
b[95] = -862.341
b[96] = 2242.09
b[97] = 1724.68
b[98] = 1207.28
b[99] = 3104.43
b[100] = 1121.04
b[101] = 1121.04
b[102] = 1121.04
b[103] = 1121.04
b[104] = 1121.04
b[105] = 1897.15
b[106] = 1121.04
b[107] = 1121.04
b[108] = 258.702
b[109] = 2242.09
b[110] = 1121.04
b[111] = 1379.75
b[112] = 2500.79
b[113] = 1121.04
b[114] = 2845.73
b[115] = 1293.51
b[116] = 1121.04
b[117] = 1121.04
b[118] = 1121.04
b[119] = 2242.09
b[120] = 2242.09
b[121] = 1897.15
b[122] = 1207.28
b[123] = 3104.43
b[124] = 1724.68
b[125] = 172.468
b[126] = 1379.75
b[127] = 603.639
b[128] = 0
b[129] = 1897.15
b[130] = 1207.28
b[131] = 2242.09
b[132] = 1897.15
b[133] = 2242.09
b[134] = 862.341
b[135] = 1379.75
b[136] = 3966.77
b[137] = 1121.04
b[138] = 2845.73
b[139] = 2414.56
b[140] = 689.873
b[141] = 1121.04
b[142] = 2500.79
b[143] = 2242.09
b[144] = 2242.09
b[145] = 1724.68
b[146] = 1207.28
b[147] = 3104.43
b[148] = 1724.68
b[149] = 0
b[150] = 1379.75
b[151] = 431.171
b[152] = 0
b[153] = 1724.68
b[154] = 1034.81
b[155] = 2069.62
b[156] = 1724.68
b[157] = 2242.09
b[158] = 862.341
b[159] = 1207.28
b[160] = 3794.3
b[161] = 948.575
b[162] = 2845.73
b[163] = 2242.09
b[164] = 603.639
b[165] = 1121.04
b[166] = 2328.32
b[167] = 2242.09
b[168] = 1379.75
b[169] = 1379.75
b[170] = 1207.28
b[171] = 2845.73
b[172] = 517.405
b[173] = 0
b[174] = 172.468
b[175] = 603.639
b[176] = 0
b[177] = 1379.75
b[178] = 172.468
b[179] = 862.341
b[180] = 517.405
b[181] = 1379.75
b[182] = 603.639
b[183] = 1121.04
b[184] = 2759.49
b[185] = 862.341
b[186] = 1983.38
b[187] = 1034.81
b[188] = 689.873
b[189] = 1121.04
b[190] = 1121.04
b[191] = 1983.38
b[192] = 2242.09
b[193] = 1724.68
b[194] = 1207.28
b[195] = 3104.43
b[196] = 1724.68
b[197] = 0
b[198] = 172.468
b[199] = 1379.75
b[200] = 0
b[201] = 1810.92
b[202] = -172.468
b[203] = 1810.92
b[204] = 1897.15
b[205] = 2242.09
b[206] = 517.405
b[207] = 776.107
b[208] = 3880.54
b[209] = 517.405
b[210] = 2845.73
b[211] = 1983.38
b[212] = 172.468
b[213] = 1121.04
b[214] = 1897.15
b[215] = 2242.09
b[216] = 2242.09
b[217] = 1897.15
b[218] = 1207.28
b[219] = 3104.43
b[220] = 1724.68
b[221] = 0
b[222] = 172.468
b[223] = 1379.75
b[224] = 603.639
b[225] = 1897.15
b[226] = 1207.28
b[227] = 2242.09
b[228] = 1897.15
b[229] = 2242.09
b[230] = 862.341
b[231] = 1379.75
b[232] = 3966.77
b[233] = 1121.04
b[234] = 2845.73
b[235] = 2414.56
b[236] = 689.873
b[237] = 1121.04
b[238] = 2500.79
b[239] = 2242.09
b[240] = 2242.09
b[241] = 1121.04
b[242] = 1293.51
b[243] = 3104.43
b[244] = 1121.04
b[245] = 1121.04
b[246] = 1121.04
b[247] = 1121.04
b[248] = 1121.04
b[249] = 1121.04
b[250] = 1293.51
b[251] = 1207.28
b[252] = 1379.75
b[253] = 1638.45
b[254] = 1121.04
b[255] = 1121.04
b[256] = 2069.62
b[257] = 1121.04
b[258] = 2845.73
b[259] = 1379.75
b[260] = 1121.04
b[261] = 1207.28
b[262] = 2242.09
b[263] = 1724.68
b[264] = 2242.09
b[265] = 1724.68
b[266] = 1207.28
b[267] = 3104.43
b[268] = 1293.51
b[269] = 0
b[270] = 0
b[271] = 1379.75
b[272] = 431.171
b[273] = 0
b[274] = 1465.98
b[275] = 1724.68
b[276] = 1552.21
b[277] = 2242.09
b[278] = 862.341
b[279] = 948.575
b[280] = 3535.6
b[281] = 948.575
b[282] = 2845.73
b[283] = 1897.15
b[284] = 603.639
b[285] = 1121.04
b[286] = 1897.15
b[287] = 2242.09
b[288] = 1121.04
b[289] = 1121.04
b[290] = 1207.28
b[291] = 3104.43
b[292] = 517.405
b[293] = 0
b[294] = 86.2341
b[295] = 1379.75
b[296] = 517.405
b[297] = 0
b[298] = 776.107
b[299] = 86.2341
b[300] = 517.405
b[301] = 1121.04
b[302] = 862.341
b[303] = 258.702
b[304] = 2759.49
b[305] = 1034.81
b[306] = 1724.68
b[307] = 172.468
b[308] = 689.873
b[309] = 1121.04
b[310] = 1034.81
b[311] = 1724.68
b[312] = 2242.09
b[313] = 1724.68
b[314] = 1207.28
b[315] = 3104.43
b[316] = 0
b[317] = 862.341
b[318] = 862.341
b[319] = 862.341
b[320] = 862.341
b[321] = 862.341
b[322] = 1638.45
b[323] = 862.341
b[324] = 1121.04
b[325] = 2242.09
b[326] = 862.341
b[327] = 1121.04
b[328] = 2242.09
b[329] = 1121.04
b[330] = 2587.02
b[331] = 1293.51
b[332] = 862.341
b[333] = 1121.04
b[334] = 862.341
b[335] = 2242.09
b[336] = 1379.75
b[337] = 1121.04
b[338] = 2328.32
b[339] = 3104.43
b[340] = 1121.04
b[341] = 1379.75
b[342] = 1552.21
b[343] = 1379.75
b[344] = 1983.38
b[345] = 1379.75
b[346] = 1897.15
b[347] = 1552.21
b[348] = 2242.09
b[349] = 1379.75
b[350] = 1379.75
b[351] = 1724.68
b[352] = 2587.02
b[353] = 2242.09
b[354] = 2845.73
b[355] = 1897.15
b[356] = 1983.38
b[357] = 2242.09
b[358] = 1379.75
b[359] = 1983.38
b[360] = 2242.09
b[361] = 1897.15
b[362] = 1207.28
b[363] = 3104.43
b[364] = 1379.75
b[365] = -517.405
b[366] = 172.468
b[367] = 1379.75
b[368] = 603.639
b[369] = 0
b[370] = 1897.15
b[371] = 1207.28
b[372] = 2242.09
b[373] = 1638.45
b[374] = 2242.09
b[375] = 1379.75
b[376] = 3363.13
b[377] = 1121.04
b[378] = 2845.73
b[379] = 2414.56
b[380] = 689.873
b[381] = 1121.04
b[382] = 2500.79
b[383] = 2242.09
b[384] = 2242.09
b[385] = 1724.68
b[386] = 1207.28
b[387] = 3104.43
b[388] = 1034.81
b[389] = 0
b[390] = 0
b[391] = 1121.04
b[392] = 431.171
b[393] = 0
b[394] = 1465.98
b[395] = 258.702
b[396] = 1121.04
b[397] = 1293.51
b[398] = 2242.09
b[399] = 862.341
b[400] = 3535.6
b[401] = 948.575
b[402] = 2845.73
b[403] = 1293.51
b[404] = 517.405
b[405] = 1121.04
b[406] = 2155.85
b[407] = 2242.09
b[408] = 1379.75
b[409] = 1121.04
b[410] = 1293.51
b[411] = 3104.43
b[412] = 172.468
b[413] = 1121.04
b[414] = 1121.04
b[415] = 1293.51
b[416] = 1121.04
b[417] = 1121.04
b[418] = 1897.15
b[419] = 1293.51
b[420] = 1207.28
b[421] = 431.171
b[422] = 0
b[423] = 1121.04
b[424] = 1379.75
b[425] = 1121.04
b[426] = 2845.73
b[427] = 1379.75
b[428] = 1121.04
b[429] = 1207.28
b[430] = 172.468
b[431] = 1121.04
b[432] = 2242.09
b[433] = 1724.68
b[434] = 1207.28
b[435] = 3104.43
b[436] = 1638.45
b[437] = 0
b[438] = 172.468
b[439] = 1379.75
b[440] = 0
b[441] = 0
b[442] = 1293.51
b[443] = 948.575
b[444] = 1810.92
b[445] = 1897.15
b[446] = 2242.09
b[447] = 517.405
b[448] = 689.873
b[449] = 3363.13
b[450] = 2845.73
b[451] = 1983.38
b[452] = 172.468
b[453] = 1121.04
b[454] = 1897.15
b[455] = 2242.09
b[456] = 0
b[457] = 0
b[458] = 1207.28
b[459] = 1379.75
b[460] = 0
b[461] = 0
b[462] = 172.468
b[463] = 258.702
b[464] = 603.639
b[465] = 0
b[466] = 1638.45
b[467] = 172.468
b[468] = 1121.04
b[469] = 258.702
b[470] = 0
b[471] = 862.341
b[472] = 1121.04
b[473] = 2500.79
b[474] = 1121.04
b[475] = 1293.51
b[476] = 689.873
b[477] = 1121.04
b[478] = 1121.04
b[479] = 0
b[480] = 1724.68
b[481] = 1724.68
b[482] = 1207.28
b[483] = 3190.66
b[484] = 862.341
b[485] = 1121.04
b[486] = 1121.04
b[487] = 1207.28
b[488] = 1121.04
b[489] = 1121.04
b[490] = 603.639
b[491] = 1121.04
b[492] = 1121.04
b[493] = 862.341
b[494] = 948.575
b[495] = 1121.04
b[496] = 1379.75
b[497] = 2673.26
b[498] = 1121.04
b[499] = 2845.73
b[500] = 1121.04
b[501] = 1121.04
b[502] = 862.341
b[503] = 2328.32
b[504] = 2242.09
b[505] = 1724.68
b[506] = 1034.81
b[507] = 3104.43
b[508] = 1724.68
b[509] = 0
b[510] = 0
b[511] = 1379.75
b[512] = 0
b[513] = 0
b[514] = 1638.45
b[515] = 948.575
b[516] = 1638.45
b[517] = 1724.68
b[518] = 2242.09
b[519] = 344.936
b[520] = 689.873
b[521] = 3708.07
b[522] = 431.171
b[523] = 2845.73
b[524] = 1810.92
b[525] = 1121.04
b[526] = 1810.92
b[527] = 2242.09
b[528] = 2242.09
b[529] = 1121.04
b[530] = 1034.81
b[531] = 2242.09
b[532] = 172.468
b[533] = 0
b[534] = 0
b[535] = 258.702
b[536] = 0
b[537] = -1121.04
b[538] = 1293.51
b[539] = 86.2341
b[540] = 1724.68
b[541] = 431.171
b[542] = 1121.04
b[543] = 0
b[544] = 776.107
b[545] = 3363.13
b[546] = 0
b[547] = 2845.73
b[548] = 1897.15
b[549] = 86.2341
b[550] = 1379.75
b[551] = 1379.75
b[552] = 2242.09
b[553] = 1121.04
b[554] = 1207.28
b[555] = 3104.43
b[556] = 0
b[557] = 1121.04
b[558] = 1121.04
b[559] = 1121.04
b[560] = 1121.04
b[561] = 1121.04
b[562] = 1897.15
b[563] = 1121.04
b[564] = 1121.04
b[565] = 258.702
b[566] = 1379.75
b[567] = 1121.04
b[568] = 1379.75
b[569] = 2500.79
b[570] = 1121.04
b[571] = 2673.26
b[572] = 1293.51
b[573] = 1121.04
b[574] = 1121.04
b[575] = 2242.09
b[576] = 862.341
b[577] = 0
b[578] = 1207.28
b[579] = 1983.38
b[580] = 0
b[581] = 0
b[582] = 172.468
b[583] = 258.702
b[584] = 603.639
b[585] = 0
b[586] = 1638.45
b[587] = 431.171
b[588] = 1121.04
b[589] = 258.702
b[590] = 0
b[591] = 862.341
b[592] = 1379.75
b[593] = 2500.79
b[594] = 1121.04
b[595] = 1724.68
b[596] = 1293.51
b[597] = 689.873
b[598] = 1121.04
b[599] = 1121.04
b[600] = -2242.09
b[601] = -1724.68
b[602] = -1207.28
b[603] = -3104.43
b[604] = -1293.51
b[605] = -1121.04
b[606] = -1121.04
b[607] = -2069.62
b[608] = -862.341
b[609] = 0
b[610] = -1897.15
b[611] = -1293.51
b[612] = 0
b[613] = -1897.15
b[614] = -2242.09
b[615] = -862.341
b[616] = -1379.75
b[617] = -3966.77
b[618] = -1121.04
b[619] = -2845.73
b[620] = -2414.56
b[621] = -689.873
b[622] = -1121.04
b[623] = -2500.79
b[624] = -2500.79
b[625] = 4.08276e+09
b[626] = 3.14058e+09
b[627] = 2.19841e+09
b[628] = 5.65305e+09
b[629] = 2.35544e+09
b[630] = 2.04138e+09
b[631] = 2.04138e+09
b[632] = 3.7687e+09
b[633] = 1.57029e+09
b[634] = 0
b[635] = 3.45464e+09
b[636] = 2.35544e+09
b[637] = 0
b[638] = 3.45464e+09
b[639] = 4.08276e+09
b[640] = 1.57029e+09
b[641] = 2.51247e+09
b[642] = 7.22334e+09
b[643] = 2.04138e+09
b[644] = 5.18196e+09
b[645] = 4.39682e+09
b[646] = 1.25623e+09
b[647] = 2.04138e+09
b[648] = 4.55385e+09
b[649] = 4.55385e+09
b[650] = 0
b[651] = 0
b[652] = 0
b[653] = 1.57029e+09
b[654] = 0
b[655] = 0
b[656] = 0
b[657] = 0
b[658] = 0
b[659] = 0
b[660] = 0
b[661] = 0
b[662] = 0
b[663] = 0
b[664] = 0
b[665] = 0
b[666] = 0
b[667] = 0
b[668] = 0
b[669] = 0
b[670] = 0
b[671] = 0
b[672] = 0
b[673] = 0
b[674] = 0
b[675] = 0
b[676] = 0
b[677] = 0
b[678] = 0
b[679] = 0
b[680] = 0
b[681] = 0
b[682] = 0
b[683] = 0
b[684] = 0
b[685] = 0
b[686] = 0
b[687] = 0
b[688] = 0
b[689] = 0
b[690] = 0
b[691] = 0
b[692] = 0
b[693] = 0
b[694] = 0
b[695] = 0
b[696] = 0
b[697] = 0
b[698] = 0
b[699] = 0
b[700] = 0
b[701] = 0
b[702] = 0
b[703] = 0
b[704] = 0
b[705] = 0
b[706] = 0
b[707] = 0
b[708] = 0
b[709] = 0
b[710] = 0
b[711] = 0
b[712] = 0
b[713] = 0
b[714] = 0
b[715] = 0
b[716] = 0
b[717] = 0
b[718] = 0
b[719] = 0
b[720] = 0
b[721] = 0
b[722] = 1.57029e+09
b[723] = 2.51247e+09
b[724] = 0
b[725] = 0
b[726] = 3.61167e+09
b[727] = 3.92573e+09
b[728] = 2.98356e+09
b[729] = 5.18196e+09
b[730] = 0
b[731] = 0
b[732] = 0
b[733] = 0
b[734] = 0
b[735] = 0
b[736] = 4.08276e+09
b[737] = 0
b[738] = 0
b[739] = 0
b[740] = 4.71088e+08
b[741] = 0
b[742] = 0
b[743] = 5.65305e+09
b[744] = 0
b[745] = 1.57029e+09
b[746] = 0
b[747] = 0
b[748] = 0
b[749] = 0
b[750] = 0
b[751] = 0
b[752] = 0
b[753] = 0
b[754] = 0
b[755] = 0
b[756] = 0
b[757] = 0
b[758] = 0
b[759] = 0
b[760] = 0
b[761] = 0
b[762] = 0
b[763] = 0
b[764] = 0
b[765] = 0
b[766] = 0
b[767] = 0
b[768] = 0
b[769] = 0
b[770] = 0
b[771] = 0
b[772] = 0
b[773] = 0
b[774] = 0
b[775] = 0
b[776] = 0
b[777] = 0
b[778] = 0
b[779] = 0
b[780] = 0
b[781] = 0
b[782] = 0
b[783] = 0
b[784] = 0
b[785] = 0
b[786] = 0
b[787] = 0
b[788] = 0
b[789] = 0
b[790] = 0
b[791] = 0
b[792] = 0
b[793] = 0
b[794] = 0
b[795] = 0
b[796] = 0
b[797] = 0
b[798] = 0
b[799] = 0
b[800] = 0
b[801] = 0
b[802] = 0
b[803] = 0
b[804] = 0
b[805] = 0
b[806] = 0
b[807] = 0
b[808] = 0
b[809] = 0
b[810] = 0
b[811] = 0
b[812] = 0
b[813] = 0
b[814] = 0
b[815] = 0
b[816] = 0
b[817] = 0
b[818] = 0
b[819] = 0
b[820] = 0
b[821] = 0
b[822] = 0
b[823] = 0
b[824] = 0
b[825] = 0
b[826] = 0
b[827] = 0
b[828] = 0
b[829] = 0
b[830] = 0
b[831] = 0
b[832] = 0
b[833] = 0
b[834] = 0
b[835] = 0
b[836] = 0
b[837] = 0
b[838] = 0
b[839] = 0
b[840] = 0
b[841] = 0
b[842] = 0
b[843] = 0
b[844] = 0
b[845] = 0
b[846] = 0
b[847] = 0
b[848] = 0
b[849] = 0
b[850] = 0
b[851] = 0
b[852] = 2.19841e+09
b[853] = 0
b[854] = 0
b[855] = 0
b[856] = 0
b[857] = 0
b[858] = 0
b[859] = 0
b[860] = 0
b[861] = 0
b[862] = 0
b[863] = 0
b[864] = 0
b[865] = 0
b[866] = 0
b[867] = 0
b[868] = 0
b[869] = 0
b[870] = 0
b[871] = 0
b[872] = 0
b[873] = 0
b[874] = 0
b[875] = 0
b[876] = 0
b[877] = 0
b[878] = 0
b[879] = 0
b[880] = 0
b[881] = 0
b[882] = 0
b[883] = 0
b[884] = 0
b[885] = 0
b[886] = 0
b[887] = 0
b[888] = 0
b[889] = 0
b[890] = 0
b[891] = 0
b[892] = 0
b[893] = 0
b[894] = 0
b[895] = 0
b[896] = 0
b[897] = 0
b[898] = 0
b[899] = 0
b[900] = 0
b[901] = 0
b[902] = 0
b[903] = 0
b[904] = 0
b[905] = 0
b[906] = 0
b[907] = 0
b[908] = 0
b[909] = 0
b[910] = 0
b[911] = 0
b[912] = 0
b[913] = 0
b[914] = 0
b[915] = 0
b[916] = 0
b[917] = 0
b[918] = 0
b[919] = 0
b[920] = 0
b[921] = 0
b[922] = 0
b[923] = 0
b[924] = 0
b[925] = 0
b[926] = 0
b[927] = 0
b[928] = 0
b[929] = 0
b[930] = 0
b[931] = 0
b[932] = 0
b[933] = 0
b[934] = 0
b[935] = 0
b[936] = 0
b[937] = 0
b[938] = 0
b[939] = 0
b[940] = 0
b[941] = 0
b[942] = 0
b[943] = 0
b[944] = 0
b[945] = 0
b[946] = 0
b[947] = 0
b[948] = 0
b[949] = 0
b[950] = 0
b[951] = 0
b[952] = 0
b[953] = 0
b[954] = 0
b[955] = 0
b[956] = 0
b[957] = 0
b[958] = 0
b[959] = 0
b[960] = 0
b[961] = 0
b[962] = 0
b[963] = 0
b[964] = 0
b[965] = 0
b[966] = 0
b[967] = 0
b[968] = 0
b[969] = 0
b[970] = 0
b[971] = 0
b[972] = 0
b[973] = 0
b[974] = 0
b[975] = 0
b[976] = 0
b[977] = 0
b[978] = 0
b[979] = 0
b[980] = 0
b[981] = 0
b[982] = 0
b[983] = 0
b[984] = 0
b[985] = 0
b[986] = 0
b[987] = 0
b[988] = 0
b[989] = 0
b[990] = 0
b[991] = 0
b[992] = 0
b[993] = 0
b[994] = 0
b[995] = 0
b[996] = 0
b[997] = 0
b[998] = 0
b[999] = 0
b[1000] = 0
b[1001] = 0
b[1002] = 0
b[1003] = 0
b[1004] = 0
b[1005] = 0
b[1006] = 0
b[1007] = 0
b[1008] = 0
b[1009] = 0
b[1010] = 0
b[1011] = 0
b[1012] = 0
b[1013] = 0
b[1014] = 0
b[1015] = 9.42175e+08
b[1016] = 0
b[1017] = 0
b[1018] = 0
b[1019] = 0
b[1020] = 0
b[1021] = 0
b[1022] = 0
b[1023] = 0
b[1024] = 0
b[1025] = 0
b[1026] = 0
b[1027] = 0
b[1028] = 0
b[1029] = 0
b[1030] = 0
b[1031] = 0
b[1032] = 0
b[1033] = 0
b[1034] = 0
b[1035] = 0
b[1036] = 0
b[1037] = 0
b[1038] = 0
b[1039] = 0
b[1040] = 0
b[1041] = 0
b[1042] = 0
b[1043] = 0
b[1044] = 0
b[1045] = 0
b[1046] = 0
b[1047] = 0
b[1048] = 0
b[1049] = 0
b[1050] = 0
b[1051] = 0
b[1052] = 0
b[1053] = 0
b[1054] = 0
b[1055] = 0
b[1056] = 0
b[1057] = 0
b[1058] = 0
b[1059] = 0
b[1060] = 0
b[1061] = 0
b[1062] = 0
b[1063] = 0
b[1064] = 0
b[1065] = 0
b[1066] = 0
b[1067] = 0
b[1068] = 0
b[1069] = 0
b[1070] = 0
b[1071] = 0
b[1072] = 0
b[1073] = 0
b[1074] = 0
b[1075] = 0
b[1076] = 0
b[1077] = 0
b[1078] = 0
b[1079] = 0
b[1080] = 0
b[1081] = 0
b[1082] = 0
b[1083] = 0
b[1084] = 0
b[1085] = 0
b[1086] = 0
b[1087] = 0
b[1088] = 0
b[1089] = 0
b[1090] = 0
b[1091] = 0
b[1092] = 0
b[1093] = 0
b[1094] = 0
b[1095] = 0
b[1096] = 0
b[1097] = 0
b[1098] = 0
b[1099] = 0
b[1100] = 0
b[1101] = 0
b[1102] = 0
b[1103] = 0
b[1104] = 0
b[1105] = 0
b[1106] = 0
b[1107] = 0
b[1108] = 0
b[1109] = 0
b[1110] = 0
b[1111] = 0
b[1112] = 0
b[1113] = 0
b[1114] = 0
b[1115] = 0
b[1116] = 0
b[1117] = 0
b[1118] = 0
b[1119] = 0
b[1120] = 0
b[1121] = 0
b[1122] = 0
b[1123] = 0
b[1124] = 0
b[1125] = 0
b[1126] = 0
b[1127] = 0
b[1128] = 0
b[1129] = 0
b[1130] = 0
b[1131] = 0
b[1132] = 0
b[1133] = 0
b[1134] = 0
b[1135] = 0
b[1136] = 0
b[1137] = 0
b[1138] = 0
b[1139] = 0
b[1140] = 0
b[1141] = 0
b[1142] = 0
b[1143] = 0
b[1144] = 0
b[1145] = 0
b[1146] = 0
b[1147] = 0
b[1148] = 0
b[1149] = 0
b[1150] = 0
b[1151] = 0
b[1152] = 0
b[1153] = 0
b[1154] = 0
b[1155] = 0
b[1156] = 0
b[1157] = 0
b[1158] = 0
b[1159] = 0
b[1160] = 0
b[1161] = 0
b[1162] = 0
b[1163] = 0
b[1164] = 0
b[1165] = 0
b[1166] = 0
b[1167] = 0
b[1168] = 0
b[1169] = 0
b[1170] = 0
b[1171] = 0
b[1172] = 0
b[1173] = 0
b[1174] = 0
b[1175] = 0
b[1176] = 0
b[1177] = 0
b[1178] = 0
b[1179] = 0
b[1180] = 0
b[1181] = 0
b[1182] = 1.72732e+09
b[1183] = 0
b[1184] = 0
b[1185] = 1.0992e+09
b[1186] = 0
b[1187] = 2.04138e+09
b[1188] = 0
b[1189] = 0
b[1190] = 0
b[1191] = 1.72732e+09
b[1192] = 0
b[1193] = 0
b[1194] = 0
b[1195] = 0
b[1196] = 1.57029e+08
b[1197] = 0
b[1198] = 0
b[1199] = 0
b[1200] = 0
b[1201] = 0
b[1202] = 0
b[1203] = 0
b[1204] = 0
b[1205] = 0
b[1206] = 0
b[1207] = 0
b[1208] = 0
b[1209] = 0
b[1210] = 0
b[1211] = 0
b[1212] = 0
b[1213] = 0
b[1214] = 0
b[1215] = 0
b[1216] = 0
b[1217] = 0
b[1218] = 0
b[1219] = 0
b[1220] = 0
b[1221] = 0
b[1222] = 0
b[1223] = 0
b[1224] = 0
b[1225] = 0
b[1226] = 0
b[1227] = 0
b[1228] = 0
b[1229] = 0
b[1230] = 0
b[1231] = 0
b[1232] = 0
b[1233] = 0
b[1234] = 0
b[1235] = 0
b[1236] = 0
b[1237] = 0
b[1238] = 0
b[1239] = 0
b[1240] = 0
b[1241] = 0
b[1242] = 0
b[1243] = 0
b[1244] = 0
b[1245] = 0
b[1246] = 0
b[1247] = 0
b[1248] = 0
b[1249] = 0
v:
v[0] = 1121.04
v[1] = 6.82121e-13
v[2] = -0
v[3] = 1121.04
v[4] = 258.702
v[5] = 2.27374e-13
v[6] = 0
v[7] = 1379.75
v[8] = 2.27374e-13
v[9] = -0
v[10] = 258.702
v[11] = 2.27374e-13
v[12] = -2.27374e-13
v[13] = 517.405
v[14] = 2.27374e-13
v[15] = -0
v[16] = 258.702
v[17] = 86.2341
v[18] = 0
v[19] = 1121.04
v[20] = 172.468
v[21] = -2.27374e-13
v[22] = 1121.04
v[23] = 258.702
v[24] = 1121.04
v[25] = 0
v[26] = 0
v[27] = 0
v[28] = -862.341
v[29] = 0
v[30] = 0
v[31] = -0
v[32] = 0
v[33] = 0
v[34] = 0
v[35] = 0
v[36] = 0
v[37] = 0
v[38] = 0
v[39] = 0
v[40] = 0
v[41] = 0
v[42] = 0
v[43] = 0
v[44] = 0
v[45] = 0
v[46] = 0
v[47] = 0
v[48] = 0
v[49] = 0
v[50] = 0
v[51] = 0
v[52] = 0
v[53] = 0
v[54] = 0
v[55] = -0
v[56] = 0
v[57] = 0
v[58] = 0
v[59] = 0
v[60] = 0
v[61] = 0
v[62] = 0
v[63] = 0
v[64] = 0
v[65] = 0
v[66] = 0
v[67] = 0
v[68] = 0
v[69] = 0
v[70] = 0
v[71] = 0
v[72] = 0
v[73] = 0
v[74] = 0
v[75] = 0
v[76] = 0
v[77] = 0
v[78] = 0
v[79] = 0
v[80] = 0
v[81] = 0
v[82] = 0
v[83] = 0
v[84] = 0
v[85] = 0
v[86] = 0
v[87] = 0
v[88] = 0
v[89] = 0
v[90] = 0
v[91] = 0
v[92] = 0
v[93] = 0
v[94] = -0
v[95] = 0
v[96] = 0
v[97] = -862.341
v[98] = -1379.75
v[99] = 0
v[100] = 0
v[101] = -1983.38
v[102] = -2155.85
v[103] = -1638.45
v[104] = -2845.73
v[105] = 0
v[106] = 0
v[107] = 0
v[108] = 0
v[109] = 0
v[110] = 0
v[111] = -2242.09
v[112] = 0
v[113] = 0
v[114] = 0
v[115] = -258.702
v[116] = 0
v[117] = 0
v[118] = -3104.43
v[119] = 0
v[120] = -862.341
v[121] = 0
v[122] = 0
v[123] = 0
v[124] = 0
v[125] = 0
v[126] = 0
v[127] = -0
v[128] = 0
v[129] = 0
v[130] = 0
v[131] = 0
v[132] = 0
v[133] = 0
v[134] = 0
v[135] = 0
v[136] = 0
v[137] = 0
v[138] = 0
v[139] = 0
v[140] = 0
v[141] = 0
v[142] = 0
v[143] = 0
v[144] = 0
v[145] = 0
v[146] = 0
v[147] = 0
v[148] = 0
v[149] = 0
v[150] = 0
v[151] = -0
v[152] = 0
v[153] = 0
v[154] = 0
v[155] = 0
v[156] = 0
v[157] = 0
v[158] = 0
v[159] = 0
v[160] = 0
v[161] = 0
v[162] = 0
v[163] = 0
v[164] = 0
v[165] = 0
v[166] = 0
v[167] = 0
v[168] = 0
v[169] = 0
v[170] = 0
v[171] = 0
v[172] = 0
v[173] = 0
v[174] = 0
v[175] = -0
v[176] = 0
v[177] = 0
v[178] = 0
v[179] = 0
v[180] = 0
v[181] = 0
v[182] = 0
v[183] = 0
v[184] = 0
v[185] = 0
v[186] = 0
v[187] = 0
v[188] = 0
v[189] = 0
v[190] = 0
v[191] = 0
v[192] = 0
v[193] = 0
v[194] = 0
v[195] = 0
v[196] = 0
v[197] = 0
v[198] = 0
v[199] = 0
v[200] = 0
v[201] = 0
v[202] = 0
v[203] = 0
v[204] = 0
v[205] = 0
v[206] = 0
v[207] = 0
v[208] = 0
v[209] = 0
v[210] = 0
v[211] = 0
v[212] = 0
v[213] = 0
v[214] = 0
v[215] = 0
v[216] = 0
v[217] = 0
v[218] = 0
v[219] = 0
v[220] = 0
v[221] = 0
v[222] = 0
v[223] = 0
v[224] = -0
v[225] = 0
v[226] = 0
v[227] = -1207.28
v[228] = 0
v[229] = 0
v[230] = 0
v[231] = 0
v[232] = 0
v[233] = 0
v[234] = 0
v[235] = 0
v[236] = 0
v[237] = 0
v[238] = 0
v[239] = 0
v[240] = 0
v[241] = 0
v[242] = 0
v[243] = 0
v[244] = 0
v[245] = 0
v[246] = 0
v[247] = 0
v[248] = 0
v[249] = 0
v[250] = 0
v[251] = 0
v[252] = 0
v[253] = 0
v[254] = 0
v[255] = 0
v[256] = 0
v[257] = 0
v[258] = 0
v[259] = 0
v[260] = 0
v[261] = 0
v[262] = -0
v[263] = 0
v[264] = 0
v[265] = 0
v[266] = 0
v[267] = 0
v[268] = 0
v[269] = 0
v[270] = 0
v[271] = 0
v[272] = -0
v[273] = 0
v[274] = 0
v[275] = 0
v[276] = 0
v[277] = 0
v[278] = 0
v[279] = 0
v[280] = 0
v[281] = 0
v[282] = 0
v[283] = 0
v[284] = 0
v[285] = 0
v[286] = 0
v[287] = 0
v[288] = 0
v[289] = 0
v[290] = 0
v[291] = 0
v[292] = 0
v[293] = 0
v[294] = 0
v[295] = 0
v[296] = -0
v[297] = 0
v[298] = 0
v[299] = 0
v[300] = 0
v[301] = 0
v[302] = 0
v[303] = 0
v[304] = 0
v[305] = 0
v[306] = 0
v[307] = 0
v[308] = 0
v[309] = 0
v[310] = 0
v[311] = 0
v[312] = 0
v[313] = 0
v[314] = 0
v[315] = 0
v[316] = 0
v[317] = 0
v[318] = 0
v[319] = 0
v[320] = -0
v[321] = 0
v[322] = 0
v[323] = 0
v[324] = 0
v[325] = 0
v[326] = 0
v[327] = 0
v[328] = 0
v[329] = 0
v[330] = 0
v[331] = 0
v[332] = 0
v[333] = 0
v[334] = 0
v[335] = 0
v[336] = 0
v[337] = 0
v[338] = 0
v[339] = 0
v[340] = 0
v[341] = 0
v[342] = 0
v[343] = 0
v[344] = -0
v[345] = 0
v[346] = 0
v[347] = 0
v[348] = 0
v[349] = 0
v[350] = 0
v[351] = 0
v[352] = 0
v[353] = 0
v[354] = 0
v[355] = 0
v[356] = 0
v[357] = 0
v[358] = 0
v[359] = 0
v[360] = 0
v[361] = 0
v[362] = 0
v[363] = 0
v[364] = 0
v[365] = 0
v[366] = 0
v[367] = 0
v[368] = -0
v[369] = 0
v[370] = 0
v[371] = 0
v[372] = 0
v[373] = 0
v[374] = 0
v[375] = 0
v[376] = 0
v[377] = 0
v[378] = 0
v[379] = 0
v[380] = 0
v[381] = 0
v[382] = 0
v[383] = 0
v[384] = 0
v[385] = 0
v[386] = 0
v[387] = 0
v[388] = 0
v[389] = 0
v[390] = -517.405
v[391] = 0
v[392] = 0
v[393] = 0
v[394] = 0
v[395] = 0
v[396] = 0
v[397] = 0
v[398] = 0
v[399] = 0
v[400] = 0
v[401] = 0
v[402] = 0
v[403] = 0
v[404] = 0
v[405] = 0
v[406] = -0
v[407] = 0
v[408] = 0
v[409] = 0
v[410] = 0
v[411] = 0
v[412] = 0
v[413] = 0
v[414] = 0
v[415] = 0
v[416] = -0
v[417] = 0
v[418] = 0
v[419] = 0
v[420] = 0
v[421] = 0
v[422] = 0
v[423] = 0
v[424] = 0
v[425] = 0
v[426] = 0
v[427] = 0
v[428] = 0
v[429] = 0
v[430] = 0
v[431] = 0
v[432] = 0
v[433] = 0
v[434] = 0
v[435] = 0
v[436] = 0
v[437] = 0
v[438] = 0
v[439] = 0
v[440] = -0
v[441] = 0
v[442] = 0
v[443] = 0
v[444] = 0
v[445] = 0
v[446] = 0
v[447] = 0
v[448] = 0
v[449] = 0
v[450] = 0
v[451] = 0
v[452] = 0
v[453] = 0
v[454] = 0
v[455] = 0
v[456] = 0
v[457] = 0
v[458] = 0
v[459] = 0
v[460] = 0
v[461] = 0
v[462] = 0
v[463] = 0
v[464] = -0
v[465] = 0
v[466] = 0
v[467] = 0
v[468] = 0
v[469] = 0
v[470] = 0
v[471] = 0
v[472] = 0
v[473] = 0
v[474] = 0
v[475] = 0
v[476] = 0
v[477] = 0
v[478] = 0
v[479] = 0
v[480] = 0
v[481] = 0
v[482] = 0
v[483] = 0
v[484] = 0
v[485] = 0
v[486] = 0
v[487] = 0
v[488] = -0
v[489] = 0
v[490] = 0
v[491] = 0
v[492] = 0
v[493] = 0
v[494] = 0
v[495] = 0
v[496] = 0
v[497] = 0
v[498] = 0
v[499] = 0
v[500] = 0
v[501] = 0
v[502] = 0
v[503] = 0
v[504] = 0
v[505] = 0
v[506] = 0
v[507] = 0
v[508] = 0
v[509] = 0
v[510] = 0
v[511] = 0
v[512] = -0
v[513] = 0
v[514] = 0
v[515] = 0
v[516] = 0
v[517] = 0
v[518] = 0
v[519] = 0
v[520] = 0
v[521] = 0
v[522] = 0
v[523] = 0
v[524] = 0
v[525] = 0
v[526] = 0
v[527] = 0
v[528] = 0
v[529] = 0
v[530] = 0
v[531] = 0
v[532] = 0
v[533] = 0
v[534] = 0
v[535] = 0
v[536] = 0
v[537] = 0
v[538] = 0
v[539] = 0
v[540] = 0
v[541] = 0
v[542] = 0
v[543] = 0
v[544] = 0
v[545] = 0
v[546] = 0
v[547] = 0
v[548] = 0
v[549] = 0
v[550] = -0
v[551] = 0
v[552] = 0
v[553] = 0
v[554] = 0
v[555] = 0
v[556] = 0
v[557] = -948.575
v[558] = 0
v[559] = 0
v[560] = 0
v[561] = 0
v[562] = -1121.04
v[563] = 0
v[564] = 0
v[565] = 0
v[566] = -948.575
v[567] = 0
v[568] = 0
v[569] = 0
v[570] = 0
v[571] = -86.2341
v[572] = 0
v[573] = 0
v[574] = 0
v[575] = 0
v[576] = 0
v[577] = 0
v[578] = 0
v[579] = 0
v[580] = 0
v[581] = 0
v[582] = 0
v[583] = 0
v[584] = -0
v[585] = 0
v[586] = 0
v[587] = 0
v[588] = 0
v[589] = 0
v[590] = 0
v[591] = 0
v[592] = 0
v[593] = 0
v[594] = 0
v[595] = 0
v[596] = 0
v[597] = 0
v[598] = 0
v[599] = 0
v[600] = 0
v[601] = 0
v[602] = 0
v[603] = 0
v[604] = 0
v[605] = 0
v[606] = 0
v[607] = 0
v[608] = -0
v[609] = 0
v[610] = 0
v[611] = 0
v[612] = 0
v[613] = 0
v[614] = 0
v[615] = 0
v[616] = 0
v[617] = 0
v[618] = 0
v[619] = 0
v[620] = 0
v[621] = 0
v[622] = 0
v[623] = 0
v[624] = 0
v[625] = -2242.09
v[626] = -1724.68
v[627] = -1207.28
v[628] = -3104.43
v[629] = -1293.51
v[630] = -1121.04
v[631] = -1121.04
v[632] = -689.873
v[633] = -862.341
v[634] = 0
v[635] = -1897.15
v[636] = -1293.51
v[637] = 0
v[638] = -1897.15
v[639] = -2242.09
v[640] = -862.341
v[641] = -1379.75
v[642] = -3966.77
v[643] = -1121.04
v[644] = -2845.73
v[645] = -2414.56
v[646] = -689.873
v[647] = -1121.04
v[648] = -2500.79
v[649] = -2500.79
v[650] = 0
v[651] = 0
v[652] = 0
v[653] = 0
v[654] = 0
v[655] = 0
v[656] = 0
v[657] = 0
v[658] = -0
v[659] = 0
v[660] = 0
v[661] = 0
v[662] = 0
v[663] = 0
v[664] = 0
v[665] = 0
v[666] = 0
v[667] = 0
v[668] = 0
v[669] = 0
v[670] = 2.51247e+09
v[671] = 1.0992e+09
v[672] = 1121.04
v[673] = 2328.32
v[674] = 1983.38
v[675] = 862.341
v[676] = 1121.04
v[677] = 1293.51
v[678] = 0
v[679] = 1724.68
v[680] = 1121.04
v[681] = 2500.79
v[682] = 1293.51
v[683] = 2242.09
v[684] = 862.341
v[685] = 1121.04
v[686] = 1983.38
v[687] = 1983.38
v[688] = 3535.6
v[689] = 2242.09
v[690] = 1465.98
v[691] = 2242.09
v[692] = 1810.92
v[693] = 1121.04
v[694] = 1983.38
v[695] = 603.639
v[696] = 4.54747e-13
v[697] = 2242.09
v[698] = 862.341
v[699] = 862.341
v[700] = 1121.04
v[701] = 1293.51
v[702] = 0
v[703] = 1724.68
v[704] = 1121.04
v[705] = 1638.45
v[706] = 1293.51
v[707] = 2242.09
v[708] = 862.341
v[709] = 517.405
v[710] = 1121.04
v[711] = 1983.38
v[712] = 3018.19
v[713] = 2242.09
v[714] = 603.639
v[715] = 2242.09
v[716] = 1810.92
v[717] = 1121.04
v[718] = 1638.45
v[719] = 2.27374e-13
v[720] = 1121.04
v[721] = 1724.68
v[722] = 1983.38
v[723] = 1034.81
v[724] = -2.27374e-13
v[725] = 0
v[726] = -2.27374e-13
v[727] = -2.27374e-13
v[728] = 0
v[729] = 1034.81
v[730] = -2.27374e-13
v[731] = 1724.68
v[732] = 1034.81
v[733] = 2242.09
v[734] = 0
v[735] = 344.936
v[736] = 3276.9
v[737] = 0
v[738] = 1724.68
v[739] = 1724.68
v[740] = 86.2341
v[741] = 0
v[742] = 1638.45
v[743] = 1121.04
v[744] = 0
v[745] = 1121.04
v[746] = 2242.09
v[747] = 862.341
v[748] = 1121.04
v[749] = 1293.51
v[750] = 0
v[751] = 1724.68
v[752] = 1121.04
v[753] = 2500.79
v[754] = 1293.51
v[755] = 1983.38
v[756] = 862.341
v[757] = 1121.04
v[758] = 1121.04
v[759] = 1724.68
v[760] = 2155.85
v[761] = 2242.09
v[762] = 2.27374e-13
v[763] = 1983.38
v[764] = 1810.92
v[765] = 1121.04
v[766] = 1724.68
v[767] = 0
v[768] = 1379.75
v[769] = 1983.38
v[770] = 1465.98
v[771] = 2242.09
v[772] = 1379.75
v[773] = 1379.75
v[774] = 0
v[775] = 1379.75
v[776] = 1379.75
v[777] = 1897.15
v[778] = 1379.75
v[779] = 1379.75
v[780] = -1.02318e-12
v[781] = 2500.79
v[782] = 1379.75
v[783] = 1379.75
v[784] = 2673.26
v[785] = 1379.75
v[786] = 1983.38
v[787] = 1379.75
v[788] = 1379.75
v[789] = 258.702
v[790] = 1121.04
v[791] = 1379.75
v[792] = 1121.04
v[793] = 1897.15
v[794] = 1207.28
v[795] = 1983.38
v[796] = 1465.98
v[797] = 172.468
v[798] = 0
v[799] = 603.639
v[800] = 2.27374e-13
v[801] = 1638.45
v[802] = 1207.28
v[803] = 2242.09
v[804] = 1379.75
v[805] = 2242.09
v[806] = 862.341
v[807] = 1121.04
v[808] = 3880.54
v[809] = 1121.04
v[810] = 1724.68
v[811] = 2242.09
v[812] = 689.873
v[813] = 2.27374e-13
v[814] = 2242.09
v[815] = 1121.04
v[816] = 1121.04
v[817] = 1724.68
v[818] = 1207.28
v[819] = 1983.38
v[820] = 1465.98
v[821] = -2.27374e-13
v[822] = 0
v[823] = 431.171
v[824] = 0
v[825] = 1465.98
v[826] = 1034.81
v[827] = 2069.62
v[828] = 1207.28
v[829] = 2242.09
v[830] = 862.341
v[831] = 948.575
v[832] = 3708.07
v[833] = 948.575
v[834] = 1724.68
v[835] = 2069.62
v[836] = 603.639
v[837] = 0
v[838] = 2069.62
v[839] = 1121.04
v[840] = 1638.45
v[841] = 2759.49
v[842] = 2587.02
v[843] = 3104.43
v[844] = 1638.45
v[845] = 1379.75
v[846] = 1552.21
v[847] = 1983.38
v[848] = 1379.75
v[849] = 2500.79
v[850] = 1552.21
v[851] = 2242.09
v[852] = 1379.75
v[853] = 2759.49
v[854] = 1983.38
v[855] = 2242.09
v[856] = 4053
v[857] = 2242.09
v[858] = 2242.09
v[859] = 2242.09
v[860] = 2069.62
v[861] = 1379.75
v[862] = 2242.09
v[863] = 2242.09
v[864] = 1121.04
v[865] = 1724.68
v[866] = 1207.28
v[867] = 1983.38
v[868] = 1465.98
v[869] = 0
v[870] = 172.468
v[871] = 0
v[872] = 2.27374e-13
v[873] = 1552.21
v[874] = 1034.81
v[875] = 1810.92
v[876] = 1379.75
v[877] = 2242.09
v[878] = 517.405
v[879] = 517.405
v[880] = 3794.3
v[881] = 517.405
v[882] = 1724.68
v[883] = 1810.92
v[884] = 172.468
v[885] = 4.54747e-13
v[886] = 1638.45
v[887] = 1121.04
v[888] = 1121.04
v[889] = 1897.15
v[890] = 1207.28
v[891] = 1983.38
v[892] = 1465.98
v[893] = -2.27374e-13
v[894] = 172.468
v[895] = 0
v[896] = 603.639
v[897] = 1638.45
v[898] = 1207.28
v[899] = 2242.09
v[900] = 1379.75
v[901] = 2242.09
v[902] = 862.341
v[903] = 1121.04
v[904] = 3880.54
v[905] = 1121.04
v[906] = 1724.68
v[907] = 2242.09
v[908] = 689.873
v[909] = 0
v[910] = 2242.09
v[911] = 1121.04
v[912] = 1379.75
v[913] = 1379.75
v[914] = 1552.21
v[915] = 2242.09
v[916] = 1121.04
v[917] = 1379.75
v[918] = 1379.75
v[919] = 0
v[920] = 1379.75
v[921] = 1379.75
v[922] = 1552.21
v[923] = 1465.98
v[924] = 1121.04
v[925] = 1897.15
v[926] = 1379.75
v[927] = 1121.04
v[928] = 2242.09
v[929] = 1379.75
v[930] = 1983.38
v[931] = 1465.98
v[932] = 1379.75
v[933] = 344.936
v[934] = 2242.09
v[935] = 862.341
v[936] = 1121.04
v[937] = 1724.68
v[938] = 1207.28
v[939] = 1983.38
v[940] = 1034.81
v[941] = 0
v[942] = 2.27374e-13
v[943] = 0
v[944] = 431.171
v[945] = 2.27374e-13
v[946] = 1207.28
v[947] = 1724.68
v[948] = 1034.81
v[949] = 2242.09
v[950] = 862.341
v[951] = 689.873
v[952] = 3449.36
v[953] = 948.575
v[954] = 1724.68
v[955] = 1724.68
v[956] = 603.639
v[957] = 2.27374e-13
v[958] = 1638.45
v[959] = 1121.04
v[960] = -2.27374e-13
v[961] = 1121.04
v[962] = 1207.28
v[963] = 1983.38
v[964] = 258.702
v[965] = -4.54747e-13
v[966] = 86.2341
v[967] = 0
v[968] = 517.405
v[969] = -2.27374e-13
v[970] = 517.405
v[971] = 86.2341
v[972] = 0
v[973] = 1121.04
v[974] = 862.341
v[975] = -4.54747e-13
v[976] = 2673.26
v[977] = 1034.81
v[978] = 603.639
v[979] = -1.7053e-13
v[980] = 689.873
v[981] = 0
v[982] = 776.107
v[983] = 603.639
v[984] = 1638.45
v[985] = 2242.09
v[986] = 1724.68
v[987] = 2500.79
v[988] = 258.702
v[989] = 1379.75
v[990] = 1379.75
v[991] = 0
v[992] = 1379.75
v[993] = 1379.75
v[994] = 1897.15
v[995] = 1379.75
v[996] = 1638.45
v[997] = 2759.49
v[998] = 1379.75
v[999] = 1379.75
v[1000] = 2673.26
v[1001] = 1638.45
v[1002] = 1983.38
v[1003] = 1638.45
v[1004] = 1379.75
v[1005] = 517.405
v[1006] = 1121.04
v[1007] = 1638.45
v[1008] = 258.702
v[1009] = 1121.04
v[1010] = 2328.32
v[1011] = 1983.38
v[1012] = 862.341
v[1013] = 1379.75
v[1014] = 1552.21
v[1015] = 0
v[1016] = 1983.38
v[1017] = 1379.75
v[1018] = 1638.45
v[1019] = 1552.21
v[1020] = 2242.09
v[1021] = 862.341
v[1022] = 1379.75
v[1023] = 1465.98
v[1024] = 2500.79
v[1025] = 2242.09
v[1026] = 1724.68
v[1027] = 1724.68
v[1028] = 1983.38
v[1029] = 1121.04
v[1030] = 1121.04
v[1031] = 862.341
v[1032] = 1121.04
v[1033] = 1897.15
v[1034] = 1207.28
v[1035] = 1983.38
v[1036] = 1121.04
v[1037] = -2.27374e-13
v[1038] = 172.468
v[1039] = 0
v[1040] = 603.639
v[1041] = 0
v[1042] = 1638.45
v[1043] = 1207.28
v[1044] = 2242.09
v[1045] = 1121.04
v[1046] = 2242.09
v[1047] = 1121.04
v[1048] = 3276.9
v[1049] = 1121.04
v[1050] = 1724.68
v[1051] = 2242.09
v[1052] = 689.873
v[1053] = 0
v[1054] = 2242.09
v[1055] = 1121.04
v[1056] = 1379.75
v[1057] = 1983.38
v[1058] = 1465.98
v[1059] = 2242.09
v[1060] = 1034.81
v[1061] = 258.702
v[1062] = 258.702
v[1063] = 0
v[1064] = 689.873
v[1065] = 258.702
v[1066] = 1465.98
v[1067] = 517.405
v[1068] = 1379.75
v[1069] = 1034.81
v[1070] = 2500.79
v[1071] = 1121.04
v[1072] = 3708.07
v[1073] = 1207.28
v[1074] = 1983.38
v[1075] = 1379.75
v[1076] = 776.107
v[1077] = 258.702
v[1078] = 2155.85
v[1079] = 1379.75
v[1080] = 344.936
v[1081] = 1207.28
v[1082] = 1379.75
v[1083] = 2069.62
v[1084] = 2.27374e-13
v[1085] = 1207.28
v[1086] = 1207.28
v[1087] = 0
v[1088] = 1207.28
v[1089] = 1207.28
v[1090] = 1724.68
v[1091] = 1379.75
v[1092] = 1293.51
v[1093] = -7.95808e-13
v[1094] = 86.2341
v[1095] = 1207.28
v[1096] = 1207.28
v[1097] = 1207.28
v[1098] = 1810.92
v[1099] = 1293.51
v[1100] = 1207.28
v[1101] = 172.468
v[1102] = 2.84217e-14
v[1103] = 86.2341
v[1104] = 1121.04
v[1105] = 1724.68
v[1106] = 1207.28
v[1107] = 1983.38
v[1108] = 1379.75
v[1109] = -2.27374e-13
v[1110] = 172.468
v[1111] = 0
v[1112] = -2.27374e-13
v[1113] = 0
v[1114] = 1034.81
v[1115] = 948.575
v[1116] = 1810.92
v[1117] = 1379.75
v[1118] = 2242.09
v[1119] = 517.405
v[1120] = 431.171
v[1121] = 3276.9
v[1122] = 1724.68
v[1123] = 1810.92
v[1124] = 172.468
v[1125] = 2.27374e-13
v[1126] = 1638.45
v[1127] = 1121.04
v[1128] = -2.27374e-13
v[1129] = 1121.04
v[1130] = 2328.32
v[1131] = 1379.75
v[1132] = 862.341
v[1133] = 1121.04
v[1134] = 1293.51
v[1135] = 0
v[1136] = 1724.68
v[1137] = 1121.04
v[1138] = 2500.79
v[1139] = 1293.51
v[1140] = 2242.09
v[1141] = 862.341
v[1142] = 1121.04
v[1143] = 1983.38
v[1144] = 1983.38
v[1145] = 3535.6
v[1146] = 2242.09
v[1147] = 2242.09
v[1148] = 1810.92
v[1149] = 1121.04
v[1150] = 1983.38
v[1151] = -4.54747e-13
v[1152] = 776.107
v[1153] = 1897.15
v[1154] = 1379.75
v[1155] = 2242.09
v[1156] = 776.107
v[1157] = 1293.51
v[1158] = 1293.51
v[1159] = 0
v[1160] = 1293.51
v[1161] = 1293.51
v[1162] = 517.405
v[1163] = 1293.51
v[1164] = 1293.51
v[1165] = 517.405
v[1166] = 1121.04
v[1167] = 1293.51
v[1168] = 1293.51
v[1169] = 2759.49
v[1170] = 1293.51
v[1171] = 1897.15
v[1172] = 1293.51
v[1173] = 172.468
v[1174] = 776.107
v[1175] = 1379.75
v[1176] = 1121.04
v[1177] = 1724.68
v[1178] = 1034.81
v[1179] = 1983.38
v[1180] = 1465.98
v[1181] = -4.54747e-13
v[1182] = -2.27374e-13
v[1183] = 0
v[1184] = -4.54747e-13
v[1185] = -2.27374e-13
v[1186] = 1379.75
v[1187] = 948.575
v[1188] = 1638.45
v[1189] = 1207.28
v[1190] = 2242.09
v[1191] = 344.936
v[1192] = 431.171
v[1193] = 3621.83
v[1194] = 431.171
v[1195] = 1724.68
v[1196] = 1638.45
v[1197] = 0
v[1198] = 1552.21
v[1199] = 1121.04
v[1200] = 2242.09
v[1201] = 2242.09
v[1202] = 2155.85
v[1203] = 2242.09
v[1204] = 1983.38
v[1205] = 1121.04
v[1206] = 1121.04
v[1207] = 0
v[1208] = 1121.04
v[1209] = 1121.04
v[1210] = 2155.85
v[1211] = 1207.28
v[1212] = 2845.73
v[1213] = 1983.38
v[1214] = 2242.09
v[1215] = 1121.04
v[1216] = 1638.45
v[1217] = 4397.94
v[1218] = 1207.28
v[1219] = 2845.73
v[1220] = 2845.73
v[1221] = 1207.28
v[1222] = 2242.09
v[1223] = 1379.75
v[1224] = 1379.75
v[1225] = 1379.75
v[1226] = 1465.98
v[1227] = 2242.09
v[1228] = 4.54747e-13
v[1229] = 1379.75
v[1230] = 1379.75
v[1231] = 0
v[1232] = 1379.75
v[1233] = 1379.75
v[1234] = 1897.15
v[1235] = 1379.75
v[1236] = 1379.75
v[1237] = -9.09495e-13
v[1238] = 1638.45
v[1239] = 1379.75
v[1240] = 1379.75
v[1241] = 2673.26
v[1242] = 1379.75
v[1243] = 1810.92
v[1244] = 1379.75
v[1245] = 1379.75
v[1246] = 258.702
v[1247] = 1379.75
v[1248] = 862.341
v[1249] = 1121.04
v[1250] = 2328.32
v[1251] = 1983.38
v[1252] = 862.341
v[1253] = 1121.04
v[1254] = 1293.51
v[1255] = 0
v[1256] = 1724.68
v[1257] = 1121.04
v[1258] = 2500.79
v[1259] = 1552.21
v[1260] = 2242.09
v[1261] = 862.341
v[1262] = 1121.04
v[1263] = 1983.38
v[1264] = 2242.09
v[1265] = 3535.6
v[1266] = 2242.09
v[1267] = 1724.68
v[1268] = 2242.09
v[1269] = 1810.92
v[1270] = 1121.04
v[1271] = 1983.38
v[1272] = 1121.04
v[1273] = 6.82121e-13
v[1274] = 0
v[1275] = 1121.04
v[1276] = 258.702
v[1277] = 2.27374e-13
v[1278] = 0
v[1279] = 0
v[1280] = 1.13687e-13
v[1281] = 0
v[1282] = 258.702
v[1283] = 0
v[1284] = -2.27374e-13
v[1285] = 517.405
v[1286] = 2.27374e-13
v[1287] = -1.13687e-13
v[1288] = 258.702
v[1289] = 86.2341
v[1290] = 0
v[1291] = 1121.04
v[1292] = 172.468
v[1293] = -2.27374e-13
v[1294] = 1121.04
v[1295] = 258.702
v[1296] = 1121.04
v[1297] = 0
v[1298] = 0
v[1299] = 0
v[1300] = 0
v[1301] = 0
v[1302] = 0
v[1303] = 0
v[1304] = 0
v[1305] = 0
v[1306] = 0
v[1307] = 0
v[1308] = 0
v[1309] = 0
v[1310] = 0
v[1311] = 0
v[1312] = 0
v[1313] = 0
v[1314] = 0
v[1315] = 0
v[1316] = 0
v[1317] = 0
v[1318] = 0
v[1319] = 0
v[1320] = 0
v[1321] = 0
v[1322] = 0
v[1323] = 0
v[1324] = 0
v[1325] = 0
v[1326] = 0
v[1327] = 0
v[1328] = 0
v[1329] = 0
v[1330] = 0
v[1331] = 0
v[1332] = 0
v[1333] = 0
v[1334] = 0
v[1335] = 0
v[1336] = 0
v[1337] = 0
v[1338] = 0
v[1339] = 0
v[1340] = 0
v[1341] = 0
v[1342] = 0
v[1343] = 0
v[1344] = 0
v[1345] = 0
v[1346] = 0
v[1347] = 0
v[1348] = 0
v[1349] = 0
v[1350] = 0
v[1351] = 0
v[1352] = 0
v[1353] = 0
v[1354] = 0
v[1355] = 0
v[1356] = 0
v[1357] = 0
v[1358] = 0
v[1359] = 0
v[1360] = 0
v[1361] = 0
v[1362] = 0
v[1363] = 0
v[1364] = 0
v[1365] = 0
v[1366] = 0
v[1367] = 0
v[1368] = 0
v[1369] = 0
v[1370] = 0
v[1371] = 0
v[1372] = 0
v[1373] = 0
v[1374] = 0
v[1375] = 0
v[1376] = 0
v[1377] = 0
v[1378] = 0
v[1379] = 0
v[1380] = 0
v[1381] = 0
v[1382] = 0
v[1383] = 0
v[1384] = 0
v[1385] = 0
v[1386] = 0
v[1387] = 0
v[1388] = 0
v[1389] = 0
v[1390] = 0
v[1391] = 0
v[1392] = 0
v[1393] = 0
v[1394] = 0
v[1395] = 0
v[1396] = 0
v[1397] = 0
v[1398] = 0
v[1399] = 0
v[1400] = 0
v[1401] = 0
v[1402] = 0
v[1403] = 0
v[1404] = 0
v[1405] = 0
v[1406] = 0
v[1407] = 0
v[1408] = 0
v[1409] = 0
v[1410] = 0
v[1411] = 0
v[1412] = 0
v[1413] = 0
v[1414] = 0
v[1415] = 0
v[1416] = 0
v[1417] = 0
v[1418] = 0
v[1419] = 0
v[1420] = 0
v[1421] = 0
v[1422] = 0
v[1423] = 0
v[1424] = 0
v[1425] = 0
v[1426] = 0
v[1427] = 0
v[1428] = 0
v[1429] = 0
v[1430] = 0
v[1431] = 0
v[1432] = 0
v[1433] = 0
v[1434] = 0
v[1435] = 0
v[1436] = 0
v[1437] = 0
v[1438] = 0
v[1439] = 0
v[1440] = 0
v[1441] = 0
v[1442] = 0
v[1443] = 0
v[1444] = 0
v[1445] = 0
v[1446] = 0
v[1447] = 0
v[1448] = 0
v[1449] = 0
v[1450] = 0
v[1451] = 0
v[1452] = 0
v[1453] = 0
v[1454] = 0
v[1455] = 0
v[1456] = 0
v[1457] = 0
v[1458] = 0
v[1459] = 0
v[1460] = 0
v[1461] = 0
v[1462] = 0
v[1463] = 0
v[1464] = 0
v[1465] = 0
v[1466] = 0
v[1467] = 0
v[1468] = 0
v[1469] = 0
v[1470] = 0
v[1471] = 0
v[1472] = 0
v[1473] = 0
v[1474] = 0
v[1475] = 0
v[1476] = 0
v[1477] = 0
v[1478] = 0
v[1479] = 0
v[1480] = 0
v[1481] = 0
v[1482] = 0
v[1483] = 0
v[1484] = 0
v[1485] = 0
v[1486] = 0
v[1487] = 0
v[1488] = 0
v[1489] = 0
v[1490] = 0
v[1491] = 0
v[1492] = 0
v[1493] = 0
v[1494] = 0
v[1495] = 0
v[1496] = 0
v[1497] = 0
v[1498] = 0
v[1499] = 0
v[1500] = 0
v[1501] = 0
v[1502] = 0
v[1503] = 0
v[1504] = 0
v[1505] = 0
v[1506] = 0
v[1507] = 0
v[1508] = 0
v[1509] = 0
v[1510] = 0
v[1511] = 0
v[1512] = 0
v[1513] = 0
v[1514] = 0
v[1515] = 0
v[1516] = 0
v[1517] = 0
v[1518] = 0
v[1519] = 0
v[1520] = 0
v[1521] = 0
v[1522] = 0
v[1523] = 0
v[1524] = 0
v[1525] = 0
v[1526] = 0
v[1527] = 0
v[1528] = 0
v[1529] = 0
v[1530] = 0
v[1531] = 0
v[1532] = 0
v[1533] = 0
v[1534] = 0
v[1535] = 0
v[1536] = 0
v[1537] = 0
v[1538] = 0
v[1539] = 0
v[1540] = 0
v[1541] = 0
v[1542] = 0
v[1543] = 0
v[1544] = 0
v[1545] = 0
v[1546] = 0
v[1547] = 0
v[1548] = 0
v[1549] = 0
v[1550] = 0
v[1551] = 0
v[1552] = 0
v[1553] = 0
v[1554] = 0
v[1555] = 0
v[1556] = 0
v[1557] = 0
v[1558] = 0
v[1559] = 0
v[1560] = 0
v[1561] = 0
v[1562] = 0
v[1563] = 0
v[1564] = 0
v[1565] = 0
v[1566] = 0
v[1567] = 0
v[1568] = 0
v[1569] = 0
v[1570] = 0
v[1571] = 0
v[1572] = 0
v[1573] = 0
v[1574] = 0
v[1575] = 0
v[1576] = 0
v[1577] = 0
v[1578] = 0
v[1579] = 0
v[1580] = 0
v[1581] = 0
v[1582] = 0
v[1583] = 0
v[1584] = 0
v[1585] = 0
v[1586] = 0
v[1587] = 0
v[1588] = 0
v[1589] = 0
v[1590] = 0
v[1591] = 0
v[1592] = 0
v[1593] = 0
v[1594] = 0
v[1595] = 0
v[1596] = 0
v[1597] = 0
v[1598] = 0
v[1599] = 0
v[1600] = 0
v[1601] = 0
v[1602] = 0
v[1603] = 0
v[1604] = 0
v[1605] = 0
v[1606] = 0
v[1607] = 0
v[1608] = 0
v[1609] = 0
v[1610] = 0
v[1611] = 0
v[1612] = 0
v[1613] = 0
v[1614] = 0
v[1615] = 0
v[1616] = 0
v[1617] = 0
v[1618] = 0
v[1619] = 0
v[1620] = 0
v[1621] = 0
v[1622] = 0
v[1623] = 0
v[1624] = 0
v[1625] = 0
v[1626] = 0
v[1627] = 0
v[1628] = 0
v[1629] = 0
v[1630] = 0
v[1631] = 0
v[1632] = 0
v[1633] = 0
v[1634] = 0
v[1635] = 0
v[1636] = 0
v[1637] = 0
v[1638] = 0
v[1639] = 0
v[1640] = 0
v[1641] = 0
v[1642] = 0
v[1643] = 0
v[1644] = 0
v[1645] = 0
v[1646] = 0
v[1647] = 0
v[1648] = 0
v[1649] = 0
v[1650] = 0
v[1651] = 0
v[1652] = 0
v[1653] = 0
v[1654] = 0
v[1655] = 0
v[1656] = 0
v[1657] = 0
v[1658] = 0
v[1659] = 0
v[1660] = 0
v[1661] = 0
v[1662] = 0
v[1663] = 0
v[1664] = 0
v[1665] = 0
v[1666] = 0
v[1667] = 0
v[1668] = 0
v[1669] = 0
v[1670] = 0
v[1671] = 0
v[1672] = 0
v[1673] = 0
v[1674] = 0
v[1675] = 0
v[1676] = 0
v[1677] = 0
v[1678] = 0
v[1679] = 0
v[1680] = 0
v[1681] = 0
v[1682] = 0
v[1683] = 0
v[1684] = 0
v[1685] = 0
v[1686] = 0
v[1687] = 0
v[1688] = 0
v[1689] = 0
v[1690] = 0
v[1691] = 0
v[1692] = 0
v[1693] = 0
v[1694] = 0
v[1695] = 0
v[1696] = 0
v[1697] = 0
v[1698] = 0
v[1699] = 0
v[1700] = 0
v[1701] = 0
v[1702] = 0
v[1703] = 0
v[1704] = 0
v[1705] = 0
v[1706] = 0
v[1707] = 0
v[1708] = 0
v[1709] = 0
v[1710] = 0
v[1711] = 0
v[1712] = 0
v[1713] = 0
v[1714] = 0
v[1715] = 0
v[1716] = 0
v[1717] = 0
v[1718] = 0
v[1719] = 0
v[1720] = 0
v[1721] = 0
v[1722] = 0
v[1723] = 0
v[1724] = 0
v[1725] = 0
v[1726] = 0
v[1727] = 0
v[1728] = 0
v[1729] = 0
v[1730] = 0
v[1731] = 0
v[1732] = 0
v[1733] = 0
v[1734] = 0
v[1735] = 0
v[1736] = 0
v[1737] = 0
v[1738] = 0
v[1739] = 0
v[1740] = 0
v[1741] = 0
v[1742] = 0
v[1743] = 0
v[1744] = 0
v[1745] = 0
v[1746] = 0
v[1747] = 0
v[1748] = 0
v[1749] = 0
v[1750] = 0
v[1751] = 0
v[1752] = 0
v[1753] = 0
v[1754] = 0
v[1755] = 0
v[1756] = 0
v[1757] = 0
v[1758] = 0
v[1759] = 0
v[1760] = 0
v[1761] = 0
v[1762] = 0
v[1763] = 0
v[1764] = 0
v[1765] = 0
v[1766] = 0
v[1767] = 0
v[1768] = 0
v[1769] = 0
v[1770] = 0
v[1771] = 0
v[1772] = 0
v[1773] = 0
v[1774] = 0
v[1775] = 0
v[1776] = 0
v[1777] = 0
v[1778] = 0
v[1779] = 0
v[1780] = 0
v[1781] = 0
v[1782] = 0
v[1783] = 0
v[1784] = 0
v[1785] = 0
v[1786] = 0
v[1787] = 0
v[1788] = 0
v[1789] = 0
v[1790] = 0
v[1791] = 0
v[1792] = 0
v[1793] = 0
v[1794] = 0
v[1795] = 0
v[1796] = 0
v[1797] = 0
v[1798] = 0
v[1799] = 0
v[1800] = 0
v[1801] = 0
v[1802] = 0
v[1803] = 0
v[1804] = 0
v[1805] = 0
v[1806] = 0
v[1807] = 0
v[1808] = 0
v[1809] = 0
v[1810] = 0
v[1811] = 0
v[1812] = 0
v[1813] = 0
v[1814] = 0
v[1815] = 0
v[1816] = 0
v[1817] = 0
v[1818] = 0
v[1819] = 0
v[1820] = 0
v[1821] = 0
v[1822] = 0
v[1823] = 0
v[1824] = 0
v[1825] = 0
v[1826] = 0
v[1827] = 0
v[1828] = 0
v[1829] = 0
v[1830] = 0
v[1831] = 0
v[1832] = 0
v[1833] = 0
v[1834] = 0
v[1835] = 0
v[1836] = 0
v[1837] = 0
v[1838] = 0
v[1839] = 0
v[1840] = 0
v[1841] = 0
v[1842] = 0
v[1843] = 0
v[1844] = 0
v[1845] = 0
v[1846] = 0
v[1847] = 0
v[1848] = 0
v[1849] = 0
v[1850] = 0
v[1851] = 0
v[1852] = 0
v[1853] = 0
v[1854] = 0
v[1855] = 0
v[1856] = 0
v[1857] = 0
v[1858] = 0
v[1859] = 0
v[1860] = 0
v[1861] = 0
v[1862] = 0
v[1863] = 0
v[1864] = 0
v[1865] = 0
v[1866] = 0
v[1867] = 0
v[1868] = 0
v[1869] = 0
v[1870] = 0
v[1871] = 0
v[1872] = 0
v[1873] = 0
v[1874] = 0
v[1875] = 0
v[1876] = 0
v[1877] = 0
v[1878] = 0
v[1879] = 0
v[1880] = 0
v[1881] = 0
v[1882] = 0
v[1883] = 0
v[1884] = 0
v[1885] = 0
v[1886] = 0
v[1887] = 0
v[1888] = 0
v[1889] = 0
v[1890] = 0
v[1891] = 0
v[1892] = 0
v[1893] = 0
v[1894] = 0
v[1895] = 0
v[1896] = 0
v[1897] = 0
v[1898] = 0
v[1899] = 0
v[1900] = 0
v[1901] = 0
v[1902] = 0
v[1903] = 0
v[1904] = 0
v[1905] = 0
v[1906] = 0
v[1907] = 0
v[1908] = 0
v[1909] = 0
v[1910] = 0
v[1911] = 0
v[1912] = 0
v[1913] = 0
v[1914] = 0
v[1915] = 0
v[1916] = 0
v[1917] = 0
v[1918] = 0
v[1919] = 0
v[1920] = 0
v[1921] = 0
messed up a farkas cofficient
setting all farkas coefficients to 0
messed up a farkas cofficient
setting all farkas coefficients to 0
messed up a farkas cofficient
setting all farkas coefficients to 0
messed up a farkas cofficient
setting all farkas coefficients to 0
messed up a farkas cofficient
setting all farkas coefficients to 0
