*** WARNING (version #43016fc): /home/sek519/warm_starting/pdc/../vpc/src/cut/CglVPC.cpp:683: Nonbasic reduced cost should be >= 0 in the complemented nonbasic space. However, for nb var 9 (real var 18), it is -5.047655e-07. Small enough error that we only send warning.
*** WARNING (version #43016fc): /home/sek519/warm_starting/pdc/../vpc/src/cut/CglVPC.cpp:683: Nonbasic reduced cost should be >= 0 in the complemented nonbasic space. However, for nb var 13 (real var 24), it is -5.047655e-07. Small enough error that we only send warning.
*** WARNING (version #43016fc): /home/sek519/warm_starting/pdc/../vpc/src/cut/CglVPC.cpp:683: Nonbasic reduced cost should be >= 0 in the complemented nonbasic space. However, for nb var 17 (real var 31), it is -5.047655e-07. Small enough error that we only send warning.
*** WARNING (version #43016fc): /home/sek519/warm_starting/pdc/../vpc/src/cut/CglVPC.cpp:683: Nonbasic reduced cost should be >= 0 in the complemented nonbasic space. However, for nb var 19 (real var 38), it is -5.047655e-07. Small enough error that we only send warning.
*** WARNING (version #43016fc): /home/sek519/warm_starting/pdc/../vpc/src/cut/CglVPC.cpp:683: Nonbasic reduced cost should be >= 0 in the complemented nonbasic space. However, for nb var 20 (real var 39), it is -5.047655e-07. Small enough error that we only send warning.
*** WARNING (version #43016fc): /home/sek519/warm_starting/pdc/../vpc/src/cut/CglVPC.cpp:683: Nonbasic reduced cost should be >= 0 in the complemented nonbasic space. However, for nb var 58 (real var 92), it is -3.785741e-07. Small enough error that we only send warning.
*** WARNING (version #43016fc): /home/sek519/warm_starting/pdc/../vpc/src/cut/CglVPC.cpp:683: Nonbasic reduced cost should be >= 0 in the complemented nonbasic space. However, for nb var 206 (real var 321), it is -5.047655e-07. Small enough error that we only send warning.
*** WARNING (version #43016fc): /home/sek519/warm_starting/pdc/../vpc/src/cut/CglVPC.cpp:683: Nonbasic reduced cost should be >= 0 in the complemented nonbasic space. However, for nb var 318 (real var 468), it is -2.523827e-07. Small enough error that we only send warning.
*** WARNING (version #43016fc): /home/sek519/warm_starting/pdc/../vpc/src/cut/CglVPC.cpp:683: Nonbasic reduced cost should be >= 0 in the complemented nonbasic space. However, for nb var 319 (real var 474), it is -2.523827e-07. Small enough error that we only send warning.
*** WARNING (version #43016fc): /home/sek519/warm_starting/pdc/../vpc/src/cut/CglVPC.cpp:683: Nonbasic reduced cost should be >= 0 in the complemented nonbasic space. However, for nb var 320 (real var 476), it is -2.523827e-07. Small enough error that we only send warning.
*** WARNING (version #43016fc): /home/sek519/warm_starting/pdc/../vpc/src/cut/CglVPC.cpp:683: Nonbasic reduced cost should be >= 0 in the complemented nonbasic space. However, for nb var 321 (real var 481), it is -2.523827e-07. Small enough error that we only send warning.
*** WARNING (version #43016fc): /home/sek519/warm_starting/pdc/../vpc/src/cut/CglVPC.cpp:683: Nonbasic reduced cost should be >= 0 in the complemented nonbasic space. However, for nb var 323 (real var 484), it is -2.523827e-07. Small enough error that we only send warning.
*** WARNING (version #43016fc): /home/sek519/warm_starting/pdc/../vpc/src/cut/CglVPC.cpp:683: Nonbasic reduced cost should be >= 0 in the complemented nonbasic space. However, for nb var 582 (real var 838), it is -1.261914e-07. Small enough error that we only send warning.
*** WARNING (version #43016fc): /home/sek519/warm_starting/pdc/../vpc/src/cut/CglVPC.cpp:683: Nonbasic reduced cost should be >= 0 in the complemented nonbasic space. However, for nb var 663 (real var 974), it is -3.785741e-07. Small enough error that we only send warning.
*** WARNING (version #43016fc): /home/sek519/warm_starting/pdc/../vpc/src/cut/CglVPC.cpp:683: Nonbasic reduced cost should be >= 0 in the complemented nonbasic space. However, for nb var 689 (real var 1011), it is -3.785741e-07. Small enough error that we only send warning.
*** WARNING (version #43016fc): /home/sek519/warm_starting/pdc/../vpc/src/cut/CglVPC.cpp:683: Nonbasic reduced cost should be >= 0 in the complemented nonbasic space. However, for nb var 695 (real var 1020), it is -1.261914e-07. Small enough error that we only send warning.
*** WARNING (version #43016fc): /home/sek519/warm_starting/pdc/../vpc/src/cut/CglVPC.cpp:683: Nonbasic reduced cost should be >= 0 in the complemented nonbasic space. However, for nb var 696 (real var 1022), it is -1.261914e-07. Small enough error that we only send warning.
*** WARNING (version #43016fc): /home/sek519/warm_starting/pdc/../vpc/src/cut/CglVPC.cpp:683: Nonbasic reduced cost should be >= 0 in the complemented nonbasic space. However, for nb var 709 (real var 1041), it is -1.261914e-07. Small enough error that we only send warning.
*** WARNING (version #43016fc): /home/sek519/warm_starting/pdc/../vpc/src/cut/CglVPC.cpp:683: Nonbasic reduced cost should be >= 0 in the complemented nonbasic space. However, for nb var 794 (real var 1153), it is -1.261914e-07. Small enough error that we only send warning.
*** WARNING (version #43016fc): /home/sek519/warm_starting/pdc/../vpc/src/cut/CglVPC.cpp:683: Nonbasic reduced cost should be >= 0 in the complemented nonbasic space. However, for nb var 853 (real var 1250), it is -5.047655e-07. Small enough error that we only send warning.
*** WARNING (version #43016fc): /home/sek519/warm_starting/pdc/../vpc/src/cut/CglVPC.cpp:683: Nonbasic reduced cost should be >= 0 in the complemented nonbasic space. However, for nb var 856 (real var 1261), it is -5.047655e-07. Small enough error that we only send warning.
*** WARNING (version #43016fc): /home/sek519/warm_starting/pdc/../vpc/src/cut/CglVPC.cpp:683: Nonbasic reduced cost should be >= 0 in the complemented nonbasic space. However, for nb var 857 (real var 1262), it is -5.047655e-07. Small enough error that we only send warning.
*** WARNING (version #43016fc): /home/sek519/warm_starting/pdc/../vpc/src/cut/CglVPC.cpp:683: Nonbasic reduced cost should be >= 0 in the complemented nonbasic space. However, for nb var 913 (real var 1345), it is -5.047655e-07. Small enough error that we only send warning.
*** WARNING (version #43016fc): /home/sek519/warm_starting/pdc/../vpc/src/cut/CglVPC.cpp:683: Nonbasic reduced cost should be >= 0 in the complemented nonbasic space. However, for nb var 916 (real var 1350), it is -5.047655e-07. Small enough error that we only send warning.
*** WARNING (version #43016fc): /home/sek519/warm_starting/pdc/../vpc/src/cut/CglVPC.cpp:683: Nonbasic reduced cost should be >= 0 in the complemented nonbasic space. However, for nb var 1161 (real var 1708), it is -2.523827e-07. Small enough error that we only send warning.
*** WARNING (version #43016fc): /home/sek519/warm_starting/pdc/../vpc/src/cut/CglVPC.cpp:683: Nonbasic reduced cost should be >= 0 in the complemented nonbasic space. However, for nb var 1172 (real var 1733), it is -5.047655e-07. Small enough error that we only send warning.
*** WARNING (version #43016fc): /home/sek519/warm_starting/pdc/../vpc/src/cut/CglVPC.cpp:683: Nonbasic reduced cost should be >= 0 in the complemented nonbasic space. However, for nb var 1174 (real var 1737), it is -5.047655e-07. Small enough error that we only send warning.
*** WARNING (version #43016fc): /home/sek519/warm_starting/pdc/../vpc/src/cut/CglVPC.cpp:683: Nonbasic reduced cost should be >= 0 in the complemented nonbasic space. However, for nb var 1795 (real var 2546), it is -3.785741e-07. Small enough error that we only send warning.
*** WARNING (version #43016fc): /home/sek519/warm_starting/pdc/../vpc/src/cut/CglVPC.cpp:683: Nonbasic reduced cost should be >= 0 in the complemented nonbasic space. However, for nb var 1802 (real var 2567), it is -5.047655e-07. Small enough error that we only send warning.
*** WARNING (version #43016fc): /home/sek519/warm_starting/pdc/../vpc/src/cut/CglVPC.cpp:683: Nonbasic reduced cost should be >= 0 in the complemented nonbasic space. However, for nb var 1831 (real var 2664), it is -5.047655e-07. Small enough error that we only send warning.
*** WARNING (version #43016fc): /home/sek519/warm_starting/pdc/../vpc/src/cut/CglVPC.cpp:683: Nonbasic reduced cost should be >= 0 in the complemented nonbasic space. However, for nb var 1847 (real var 2699), it is -5.047655e-07. Small enough error that we only send warning.
*** WARNING (version #43016fc): /home/sek519/warm_starting/pdc/../vpc/src/cut/CglVPC.cpp:683: Nonbasic reduced cost should be >= 0 in the complemented nonbasic space. However, for nb var 1850 (real var 2708), it is -5.047655e-07. Small enough error that we only send warning.
*** WARNING (version #43016fc): /home/sek519/warm_starting/pdc/../vpc/src/utility/nbspace.cpp:354: Ray 18: dot product with obj < 0. Obj viol from solver: -0.00000050. Calculated: -0.00000050.
*** WARNING (version #43016fc): /home/sek519/warm_starting/pdc/../vpc/src/cut/CglVPC.cpp:1280: Term 2 ray 9 does not satisfy the objective cut. Activity: -0.00000050. RHS: 0.00000000. Small enough violation that we only send a warning.
*** WARNING (version #43016fc): /home/sek519/warm_starting/pdc/../vpc/src/utility/nbspace.cpp:354: Ray 24: dot product with obj < 0. Obj viol from solver: -0.00000050. Calculated: -0.00000050.
*** WARNING (version #43016fc): /home/sek519/warm_starting/pdc/../vpc/src/cut/CglVPC.cpp:1280: Term 2 ray 13 does not satisfy the objective cut. Activity: -0.00000050. RHS: 0.00000000. Small enough violation that we only send a warning.
*** WARNING (version #43016fc): /home/sek519/warm_starting/pdc/../vpc/src/utility/nbspace.cpp:354: Ray 31: dot product with obj < 0. Obj viol from solver: -0.00000050. Calculated: -0.00000050.
*** WARNING (version #43016fc): /home/sek519/warm_starting/pdc/../vpc/src/cut/CglVPC.cpp:1280: Term 2 ray 17 does not satisfy the objective cut. Activity: -0.00000050. RHS: 0.00000000. Small enough violation that we only send a warning.
*** WARNING (version #43016fc): /home/sek519/warm_starting/pdc/../vpc/src/utility/nbspace.cpp:354: Ray 38: dot product with obj < 0. Obj viol from solver: -0.00000050. Calculated: -0.00000050.
*** WARNING (version #43016fc): /home/sek519/warm_starting/pdc/../vpc/src/cut/CglVPC.cpp:1280: Term 2 ray 19 does not satisfy the objective cut. Activity: -0.00000050. RHS: 0.00000000. Small enough violation that we only send a warning.
*** WARNING (version #43016fc): /home/sek519/warm_starting/pdc/../vpc/src/utility/nbspace.cpp:354: Ray 39: dot product with obj < 0. Obj viol from solver: -0.00000050. Calculated: -0.00000050.
*** WARNING (version #43016fc): /home/sek519/warm_starting/pdc/../vpc/src/cut/CglVPC.cpp:1280: Term 2 ray 20 does not satisfy the objective cut. Activity: -0.00000050. RHS: 0.00000000. Small enough violation that we only send a warning.
*** WARNING (version #43016fc): /home/sek519/warm_starting/pdc/../vpc/src/utility/nbspace.cpp:354: Ray 92: dot product with obj < 0. Obj viol from solver: -0.00000038. Calculated: -0.00000038.
*** WARNING (version #43016fc): /home/sek519/warm_starting/pdc/../vpc/src/cut/CglVPC.cpp:1280: Term 2 ray 58 does not satisfy the objective cut. Activity: -0.00000038. RHS: 0.00000000. Small enough violation that we only send a warning.
*** WARNING (version #43016fc): /home/sek519/warm_starting/pdc/../vpc/src/utility/nbspace.cpp:354: Ray 321: dot product with obj < 0. Obj viol from solver: -0.00000050. Calculated: -0.00000050.
*** WARNING (version #43016fc): /home/sek519/warm_starting/pdc/../vpc/src/cut/CglVPC.cpp:1280: Term 2 ray 206 does not satisfy the objective cut. Activity: -0.00000050. RHS: 0.00000000. Small enough violation that we only send a warning.
*** WARNING (version #43016fc): /home/sek519/warm_starting/pdc/../vpc/src/utility/nbspace.cpp:354: Ray 468: dot product with obj < 0. Obj viol from solver: -0.00000025. Calculated: -0.00000025.
*** WARNING (version #43016fc): /home/sek519/warm_starting/pdc/../vpc/src/cut/CglVPC.cpp:1280: Term 2 ray 318 does not satisfy the objective cut. Activity: -0.00000025. RHS: 0.00000000. Small enough violation that we only send a warning.
*** WARNING (version #43016fc): /home/sek519/warm_starting/pdc/../vpc/src/utility/nbspace.cpp:354: Ray 474: dot product with obj < 0. Obj viol from solver: -0.00000025. Calculated: -0.00000025.
*** WARNING (version #43016fc): /home/sek519/warm_starting/pdc/../vpc/src/cut/CglVPC.cpp:1280: Term 2 ray 319 does not satisfy the objective cut. Activity: -0.00000025. RHS: 0.00000000. Small enough violation that we only send a warning.
*** WARNING (version #43016fc): /home/sek519/warm_starting/pdc/../vpc/src/utility/nbspace.cpp:354: Ray 476: dot product with obj < 0. Obj viol from solver: -0.00000025. Calculated: -0.00000025.
*** WARNING (version #43016fc): /home/sek519/warm_starting/pdc/../vpc/src/cut/CglVPC.cpp:1280: Term 2 ray 320 does not satisfy the objective cut. Activity: -0.00000025. RHS: 0.00000000. Small enough violation that we only send a warning.
*** WARNING (version #43016fc): /home/sek519/warm_starting/pdc/../vpc/src/utility/nbspace.cpp:354: Ray 481: dot product with obj < 0. Obj viol from solver: -0.00000025. Calculated: -0.00000025.
*** WARNING (version #43016fc): /home/sek519/warm_starting/pdc/../vpc/src/cut/CglVPC.cpp:1280: Term 2 ray 321 does not satisfy the objective cut. Activity: -0.00000025. RHS: 0.00000000. Small enough violation that we only send a warning.
*** WARNING (version #43016fc): /home/sek519/warm_starting/pdc/../vpc/src/utility/nbspace.cpp:354: Ray 484: dot product with obj < 0. Obj viol from solver: -0.00000025. Calculated: -0.00000025.
*** WARNING (version #43016fc): /home/sek519/warm_starting/pdc/../vpc/src/cut/CglVPC.cpp:1280: Term 2 ray 323 does not satisfy the objective cut. Activity: -0.00000025. RHS: 0.00000000. Small enough violation that we only send a warning.
*** WARNING (version #43016fc): /home/sek519/warm_starting/pdc/../vpc/src/utility/nbspace.cpp:354: Ray 838: dot product with obj < 0. Obj viol from solver: -0.00000013. Calculated: -0.00000013.
*** WARNING (version #43016fc): /home/sek519/warm_starting/pdc/../vpc/src/cut/CglVPC.cpp:1280: Term 2 ray 582 does not satisfy the objective cut. Activity: -0.00000013. RHS: 0.00000000. Small enough violation that we only send a warning.
*** WARNING (version #43016fc): /home/sek519/warm_starting/pdc/../vpc/src/utility/nbspace.cpp:354: Ray 974: dot product with obj < 0. Obj viol from solver: -0.00000038. Calculated: -0.00000038.
*** WARNING (version #43016fc): /home/sek519/warm_starting/pdc/../vpc/src/cut/CglVPC.cpp:1280: Term 2 ray 663 does not satisfy the objective cut. Activity: -0.00000038. RHS: 0.00000000. Small enough violation that we only send a warning.
*** WARNING (version #43016fc): /home/sek519/warm_starting/pdc/../vpc/src/utility/nbspace.cpp:354: Ray 1011: dot product with obj < 0. Obj viol from solver: -0.00000038. Calculated: -0.00000038.
*** WARNING (version #43016fc): /home/sek519/warm_starting/pdc/../vpc/src/cut/CglVPC.cpp:1280: Term 2 ray 689 does not satisfy the objective cut. Activity: -0.00000038. RHS: 0.00000000. Small enough violation that we only send a warning.
*** WARNING (version #43016fc): /home/sek519/warm_starting/pdc/../vpc/src/utility/nbspace.cpp:354: Ray 1020: dot product with obj < 0. Obj viol from solver: -0.00000013. Calculated: -0.00000013.
*** WARNING (version #43016fc): /home/sek519/warm_starting/pdc/../vpc/src/cut/CglVPC.cpp:1280: Term 2 ray 695 does not satisfy the objective cut. Activity: -0.00000013. RHS: 0.00000000. Small enough violation that we only send a warning.
*** WARNING (version #43016fc): /home/sek519/warm_starting/pdc/../vpc/src/utility/nbspace.cpp:354: Ray 1022: dot product with obj < 0. Obj viol from solver: -0.00000013. Calculated: -0.00000013.
*** WARNING (version #43016fc): /home/sek519/warm_starting/pdc/../vpc/src/cut/CglVPC.cpp:1280: Term 2 ray 696 does not satisfy the objective cut. Activity: -0.00000013. RHS: 0.00000000. Small enough violation that we only send a warning.
*** WARNING (version #43016fc): /home/sek519/warm_starting/pdc/../vpc/src/utility/nbspace.cpp:354: Ray 1041: dot product with obj < 0. Obj viol from solver: -0.00000013. Calculated: -0.00000013.
*** WARNING (version #43016fc): /home/sek519/warm_starting/pdc/../vpc/src/cut/CglVPC.cpp:1280: Term 2 ray 709 does not satisfy the objective cut. Activity: -0.00000013. RHS: 0.00000000. Small enough violation that we only send a warning.
*** WARNING (version #43016fc): /home/sek519/warm_starting/pdc/../vpc/src/utility/nbspace.cpp:354: Ray 1153: dot product with obj < 0. Obj viol from solver: -0.00000013. Calculated: -0.00000013.
*** WARNING (version #43016fc): /home/sek519/warm_starting/pdc/../vpc/src/cut/CglVPC.cpp:1280: Term 2 ray 794 does not satisfy the objective cut. Activity: -0.00000013. RHS: 0.00000000. Small enough violation that we only send a warning.
*** WARNING (version #43016fc): /home/sek519/warm_starting/pdc/../vpc/src/utility/nbspace.cpp:354: Ray 1250: dot product with obj < 0. Obj viol from solver: -0.00000050. Calculated: -0.00000050.
*** WARNING (version #43016fc): /home/sek519/warm_starting/pdc/../vpc/src/cut/CglVPC.cpp:1280: Term 2 ray 853 does not satisfy the objective cut. Activity: -0.00000050. RHS: 0.00000000. Small enough violation that we only send a warning.
*** WARNING (version #43016fc): /home/sek519/warm_starting/pdc/../vpc/src/utility/nbspace.cpp:354: Ray 1261: dot product with obj < 0. Obj viol from solver: -0.00000050. Calculated: -0.00000050.
*** WARNING (version #43016fc): /home/sek519/warm_starting/pdc/../vpc/src/cut/CglVPC.cpp:1280: Term 2 ray 856 does not satisfy the objective cut. Activity: -0.00000050. RHS: 0.00000000. Small enough violation that we only send a warning.
*** WARNING (version #43016fc): /home/sek519/warm_starting/pdc/../vpc/src/utility/nbspace.cpp:354: Ray 1262: dot product with obj < 0. Obj viol from solver: -0.00000050. Calculated: -0.00000050.
*** WARNING (version #43016fc): /home/sek519/warm_starting/pdc/../vpc/src/cut/CglVPC.cpp:1280: Term 2 ray 857 does not satisfy the objective cut. Activity: -0.00000050. RHS: 0.00000000. Small enough violation that we only send a warning.
*** WARNING (version #43016fc): /home/sek519/warm_starting/pdc/../vpc/src/utility/nbspace.cpp:354: Ray 1345: dot product with obj < 0. Obj viol from solver: -0.00000050. Calculated: -0.00000050.
*** WARNING (version #43016fc): /home/sek519/warm_starting/pdc/../vpc/src/cut/CglVPC.cpp:1280: Term 2 ray 913 does not satisfy the objective cut. Activity: -0.00000050. RHS: 0.00000000. Small enough violation that we only send a warning.
*** WARNING (version #43016fc): /home/sek519/warm_starting/pdc/../vpc/src/utility/nbspace.cpp:354: Ray 1350: dot product with obj < 0. Obj viol from solver: -0.00000050. Calculated: -0.00000050.
*** WARNING (version #43016fc): /home/sek519/warm_starting/pdc/../vpc/src/cut/CglVPC.cpp:1280: Term 2 ray 916 does not satisfy the objective cut. Activity: -0.00000050. RHS: 0.00000000. Small enough violation that we only send a warning.
*** WARNING (version #43016fc): /home/sek519/warm_starting/pdc/../vpc/src/utility/nbspace.cpp:354: Ray 1708: dot product with obj < 0. Obj viol from solver: -0.00000025. Calculated: -0.00000025.
*** WARNING (version #43016fc): /home/sek519/warm_starting/pdc/../vpc/src/cut/CglVPC.cpp:1280: Term 2 ray 1161 does not satisfy the objective cut. Activity: -0.00000025. RHS: 0.00000000. Small enough violation that we only send a warning.
*** WARNING (version #43016fc): /home/sek519/warm_starting/pdc/../vpc/src/utility/nbspace.cpp:354: Ray 1733: dot product with obj < 0. Obj viol from solver: -0.00000050. Calculated: -0.00000050.
*** WARNING (version #43016fc): /home/sek519/warm_starting/pdc/../vpc/src/cut/CglVPC.cpp:1280: Term 2 ray 1172 does not satisfy the objective cut. Activity: -0.00000050. RHS: 0.00000000. Small enough violation that we only send a warning.
*** WARNING (version #43016fc): /home/sek519/warm_starting/pdc/../vpc/src/utility/nbspace.cpp:354: Ray 1737: dot product with obj < 0. Obj viol from solver: -0.00000050. Calculated: -0.00000050.
*** WARNING (version #43016fc): /home/sek519/warm_starting/pdc/../vpc/src/cut/CglVPC.cpp:1280: Term 2 ray 1174 does not satisfy the objective cut. Activity: -0.00000050. RHS: 0.00000000. Small enough violation that we only send a warning.
*** WARNING (version #43016fc): /home/sek519/warm_starting/pdc/../vpc/src/utility/nbspace.cpp:354: Ray 2546: dot product with obj < 0. Obj viol from solver: -0.00000038. Calculated: -0.00000038.
*** WARNING (version #43016fc): /home/sek519/warm_starting/pdc/../vpc/src/cut/CglVPC.cpp:1280: Term 2 ray 1795 does not satisfy the objective cut. Activity: -0.00000038. RHS: 0.00000000. Small enough violation that we only send a warning.
*** WARNING (version #43016fc): /home/sek519/warm_starting/pdc/../vpc/src/utility/nbspace.cpp:354: Ray 2567: dot product with obj < 0. Obj viol from solver: -0.00000050. Calculated: -0.00000050.
*** WARNING (version #43016fc): /home/sek519/warm_starting/pdc/../vpc/src/cut/CglVPC.cpp:1280: Term 2 ray 1802 does not satisfy the objective cut. Activity: -0.00000050. RHS: 0.00000000. Small enough violation that we only send a warning.
*** WARNING (version #43016fc): /home/sek519/warm_starting/pdc/../vpc/src/utility/nbspace.cpp:354: Ray 2664: dot product with obj < 0. Obj viol from solver: -0.00000050. Calculated: -0.00000050.
*** WARNING (version #43016fc): /home/sek519/warm_starting/pdc/../vpc/src/cut/CglVPC.cpp:1280: Term 2 ray 1831 does not satisfy the objective cut. Activity: -0.00000050. RHS: 0.00000000. Small enough violation that we only send a warning.
*** WARNING (version #43016fc): /home/sek519/warm_starting/pdc/../vpc/src/utility/nbspace.cpp:354: Ray 2699: dot product with obj < 0. Obj viol from solver: -0.00000050. Calculated: -0.00000050.
*** WARNING (version #43016fc): /home/sek519/warm_starting/pdc/../vpc/src/cut/CglVPC.cpp:1280: Term 2 ray 1847 does not satisfy the objective cut. Activity: -0.00000050. RHS: 0.00000000. Small enough violation that we only send a warning.
*** WARNING (version #43016fc): /home/sek519/warm_starting/pdc/../vpc/src/utility/nbspace.cpp:354: Ray 2708: dot product with obj < 0. Obj viol from solver: -0.00000050. Calculated: -0.00000050.
*** WARNING (version #43016fc): /home/sek519/warm_starting/pdc/../vpc/src/cut/CglVPC.cpp:1280: Term 2 ray 1850 does not satisfy the objective cut. Activity: -0.00000050. RHS: 0.00000000. Small enough violation that we only send a warning.
messed up a farkas cofficient
setting all farkas coefficients to 0
messed up a farkas cofficient
setting all farkas coefficients to 0
provided solution objective value does not match computed objective value
Assertion failed
No vpcs were made from a new disjunction in first iteration. Stopping series.
